Archive member included because of file (symbol)

/opt/microchip/xc32/v2.05/bin/bin/../../lib/gcc/pic32mx/4.8.3/../../../../pic32mx/lib/libmchp_peripheral.a(read_core_timer_lib.o)
                              build/default/debug/OledDriver.o (ReadCoreTimer)
/opt/microchip/xc32/v2.05/bin/bin/../../lib/gcc/pic32mx/4.8.3/../../../../pic32mx/lib/libmchp_peripheral_32MX340F512H.a(pcache.o)
                              build/default/debug/BOARD.o (CheKseg0CacheOn)
/opt/microchip/xc32/v2.05/bin/bin/../../lib/gcc/pic32mx/4.8.3/../../../../pic32mx/lib/libmchp_peripheral_32MX340F512H.a(osc_config_lib.o)
                              build/default/debug/BOARD.o (OSCConfig)
/opt/microchip/xc32/v2.05/bin/bin/../../lib/gcc/pic32mx/4.8.3/../../../../pic32mx/lib/libmchp_peripheral_32MX340F512H.a(int_disable_interrupts_lib.o)
                              build/default/debug/BOARD.o (INTDisableInterrupts)
/opt/microchip/xc32/v2.05/bin/bin/../../lib/gcc/pic32mx/4.8.3/../../../../pic32mx/lib/libmchp_peripheral_32MX340F512H.a(int_restore_interrupts_lib.o)
                              build/default/debug/BOARD.o (INTRestoreInterrupts)
/opt/microchip/xc32/v2.05/bin/bin/../../lib/gcc/pic32mx/4.8.3/../../../../pic32mx/lib/libmchp_peripheral_32MX340F512H.a(spi_chn_open_lib.o)
                              build/default/debug/OledDriver.o (SpiChnOpen)
/opt/microchip/xc32/v2.05/bin/bin/../../lib/gcc/pic32mx/4.8.3/../../../../pic32mx/lib/libmchp_peripheral_32MX340F512H.a(spi_io_tbl_libp.o)
                              /opt/microchip/xc32/v2.05/bin/bin/../../lib/gcc/pic32mx/4.8.3/../../../../pic32mx/lib/libmchp_peripheral_32MX340F512H.a(spi_chn_open_lib.o) (_SpiIoTbl)
/opt/microchip/xc32/v2.05/bin/bin/../../lib/gcc/pic32mx/4.8.3/../../../../pic32mx/lib/libmchp_peripheral_32MX340F512H.a(spi_map_tbl_libp.o)
                              /opt/microchip/xc32/v2.05/bin/bin/../../lib/gcc/pic32mx/4.8.3/../../../../pic32mx/lib/libmchp_peripheral_32MX340F512H.a(spi_chn_open_lib.o) (_SpiMapTbl)
/opt/microchip/xc32/v2.05/bin/bin/../../lib/gcc/pic32mx/4.8.3/../../../../pic32mx/lib/libmchp_peripheral_32MX340F512H.a(port_set_pins_digital_in_lib.o)
                              /opt/microchip/xc32/v2.05/bin/bin/../../lib/gcc/pic32mx/4.8.3/../../../../pic32mx/lib/libmchp_peripheral_32MX340F512H.a(spi_chn_open_lib.o) (PORTSetPinsDigitalIn)
/opt/microchip/xc32/v2.05/bin/bin/../../lib/gcc/pic32mx/4.8.3/../../../../pic32mx/lib/libmchp_peripheral_32MX340F512H.a(port_set_pins_digital_out_lib.o)
                              build/default/debug/OledDriver.o (PORTSetPinsDigitalOut)
/opt/microchip/xc32/v2.05/bin/bin/../../lib/gcc/pic32mx/4.8.3/../../../../pic32mx/lib/libmchp_peripheral_32MX340F512H.a(port_clear_bits_lib.o)
                              build/default/debug/OledDriver.o (PORTClearBits)
/opt/microchip/xc32/v2.05/bin/bin/../../lib/gcc/pic32mx/4.8.3/../../../../pic32mx/lib/libmchp_peripheral_32MX340F512H.a(port_set_bits_lib.o)
                              build/default/debug/OledDriver.o (PORTSetBits)
/opt/microchip/xc32/v2.05/bin/bin/../../lib/gcc/pic32mx/4.8.3/../../../../pic32mx/lib/libmchp_peripheral_32MX340F512H.a(_ports_tbl_libp.o)
                              /opt/microchip/xc32/v2.05/bin/bin/../../lib/gcc/pic32mx/4.8.3/../../../../pic32mx/lib/libmchp_peripheral_32MX340F512H.a(port_set_pins_digital_in_lib.o) (PortRegTbl)
/opt/microchip/xc32/v2.05/bin/bin/../../lib/gcc/pic32mx/4.8.3/../../../../pic32mx/lib/libmchp_peripheral_32MX340F512H.a(int_tbl_lib.o)
                              /opt/microchip/xc32/v2.05/bin/bin/../../lib/gcc/pic32mx/4.8.3/../../../../pic32mx/lib/libmchp_peripheral_32MX340F512H.a(spi_chn_open_lib.o) (INTClearFlag)
/opt/microchip/xc32/v2.05/bin/bin/../../lib/gcc/pic32mx/4.8.3/../../../../pic32mx/lib/libpic32.a(default-bootstrap-exception-handler.o)
                              /opt/microchip/xc32/v2.05/bin/bin/../../lib/gcc/pic32mx/4.8.3/../../../../pic32mx/lib/./proc/32MX340F512H/crt0_mips32r2.o (_bootstrap_exception_handler)
/opt/microchip/xc32/v2.05/bin/bin/../../lib/gcc/pic32mx/4.8.3/../../../../pic32mx/lib/libpic32.a(default-on-reset.o)
                              /opt/microchip/xc32/v2.05/bin/bin/../../lib/gcc/pic32mx/4.8.3/../../../../pic32mx/lib/./proc/32MX340F512H/crt0_mips32r2.o (_on_reset)
/opt/microchip/xc32/v2.05/bin/bin/../../lib/gcc/pic32mx/4.8.3/../../../../pic32mx/lib/libpic32.a(default-on-bootstrap.o)
                              /opt/microchip/xc32/v2.05/bin/bin/../../lib/gcc/pic32mx/4.8.3/../../../../pic32mx/lib/./proc/32MX340F512H/crt0_mips32r2.o (_on_bootstrap)
/opt/microchip/xc32/v2.05/bin/bin/../../lib/gcc/pic32mx/4.8.3/../../../../pic32mx/lib/libpic32.a(default-nmi-handler.o)
                              /opt/microchip/xc32/v2.05/bin/bin/../../lib/gcc/pic32mx/4.8.3/../../../../pic32mx/lib/./proc/32MX340F512H/crt0_mips32r2.o (_nmi_handler)
/opt/microchip/xc32/v2.05/bin/bin/../../lib/gcc/pic32mx/4.8.3/../../../../pic32mx/lib/libpic32.a(xc32_uart.o)
[...]
Memory Configuration

Name             Origin             Length             Attributes
kseg0_program_mem 0x9d000000         0x00080000         xr
kseg0_boot_mem   0x9fc00490         0x00000970
exception_mem    0x9fc01000         0x00001000
kseg1_boot_mem   0xbfc00000         0x00000490
debug_exec_mem   0xbfc02000         0x00000ff0
config3          0xbfc02ff0         0x00000004
config2          0xbfc02ff4         0x00000004
config1          0xbfc02ff8         0x00000004
config0          0xbfc02ffc         0x00000004
kseg1_data_mem   0xa0000000         0x00008000         w !x
sfrs             0xbf800000         0x00100000
configsfrs       0xbfc02ff0         0x00000010
*default*        0x00000000         0xffffffff

Linker script and memory map

LOAD /opt/microchip/xc32/v2.05/bin/bin/../../lib/gcc/pic32mx/4.8.3/../../../../pic32mx/lib/./proc/32MX340F512H/crt0_mips32r2.o
LOAD /opt/microchip/xc32/v2.05/bin/bin/../../lib/gcc/pic32mx/4.8.3/../../../../pic32mx/lib/software-debug-break.o
                0x00000001                _DEBUGGER = 0x1
LOAD build/default/debug/BOARD.o
LOAD build/default/debug/Oled.o
LOAD build/default/debug/OledDriver.o
LOAD build/default/debug/demuno.o
LOAD build/default/debug/Ascii.o
                0x00000001                __MPLAB_BUILD = 0x1
                0x00000001                __MPLAB_DEBUG = 0x1
                0x00000001                __DEBUG = 0x1
                0x00000001                Simulator = 0x1
LOAD /opt/microchip/xc32/v2.05/bin/bin/../../lib/gcc/pic32mx/4.8.3/../../../../pic32mx/lib/./proc/32MX340F512H/default_isr_vectors.o
LOAD /opt/microchip/xc32/v2.05/bin/bin/../../lib/gcc/pic32mx/4.8.3/../../../../pic32mx/lib/pic32_software_reset.o
                0x00000400                PROVIDE (_min_stack_size, 0x400)
LOAD /opt/microchip/xc32/v2.05/bin/bin/../../lib/gcc/pic32mx/4.8.3/../../../../pic32mx/lib/./proc/32MX340F512H/processor.o
START GROUP
LOAD /opt/microchip/xc32/v2.05/bin/bin/../../lib/gcc/pic32mx/4.8.3/../../../../pic32mx/lib/libmchp_peripheral.a
END GROUP
START GROUP
LOAD /opt/microchip/xc32/v2.05/bin/bin/../../lib/gcc/pic32mx/4.8.3/../../../../pic32mx/lib/libmchp_peripheral_32MX340F512H.a
END GROUP
                0x00000001                PROVIDE (_vector_spacing, 0x1)
                0x9fc01000                PROVIDE (_ebase_address, 0x9fc01000)
                0xbfc00000                _RESET_ADDR = 0xbfc00000
                0xbfc00380                _BEV_EXCPT_ADDR = 0xbfc00380
                0xbfc00480                _DBG_EXCPT_ADDR = 0xbfc00480
                0xbfc02000                _DBG_CODE_ADDR = 0xbfc02000
                0x00000ff0                _DBG_CODE_SIZE = 0xff0
                0x9fc01180                _GEN_EXCPT_ADDR = (_ebase_address + 0x180)

.config_BFC02FF0
 *(.config_BFC02FF0)

.config_BFC02FF4
                0xbfc02ff4        0x4
 *(.config_BFC02FF4)
 .config_BFC02FF4
                0xbfc02ff4        0x4 build/default/debug/BOARD.o

.config_BFC02FF8
                0xbfc02ff8        0x4
 *(.config_BFC02FF8)
 .config_BFC02FF8
                0xbfc02ff8        0x4 build/default/debug/BOARD.o

.config_BFC02FFC
                0xbfc02ffc        0x4
 *(.config_BFC02FFC)
 .config_BFC02FFC
                0xbfc02ffc        0x4 build/default/debug/BOARD.o
                0xbfc02000                PROVIDE (_DBG_CODE_ADDR, 0xbfc02000)
                0x00000ff0                PROVIDE (_DBG_CODE_SIZE, 0xff0)

.reset          0xbfc00000      0x208
 *(.reset)
 .reset         0xbfc00000        0x8 /opt/microchip/xc32/v2.05/bin/bin/../../lib/gcc/pic32mx/4.8.3/../../../../pic32mx/lib/./proc/32MX340F512H/crt0_mips32r2.o
                0xbfc00000                _reset
 *(.reset.startup)
 .reset.startup
                0xbfc00008      0x200 /opt/microchip/xc32/v2.05/bin/bin/../../lib/gcc/pic32mx/4.8.3/../../../../pic32mx/lib/./proc/32MX340F512H/crt0_mips32r2.o
                0xbfc00008                _startup

.bev_excpt      0xbfc00380       0x10
 *(.bev_handler)
 .bev_handler   0xbfc00380       0x10 /opt/microchip/xc32/v2.05/bin/bin/../../lib/gcc/pic32mx/4.8.3/../../../../pic32mx/lib/./proc/32MX340F512H/crt0_mips32r2.o

.dbg_excpt      0xbfc00480        0x8
                0xbfc00480                . = (. + DEFINED (_DEBUGGER)?0x8:0x0)
 *fill*         0xbfc00480        0x8 

.dbg_code       0xbfc02000      0xff0
                0xbfc02000                . = (. + DEFINED (_DEBUGGER)?_DBG_CODE_SIZE:0x0)
 *fill*         0xbfc02000      0xff0 

.app_excpt      0x9fc01180       0x10
 *(.gen_handler)
 .gen_handler   0x9fc01180       0x10 /opt/microchip/xc32/v2.05/bin/bin/../../lib/gcc/pic32mx/4.8.3/../../../../pic32mx/lib/./proc/32MX340F512H/crt0_mips32r2.o

.vector_0       0x9fc01200        0x8
 *(.vector_0)
 .vector_0      0x9fc01200        0x8 /opt/microchip/xc32/v2.05/bin/bin/../../lib/gcc/pic32mx/4.8.3/../../../../pic32mx/lib/libpic32.a(vector0.o)
                0x9fc01200                __vector_dispatch_0
                0x00000001                ASSERT (((_vector_spacing == 0x0) || (SIZEOF (.vector_0) <= (_vector_spacing << 0x5))), function at exception vector 0 too large)

.vector_1       0x9fc01220        0x8
 *(.vector_1)
 .vector_1      0x9fc01220        0x8 /opt/microchip/xc32/v2.05/bin/bin/../../lib/gcc/pic32mx/4.8.3/../../../../pic32mx/lib/libpic32.a(vector1.o)
                0x9fc01220                __vector_dispatch_1
                0x00000001                ASSERT (((_vector_spacing == 0x0) || (SIZEOF (.vector_1) <= (_vector_spacing << 0x5))), function at exception vector 1 too large)

.vector_2       0x9fc01240        0x8
 *(.vector_2)
 .vector_2      0x9fc01240        0x8 /opt/microchip/xc32/v2.05/bin/bin/../../lib/gcc/pic32mx/4.8.3/../../../../pic32mx/lib/libpic32.a(vector2.o)
                0x9fc01240                __vector_dispatch_2
                0x00000001                ASSERT (((_vector_spacing == 0x0) || (SIZEOF (.vector_2) <= (_vector_spacing << 0x5))), function at exception vector 2 too large)

.vector_3       0x9fc01260        0x8
 *(.vector_3)
 .vector_3      0x9fc01260        0x8 /opt/microchip/xc32/v2.05/bin/bin/../../lib/gcc/pic32mx/4.8.3/../../../../pic32mx/lib/libpic32.a(vector3.o)
                0x9fc01260                __vector_dispatch_3
                0x00000001                ASSERT (((_vector_spacing == 0x0) || (SIZEOF (.vector_3) <= (_vector_spacing << 0x5))), function at exception vector 3 too large)

.vector_4       0x9fc01280        0x8
 *(.vector_4)
 .vector_4      0x9fc01280        0x8 /opt/microchip/xc32/v2.05/bin/bin/../../lib/gcc/pic32mx/4.8.3/../../../../pic32mx/lib/libpic32.a(vector4.o)
                0x9fc01280                __vector_dispatch_4
                0x00000001                ASSERT (((_vector_spacing == 0x0) || (SIZEOF (.vector_4) <= (_vector_spacing << 0x5))), function at exception vector 4 too large)

.vector_5       0x9fc012a0        0x8
 *(.vector_5)
 .vector_5      0x9fc012a0        0x8 /opt/microchip/xc32/v2.05/bin/bin/../../lib/gcc/pic32mx/4.8.3/../../../../pic32mx/lib/libpic32.a(vector5.o)
                0x9fc012a0                __vector_dispatch_5
                0x00000001                ASSERT (((_vector_spacing == 0x0) || (SIZEOF (.vector_5) <= (_vector_spacing << 0x5))), function at exception vector 5 too large)

.vector_6       0x9fc012c0        0x8
 *(.vector_6)
 .vector_6      0x9fc012c0        0x8 /opt/microchip/xc32/v2.05/bin/bin/../../lib/gcc/pic32mx/4.8.3/../../../../pic32mx/lib/libpic32.a(vector6.o)
                0x9fc012c0                __vector_dispatch_6
                0x00000001                ASSERT (((_vector_spacing == 0x0) || (SIZEOF (.vector_6) <= (_vector_spacing << 0x5))), function at exception vector 6 too large)

.vector_7       0x9fc012e0        0x8
 *(.vector_7)
 .vector_7      0x9fc012e0        0x8 /opt/microchip/xc32/v2.05/bin/bin/../../lib/gcc/pic32mx/4.8.3/../../../../pic32mx/lib/libpic32.a(vector7.o)
                0x9fc012e0                __vector_dispatch_7
                0x00000001                ASSERT (((_vector_spacing == 0x0) || (SIZEOF (.vector_7) <= (_vector_spacing << 0x5))), function at exception vector 7 too large)

.vector_8       0x9fc01300        0x8
 *(.vector_8)
 .vector_8      0x9fc01300        0x8 /opt/microchip/xc32/v2.05/bin/bin/../../lib/gcc/pic32mx/4.8.3/../../../../pic32mx/lib/libpic32.a(vector8.o)
                0x9fc01300                __vector_dispatch_8
                0x00000001                ASSERT (((_vector_spacing == 0x0) || (SIZEOF (.vector_8) <= (_vector_spacing << 0x5))), function at exception vector 8 too large)

.vector_9       0x9fc01320        0x8
 *(.vector_9)
 .vector_9      0x9fc01320        0x8 /opt/microchip/xc32/v2.05/bin/bin/../../lib/gcc/pic32mx/4.8.3/../../../../pic32mx/lib/libpic32.a(vector9.o)
                0x9fc01320                __vector_dispatch_9
                0x00000001                ASSERT (((_vector_spacing == 0x0) || (SIZEOF (.vector_9) <= (_vector_spacing << 0x5))), function at exception vector 9 too large)

.vector_10      0x9fc01340        0x8
 *(.vector_10)
 .vector_10     0x9fc01340        0x8 /opt/microchip/xc32/v2.05/bin/bin/../../lib/gcc/pic32mx/4.8.3/../../../../pic32mx/lib/libpic32.a(vector10.o)
                0x9fc01340                __vector_dispatch_10
                0x00000001                ASSERT (((_vector_spacing == 0x0) || (SIZEOF (.vector_10) <= (_vector_spacing << 0x5))), function at exception vector 10 too large)

.vector_11      0x9fc01360        0x8
 *(.vector_11)
 .vector_11     0x9fc01360        0x8 /opt/microchip/xc32/v2.05/bin/bin/../../lib/gcc/pic32mx/4.8.3/../../../../pic32mx/lib/libpic32.a(vector11.o)
                0x9fc01360                __vector_dispatch_11
                0x00000001                ASSERT (((_vector_spacing == 0x0) || (SIZEOF (.vector_11) <= (_vector_spacing << 0x5))), function at exception vector 11 too large)

.vector_12      0x9fc01380        0x8
 *(.vector_12)
 .vector_12     0x9fc01380        0x8 /opt/microchip/xc32/v2.05/bin/bin/../../lib/gcc/pic32mx/4.8.3/../../../../pic32mx/lib/libpic32.a(vector12.o)
                0x9fc01380                __vector_dispatch_12
                0x00000001                ASSERT (((_vector_spacing == 0x0) || (SIZEOF (.vector_12) <= (_vector_spacing << 0x5))), function at exception vector 12 too large)

.vector_13      0x9fc013a0        0x8
 *(.vector_13)
 .vector_13     0x9fc013a0        0x8 /opt/microchip/xc32/v2.05/bin/bin/../../lib/gcc/pic32mx/4.8.3/../../../../pic32mx/lib/libpic32.a(vector13.o)
                0x9fc013a0                __vector_dispatch_13
                0x00000001                ASSERT (((_vector_spacing == 0x0) || (SIZEOF (.vector_13) <= (_vector_spacing << 0x5))), function at exception vector 13 too large)

.vector_14      0x9fc013c0        0x8
 *(.vector_14)
 .vector_14     0x9fc013c0        0x8 /opt/microchip/xc32/v2.05/bin/bin/../../lib/gcc/pic32mx/4.8.3/../../../../pic32mx/lib/libpic32.a(vector14.o)
                0x9fc013c0                __vector_dispatch_14
                0x00000001                ASSERT (((_vector_spacing == 0x0) || (SIZEOF (.vector_14) <= (_vector_spacing << 0x5))), function at exception vector 14 too large)

.vector_15      0x9fc013e0        0x8
 *(.vector_15)
 .vector_15     0x9fc013e0        0x8 /opt/microchip/xc32/v2.05/bin/bin/../../lib/gcc/pic32mx/4.8.3/../../../../pic32mx/lib/libpic32.a(vector15.o)
                0x9fc013e0                __vector_dispatch_15
                0x00000001                ASSERT (((_vector_spacing == 0x0) || (SIZEOF (.vector_15) <= (_vector_spacing << 0x5))), function at exception vector 15 too large)

.vector_16      0x9fc01400        0x8
 *(.vector_16)
 .vector_16     0x9fc01400        0x8 /opt/microchip/xc32/v2.05/bin/bin/../../lib/gcc/pic32mx/4.8.3/../../../../pic32mx/lib/libpic32.a(vector16.o)
                0x9fc01400                __vector_dispatch_16
                0x00000001                ASSERT (((_vector_spacing == 0x0) || (SIZEOF (.vector_16) <= (_vector_spacing << 0x5))), function at exception vector 16 too large)

.vector_17      0x9fc01420        0x8
 *(.vector_17)
 .vector_17     0x9fc01420        0x8 /opt/microchip/xc32/v2.05/bin/bin/../../lib/gcc/pic32mx/4.8.3/../../../../pic32mx/lib/libpic32.a(vector17.o)
                0x9fc01420                __vector_dispatch_17
                0x00000001                ASSERT (((_vector_spacing == 0x0) || (SIZEOF (.vector_17) <= (_vector_spacing << 0x5))), function at exception vector 17 too large)

.vector_18      0x9fc01440        0x8
 *(.vector_18)
 .vector_18     0x9fc01440        0x8 /opt/microchip/xc32/v2.05/bin/bin/../../lib/gcc/pic32mx/4.8.3/../../../../pic32mx/lib/libpic32.a(vector18.o)
                0x9fc01440                __vector_dispatch_18
                0x00000001                ASSERT (((_vector_spacing == 0x0) || (SIZEOF (.vector_18) <= (_vector_spacing << 0x5))), function at exception vector 18 too large)

.vector_19      0x9fc01460        0x8
 *(.vector_19)
 .vector_19     0x9fc01460        0x8 /opt/microchip/xc32/v2.05/bin/bin/../../lib/gcc/pic32mx/4.8.3/../../../../pic32mx/lib/libpic32.a(vector19.o)
                0x9fc01460                __vector_dispatch_19
                0x00000001                ASSERT (((_vector_spacing == 0x0) || (SIZEOF (.vector_19) <= (_vector_spacing << 0x5))), function at exception vector 19 too large)

.vector_20      0x9fc01480        0x8
 *(.vector_20)
 .vector_20     0x9fc01480        0x8 /opt/microchip/xc32/v2.05/bin/bin/../../lib/gcc/pic32mx/4.8.3/../../../../pic32mx/lib/libpic32.a(vector20.o)
                0x9fc01480                __vector_dispatch_20
                0x00000001                ASSERT (((_vector_spacing == 0x0) || (SIZEOF (.vector_20) <= (_vector_spacing << 0x5))), function at exception vector 20 too large)

.vector_21      0x9fc014a0        0x8
 *(.vector_21)
 .vector_21     0x9fc014a0        0x8 /opt/microchip/xc32/v2.05/bin/bin/../../lib/gcc/pic32mx/4.8.3/../../../../pic32mx/lib/libpic32.a(vector21.o)
                0x9fc014a0                __vector_dispatch_21
                0x00000001                ASSERT (((_vector_spacing == 0x0) || (SIZEOF (.vector_21) <= (_vector_spacing << 0x5))), function at exception vector 21 too large)

.vector_22      0x9fc014c0        0x8
 *(.vector_22)
 .vector_22     0x9fc014c0        0x8 /opt/microchip/xc32/v2.05/bin/bin/../../lib/gcc/pic32mx/4.8.3/../../../../pic32mx/lib/libpic32.a(vector22.o)
                0x9fc014c0                __vector_dispatch_22
                0x00000001                ASSERT (((_vector_spacing == 0x0) || (SIZEOF (.vector_22) <= (_vector_spacing << 0x5))), function at exception vector 22 too large)

.vector_23      0x9fc014e0        0x8
 *(.vector_23)
 .vector_23     0x9fc014e0        0x8 /opt/microchip/xc32/v2.05/bin/bin/../../lib/gcc/pic32mx/4.8.3/../../../../pic32mx/lib/libpic32.a(vector23.o)
                0x9fc014e0                __vector_dispatch_23
                0x00000001                ASSERT (((_vector_spacing == 0x0) || (SIZEOF (.vector_23) <= (_vector_spacing << 0x5))), function at exception vector 23 too large)

.vector_24      0x9fc01500        0x8
 *(.vector_24)
 .vector_24     0x9fc01500        0x8 /opt/microchip/xc32/v2.05/bin/bin/../../lib/gcc/pic32mx/4.8.3/../../../../pic32mx/lib/libpic32.a(vector24.o)
                0x9fc01500                __vector_dispatch_24
                0x00000001                ASSERT (((_vector_spacing == 0x0) || (SIZEOF (.vector_24) <= (_vector_spacing << 0x5))), function at exception vector 24 too large)

.vector_25      0x9fc01520        0x8
 *(.vector_25)
 .vector_25     0x9fc01520        0x8 /opt/microchip/xc32/v2.05/bin/bin/../../lib/gcc/pic32mx/4.8.3/../../../../pic32mx/lib/libpic32.a(vector25.o)
                0x9fc01520                __vector_dispatch_25
                0x00000001                ASSERT (((_vector_spacing == 0x0) || (SIZEOF (.vector_25) <= (_vector_spacing << 0x5))), function at exception vector 25 too large)

.vector_26      0x9fc01540        0x8
 *(.vector_26)
 .vector_26     0x9fc01540        0x8 /opt/microchip/xc32/v2.05/bin/bin/../../lib/gcc/pic32mx/4.8.3/../../../../pic32mx/lib/libpic32.a(vector26.o)
                0x9fc01540                __vector_dispatch_26
                0x00000001                ASSERT (((_vector_spacing == 0x0) || (SIZEOF (.vector_26) <= (_vector_spacing << 0x5))), function at exception vector 26 too large)

.vector_27      0x9fc01560        0x8
 *(.vector_27)
 .vector_27     0x9fc01560        0x8 /opt/microchip/xc32/v2.05/bin/bin/../../lib/gcc/pic32mx/4.8.3/../../../../pic32mx/lib/libpic32.a(vector27.o)
                0x9fc01560                __vector_dispatch_27
                0x00000001                ASSERT (((_vector_spacing == 0x0) || (SIZEOF (.vector_27) <= (_vector_spacing << 0x5))), function at exception vector 27 too large)

.vector_28      0x9fc01580        0x8
 *(.vector_28)
 .vector_28     0x9fc01580        0x8 /opt/microchip/xc32/v2.05/bin/bin/../../lib/gcc/pic32mx/4.8.3/../../../../pic32mx/lib/libpic32.a(vector28.o)
                0x9fc01580                __vector_dispatch_28
                0x00000001                ASSERT (((_vector_spacing == 0x0) || (SIZEOF (.vector_28) <= (_vector_spacing << 0x5))), function at exception vector 28 too large)

.vector_29      0x9fc015a0        0x8
 *(.vector_29)
 .vector_29     0x9fc015a0        0x8 /opt/microchip/xc32/v2.05/bin/bin/../../lib/gcc/pic32mx/4.8.3/../../../../pic32mx/lib/libpic32.a(vector29.o)
                0x9fc015a0                __vector_dispatch_29
                0x00000001                ASSERT (((_vector_spacing == 0x0) || (SIZEOF (.vector_29) <= (_vector_spacing << 0x5))), function at exception vector 29 too large)

.vector_30      0x9fc015c0        0x8
 *(.vector_30)
 .vector_30     0x9fc015c0        0x8 /opt/microchip/xc32/v2.05/bin/bin/../../lib/gcc/pic32mx/4.8.3/../../../../pic32mx/lib/libpic32.a(vector30.o)
                0x9fc015c0                __vector_dispatch_30
                0x00000001                ASSERT (((_vector_spacing == 0x0) || (SIZEOF (.vector_30) <= (_vector_spacing << 0x5))), function at exception vector 30 too large)

.vector_31      0x9fc015e0        0x8
 *(.vector_31)
 .vector_31     0x9fc015e0        0x8 /opt/microchip/xc32/v2.05/bin/bin/../../lib/gcc/pic32mx/4.8.3/../../../../pic32mx/lib/libpic32.a(vector31.o)
                0x9fc015e0                __vector_dispatch_31
                0x00000001                ASSERT (((_vector_spacing == 0x0) || (SIZEOF (.vector_31) <= (_vector_spacing << 0x5))), function at exception vector 31 too large)

.vector_32      0x9fc01600        0x8
 *(.vector_32)
 .vector_32     0x9fc01600        0x8 /opt/microchip/xc32/v2.05/bin/bin/../../lib/gcc/pic32mx/4.8.3/../../../../pic32mx/lib/libpic32.a(vector32.o)
                0x9fc01600                __vector_dispatch_32
                0x00000001                ASSERT (((_vector_spacing == 0x0) || (SIZEOF (.vector_32) <= (_vector_spacing << 0x5))), function at exception vector 32 too large)

.vector_33      0x9fc01620        0x8
 *(.vector_33)
 .vector_33     0x9fc01620        0x8 /opt/microchip/xc32/v2.05/bin/bin/../../lib/gcc/pic32mx/4.8.3/../../../../pic32mx/lib/libpic32.a(vector33.o)
                0x9fc01620                __vector_dispatch_33
                0x00000001                ASSERT (((_vector_spacing == 0x0) || (SIZEOF (.vector_33) <= (_vector_spacing << 0x5))), function at exception vector 33 too large)

.vector_34      0x9fc01640        0x8
 *(.vector_34)
 .vector_34     0x9fc01640        0x8 /opt/microchip/xc32/v2.05/bin/bin/../../lib/gcc/pic32mx/4.8.3/../../../../pic32mx/lib/libpic32.a(vector34.o)
                0x9fc01640                __vector_dispatch_34
                0x00000001                ASSERT (((_vector_spacing == 0x0) || (SIZEOF (.vector_34) <= (_vector_spacing << 0x5))), function at exception vector 34 too large)

.vector_35      0x9fc01660        0x8
 *(.vector_35)
 .vector_35     0x9fc01660        0x8 /opt/microchip/xc32/v2.05/bin/bin/../../lib/gcc/pic32mx/4.8.3/../../../../pic32mx/lib/libpic32.a(vector35.o)
                0x9fc01660                __vector_dispatch_35
                0x00000001                ASSERT (((_vector_spacing == 0x0) || (SIZEOF (.vector_35) <= (_vector_spacing << 0x5))), function at exception vector 35 too large)

.vector_36      0x9fc01680        0x8
 *(.vector_36)
 .vector_36     0x9fc01680        0x8 /opt/microchip/xc32/v2.05/bin/bin/../../lib/gcc/pic32mx/4.8.3/../../../../pic32mx/lib/libpic32.a(vector36.o)
                0x9fc01680                __vector_dispatch_36
                0x00000001                ASSERT (((_vector_spacing == 0x0) || (SIZEOF (.vector_36) <= (_vector_spacing << 0x5))), function at exception vector 36 too large)

.vector_37      0x9fc016a0        0x8
 *(.vector_37)
 .vector_37     0x9fc016a0        0x8 /opt/microchip/xc32/v2.05/bin/bin/../../lib/gcc/pic32mx/4.8.3/../../../../pic32mx/lib/libpic32.a(vector37.o)
                0x9fc016a0                __vector_dispatch_37
                0x00000001                ASSERT (((_vector_spacing == 0x0) || (SIZEOF (.vector_37) <= (_vector_spacing << 0x5))), function at exception vector 37 too large)

.vector_38      0x9fc016c0        0x8
 *(.vector_38)
 .vector_38     0x9fc016c0        0x8 /opt/microchip/xc32/v2.05/bin/bin/../../lib/gcc/pic32mx/4.8.3/../../../../pic32mx/lib/libpic32.a(vector38.o)
                0x9fc016c0                __vector_dispatch_38
                0x00000001                ASSERT (((_vector_spacing == 0x0) || (SIZEOF (.vector_38) <= (_vector_spacing << 0x5))), function at exception vector 38 too large)

.vector_39      0x9fc016e0        0x8
 *(.vector_39)
 .vector_39     0x9fc016e0        0x8 /opt/microchip/xc32/v2.05/bin/bin/../../lib/gcc/pic32mx/4.8.3/../../../../pic32mx/lib/libpic32.a(vector39.o)
                0x9fc016e0                __vector_dispatch_39
                0x00000001                ASSERT (((_vector_spacing == 0x0) || (SIZEOF (.vector_39) <= (_vector_spacing << 0x5))), function at exception vector 39 too large)

.vector_40      0x9fc01700        0x8
 *(.vector_40)
 .vector_40     0x9fc01700        0x8 /opt/microchip/xc32/v2.05/bin/bin/../../lib/gcc/pic32mx/4.8.3/../../../../pic32mx/lib/libpic32.a(vector40.o)
                0x9fc01700                __vector_dispatch_40
                0x00000001                ASSERT (((_vector_spacing == 0x0) || (SIZEOF (.vector_40) <= (_vector_spacing << 0x5))), function at exception vector 40 too large)

.vector_41      0x9fc01720        0x8
 *(.vector_41)
 .vector_41     0x9fc01720        0x8 /opt/microchip/xc32/v2.05/bin/bin/../../lib/gcc/pic32mx/4.8.3/../../../../pic32mx/lib/libpic32.a(vector41.o)
                0x9fc01720                __vector_dispatch_41
                0x00000001                ASSERT (((_vector_spacing == 0x0) || (SIZEOF (.vector_41) <= (_vector_spacing << 0x5))), function at exception vector 41 too large)

.vector_42      0x9fc01740        0x8
 *(.vector_42)
 .vector_42     0x9fc01740        0x8 /opt/microchip/xc32/v2.05/bin/bin/../../lib/gcc/pic32mx/4.8.3/../../../../pic32mx/lib/libpic32.a(vector42.o)
                0x9fc01740                __vector_dispatch_42
                0x00000001                ASSERT (((_vector_spacing == 0x0) || (SIZEOF (.vector_42) <= (_vector_spacing << 0x5))), function at exception vector 42 too large)

.vector_43      0x9fc01760        0x8
 *(.vector_43)
 .vector_43     0x9fc01760        0x8 /opt/microchip/xc32/v2.05/bin/bin/../../lib/gcc/pic32mx/4.8.3/../../../../pic32mx/lib/libpic32.a(vector43.o)
                0x9fc01760                __vector_dispatch_43
                0x00000001                ASSERT (((_vector_spacing == 0x0) || (SIZEOF (.vector_43) <= (_vector_spacing << 0x5))), function at exception vector 43 too large)

.vector_44      0x9fc01780        0x8
 *(.vector_44)
 .vector_44     0x9fc01780        0x8 /opt/microchip/xc32/v2.05/bin/bin/../../lib/gcc/pic32mx/4.8.3/../../../../pic32mx/lib/libpic32.a(vector44.o)
                0x9fc01780                __vector_dispatch_44
                0x00000001                ASSERT (((_vector_spacing == 0x0) || (SIZEOF (.vector_44) <= (_vector_spacing << 0x5))), function at exception vector 44 too large)

.vector_45      0x9fc017a0        0x0
 *(.vector_45)
                0x00000001                ASSERT (((_vector_spacing == 0x0) || (SIZEOF (.vector_45) <= (_vector_spacing << 0x5))), function at exception vector 45 too large)

.vector_46      0x9fc017c0        0x0
 *(.vector_46)
                0x00000001                ASSERT (((_vector_spacing == 0x0) || (SIZEOF (.vector_46) <= (_vector_spacing << 0x5))), function at exception vector 46 too large)

.vector_47      0x9fc017e0        0x0
 *(.vector_47)
                0x00000001                ASSERT (((_vector_spacing == 0x0) || (SIZEOF (.vector_47) <= (_vector_spacing << 0x5))), function at exception vector 47 too large)

.vector_48      0x9fc01800        0x0
 *(.vector_48)
                0x00000001                ASSERT (((_vector_spacing == 0x0) || (SIZEOF (.vector_48) <= (_vector_spacing << 0x5))), function at exception vector 48 too large)

.vector_49      0x9fc01820        0x0
 *(.vector_49)
                0x00000001                ASSERT (((_vector_spacing == 0x0) || (SIZEOF (.vector_49) <= (_vector_spacing << 0x5))), function at exception vector 49 too large)

.vector_50      0x9fc01840        0x0
 *(.vector_50)
                0x00000001                ASSERT (((_vector_spacing == 0x0) || (SIZEOF (.vector_50) <= (_vector_spacing << 0x5))), function at exception vector 50 too large)

.vector_51      0x9fc01860        0x0
 *(.vector_51)
                0x00000001                ASSERT (((_vector_spacing == 0x0) || (SIZEOF (.vector_51) <= (_vector_spacing << 0x5))), function at exception vector 51 too large)

.vector_52      0x9fc01880        0x0
 *(.vector_52)
                0x00000001                ASSERT (((_vector_spacing == 0x0) || (SIZEOF (.vector_52) <= (_vector_spacing << 0x5))), function at exception vector 52 too large)

.vector_53      0x9fc018a0        0x0
 *(.vector_53)
                0x00000001                ASSERT (((_vector_spacing == 0x0) || (SIZEOF (.vector_53) <= (_vector_spacing << 0x5))), function at exception vector 53 too large)

.vector_54      0x9fc018c0        0x0
 *(.vector_54)
                0x00000001                ASSERT (((_vector_spacing == 0x0) || (SIZEOF (.vector_54) <= (_vector_spacing << 0x5))), function at exception vector 54 too large)

.vector_55      0x9fc018e0        0x0
 *(.vector_55)
                0x00000001                ASSERT (((_vector_spacing == 0x0) || (SIZEOF (.vector_55) <= (_vector_spacing << 0x5))), function at exception vector 55 too large)

.vector_56      0x9fc01900        0x0
 *(.vector_56)
                0x00000001                ASSERT (((_vector_spacing == 0x0) || (SIZEOF (.vector_56) <= (_vector_spacing << 0x5))), function at exception vector 56 too large)

.vector_57      0x9fc01920        0x0
 *(.vector_57)
                0x00000001                ASSERT (((_vector_spacing == 0x0) || (SIZEOF (.vector_57) <= (_vector_spacing << 0x5))), function at exception vector 57 too large)

.vector_58      0x9fc01940        0x0
 *(.vector_58)
                0x00000001                ASSERT (((_vector_spacing == 0x0) || (SIZEOF (.vector_58) <= (_vector_spacing << 0x5))), function at exception vector 58 too large)

.vector_59      0x9fc01960        0x0
 *(.vector_59)
                0x00000001                ASSERT (((_vector_spacing == 0x0) || (SIZEOF (.vector_59) <= (_vector_spacing << 0x5))), function at exception vector 59 too large)

.vector_60      0x9fc01980        0x0
 *(.vector_60)
                0x00000001                ASSERT (((_vector_spacing == 0x0) || (SIZEOF (.vector_60) <= (_vector_spacing << 0x5))), function at exception vector 60 too large)

.vector_61      0x9fc019a0        0x0
 *(.vector_61)
                0x00000001                ASSERT (((_vector_spacing == 0x0) || (SIZEOF (.vector_61) <= (_vector_spacing << 0x5))), function at exception vector 61 too large)

.vector_62      0x9fc019c0        0x0
 *(.vector_62)
                0x00000001                ASSERT (((_vector_spacing == 0x0) || (SIZEOF (.vector_62) <= (_vector_spacing << 0x5))), function at exception vector 62 too large)

.vector_63      0x9fc019e0        0x0
 *(.vector_63)
                0x00000001                ASSERT (((_vector_spacing == 0x0) || (SIZEOF (.vector_63) <= (_vector_spacing << 0x5))), function at exception vector 63 too large)

.startup
 *(.startup)

.text           0x9d000000        0x0
 *(.stub .gnu.linkonce.t.*)
 *(.text.*personality*)
 *(.mips16.fn.*)
 *(.mips16.call.*)
 *(.gnu.warning)
                0x9d000000                . = ALIGN (0x4)

.init           0x9d000000        0x0
 *crti.o(.init)
 *crtbegin.o(.init)
 *(EXCLUDE_FILE(*crtn.o *crtend?.o *crtend.o) .init)
 *crtend.o(.init)
 *crtn.o(.init)
                0x9d000000                . = ALIGN (0x4)

.fini           0x9d000000        0x0
 *(.fini)
                0x9d000000                . = ALIGN (0x4)

.preinit_array  0x9d000000        0x0
                0x9d000000                PROVIDE (__preinit_array_start, .)
 *(.preinit_array)
                0x9d000000                PROVIDE (__preinit_array_end, .)
                0x9d000000                . = ALIGN (0x4)

.init_array     0x9d000000        0x0
                0x9d000000                PROVIDE (__init_array_start, .)
 *(SORT(.init_array.*))
 *(.init_array)
                0x9d000000                PROVIDE (__init_array_end, .)
                0x9d000000                . = ALIGN (0x4)

.fini_array     0x9d000000        0x0
                0x9d000000                PROVIDE (__fini_array_start, .)
 *(SORT(.fini_array.*))
 *(.fini_array)
                0x9d000000                PROVIDE (__fini_array_end, .)
                0x9d000000                . = ALIGN (0x4)

.ctors          0x9d000000        0x0
 *crtbegin.o(.ctors)
 *crtbegin?.o(.ctors)
 *(EXCLUDE_FILE(*crtend?.o *crtend.o) .ctors)
 *(SORT(.ctors.*))
 *(.ctors)
                0x9d000000                . = ALIGN (0x4)

.dtors          0x9d000000        0x0
 *crtbegin.o(.dtors)
 *crtbegin?.o(.dtors)
 *(EXCLUDE_FILE(*crtend?.o *crtend.o) .dtors)
 *(SORT(.dtors.*))
 *(.dtors)
                0x9d000000                . = ALIGN (0x4)

.rodata         0x9d000000        0x0
 *(.gnu.linkonce.r.*)
 *(.rodata1)
                0x9d000000                . = ALIGN (0x4)

.sdata2         0x9fc00490        0x0
 *(.sdata2 .sdata2.* .gnu.linkonce.s2.*)
                0x9fc00490                . = ALIGN (0x4)

.sbss2          0x9fc00490        0x0
 *(.sbss2 .sbss2.* .gnu.linkonce.sb2.*)
                0x9fc00490                . = ALIGN (0x4)

.eh_frame_hdr
 *(.eh_frame_hdr)
                0x9fc00490                . = ALIGN (0x4)

.eh_frame
 *(.eh_frame)
                0x9fc00490                . = ALIGN (0x4)

.gcc_except_table
 *(.gcc_except_table .gcc_except_table.*)
                0x9fc00490                . = ALIGN (0x4)

.dbg_data       0xa0000000      0x200
                0xa0000000                . = (. + DEFINED (_DEBUGGER)?0x200:0x0)
 *fill*         0xa0000000      0x200 

.jcr            0xa0000200        0x0
 *(.jcr)
                0xa0000200                . = ALIGN (0x4)

.eh_frame
 *(.eh_frame)
                0xa0000200                . = ALIGN (0x4)

.gcc_except_table
 *(.gcc_except_table .gcc_except_table.*)
                0xa0000200                . = ALIGN (0x4)

.persist        0xa0000200        0x0
                0xa0000200                _persist_begin = .
 *(.persist .persist.*)
 *(.pbss .pbss.*)
                0xa0000200                . = ALIGN (0x4)
                0xa0000200                _persist_end = .

.data           0xa0000200        0x0
 *(.gnu.linkonce.d.*)
 *(.data1)
                0xa0000200                . = ALIGN (0x4)
                0xa0000200                . = .
                0xa00081f0                _gp = (ALIGN (0x10) + 0x7ff0)

.got            0xa0000200        0x0
 *(.got.plt)
 *(.got)
                0xa0000200                . = ALIGN (0x4)

.sdata          0xa0000200        0x8
                0xa0000200                _sdata_begin = .
 *(.sdata .sdata.* .gnu.linkonce.s.*)
 .sdata         0xa0000200        0x4 /opt/microchip/xc32/v2.05/bin/bin/../../lib/gcc/pic32mx/4.8.3/../../../../pic32mx/lib/libpic32.a(xc32_uart.o)
                0xa0000200                __XC_UART
 .sdata         0xa0000204        0x4 /opt/microchip/xc32/v2.05/bin/bin/../../lib/gcc/pic32mx/4.8.3/../../../../pic32mx/lib/liblega-c.a(_iobdata.o)
                0xa0000204                _libc_data
                0xa0000208                . = ALIGN (0x4)
                0xa0000208                _sdata_end = .

.lit8
 *(.lit8)

.lit4
 *(.lit4)
                0xa0000208                . = ALIGN (0x4)
                0xa0000208                _data_end = .
                0xa0000208                _bss_begin = .

.sbss           0xa0000208        0x4
                0xa0000208                _sbss_begin = .
 *(.dynsbss)
 *(.sbss .sbss.* .gnu.linkonce.sb.*)
 .sbss          0xa0000208        0x4 /opt/microchip/xc32/v2.05/bin/bin/../../lib/gcc/pic32mx/4.8.3/../../../../pic32mx/lib/liblega-c.a(errno.o)
                0xa0000208                errno
 *(.scommon)
                0xa000020c                _sbss_end = .
                0xa000020c                . = ALIGN (0x4)

.bss            0xa000020c      0x200
 *(.dynbss)
 *(COMMON)
 COMMON         0xa000020c      0x200 build/default/debug/OledDriver.o
                0xa000020c                rgbOledBmp
                0xa000040c                . = ALIGN ((. != 0x0)?0x4:0x1)
                0xa000040c                . = ALIGN (0x4)
                0xa000040c                _end = .
                0xa000040c                _bss_end = .
                0x00008000                _bmxdudba_address = 0x8000
                0x00008000                _bmxdupba_address = 0x8000

/DISCARD/
 *(.pdr)
 *(.rel.dyn)
 *(.note.GNU-stack)
 *(.note.GNU-stack)
 *(.gnu_debuglink)
 *(.gnu.lto_*)
 *(.discard)

.gptab.sdata
 *(.gptab.data)
 *(.gptab.sdata)

.gptab.sbss
 *(.gptab.bss)
 *(.gptab.sbss)

.mdebug.abi32   0xa000040c        0x0
 *(.mdebug.abi32)
 .mdebug.abi32  0xa000040c        0x0 /opt/microchip/xc32/v2.05/bin/bin/../../lib/gcc/pic32mx/4.8.3/../../../../pic32mx/lib/software-debug-break.o
 .mdebug.abi32  0xa000040c        0x0 build/default/debug/BOARD.o
 .mdebug.abi32  0xa000040c        0x0 build/default/debug/Oled.o
 .mdebug.abi32  0xa000040c        0x0 build/default/debug/OledDriver.o
 .mdebug.abi32  0xa000040c        0x0 build/default/debug/demuno.o
 .mdebug.abi32  0xa000040c        0x0 build/default/debug/Ascii.o
 .mdebug.abi32  0xa000040c        0x0 /opt/microchip/xc32/v2.05/bin/bin/../../lib/gcc/pic32mx/4.8.3/../../../../pic32mx/lib/libmchp_peripheral.a(read_core_timer_lib.o)
 .mdebug.abi32  0xa000040c        0x0 /opt/microchip/xc32/v2.05/bin/bin/../../lib/gcc/pic32mx/4.8.3/../../../../pic32mx/lib/libmchp_peripheral_32MX340F512H.a(pcache.o)
 .mdebug.abi32  0xa000040c        0x0 /opt/microchip/xc32/v2.05/bin/bin/../../lib/gcc/pic32mx/4.8.3/../../../../pic32mx/lib/libmchp_peripheral_32MX340F512H.a(osc_config_lib.o)
 .mdebug.abi32  0xa000040c        0x0 /opt/microchip/xc32/v2.05/bin/bin/../../lib/gcc/pic32mx/4.8.3/../../../../pic32mx/lib/libmchp_peripheral_32MX340F512H.a(int_disable_interrupts_lib.o)
 .mdebug.abi32  0xa000040c        0x0 /opt/microchip/xc32/v2.05/bin/bin/../../lib/gcc/pic32mx/4.8.3/../../../../pic32mx/lib/libmchp_peripheral_32MX340F512H.a(int_restore_interrupts_lib.o)
 .mdebug.abi32  0xa000040c        0x0 /opt/microchip/xc32/v2.05/bin/bin/../../lib/gcc/pic32mx/4.8.3/../../../../pic32mx/lib/libmchp_peripheral_32MX340F512H.a(spi_chn_open_lib.o)
 .mdebug.abi32  0xa000040c        0x0 /opt/microchip/xc32/v2.05/bin/bin/../../lib/gcc/pic32mx/4.8.3/../../../../pic32mx/lib/libmchp_peripheral_32MX340F512H.a(spi_io_tbl_libp.o)
 .mdebug.abi32  0xa000040c        0x0 /opt/microchip/xc32/v2.05/bin/bin/../../lib/gcc/pic32mx/4.8.3/../../../../pic32mx/lib/libmchp_peripheral_32MX340F512H.a(spi_map_tbl_libp.o)
 .mdebug.abi32  0xa000040c        0x0 /opt/microchip/xc32/v2.05/bin/bin/../../lib/gcc/pic32mx/4.8.3/../../../../pic32mx/lib/libmchp_peripheral_32MX340F512H.a(port_set_pins_digital_in_lib.o)
 .mdebug.abi32  0xa000040c        0x0 /opt/microchip/xc32/v2.05/bin/bin/../../lib/gcc/pic32mx/4.8.3/../../../../pic32mx/lib/libmchp_peripheral_32MX340F512H.a(port_set_pins_digital_out_lib.o)
 .mdebug.abi32  0xa000040c        0x0 /opt/microchip/xc32/v2.05/bin/bin/../../lib/gcc/pic32mx/4.8.3/../../../../pic32mx/lib/libmchp_peripheral_32MX340F512H.a(port_clear_bits_lib.o)
 .mdebug.abi32  0xa000040c        0x0 /opt/microchip/xc32/v2.05/bin/bin/../../lib/gcc/pic32mx/4.8.3/../../../../pic32mx/lib/libmchp_peripheral_32MX340F512H.a(port_set_bits_lib.o)
 .mdebug.abi32  0xa000040c        0x0 /opt/microchip/xc32/v2.05/bin/bin/../../lib/gcc/pic32mx/4.8.3/../../../../pic32mx/lib/libmchp_peripheral_32MX340F512H.a(_ports_tbl_libp.o)
 .mdebug.abi32  0xa000040c        0x0 /opt/microchip/xc32/v2.05/bin/bin/../../lib/gcc/pic32mx/4.8.3/../../../../pic32mx/lib/libmchp_peripheral_32MX340F512H.a(int_tbl_lib.o)
 .mdebug.abi32  0xa000040c        0x0 /opt/microchip/xc32/v2.05/bin/bin/../../lib/gcc/pic32mx/4.8.3/../../../../pic32mx/lib/libpic32.a(default-bootstrap-exception-handler.o)
 .mdebug.abi32  0xa000040c        0x0 /opt/microchip/xc32/v2.05/bin/bin/../../lib/gcc/pic32mx/4.8.3/../../../../pic32mx/lib/libpic32.a(default-on-reset.o)
 .mdebug.abi32  0xa000040c        0x0 /opt/microchip/xc32/v2.05/bin/bin/../../lib/gcc/pic32mx/4.8.3/../../../../pic32mx/lib/libpic32.a(default-on-bootstrap.o)
 .mdebug.abi32  0xa000040c        0x0 /opt/microchip/xc32/v2.05/bin/bin/../../lib/gcc/pic32mx/4.8.3/../../../../pic32mx/lib/libpic32.a(xc32_uart.o)
 .mdebug.abi32  0xa000040c        0x0 /opt/microchip/xc32/v2.05/bin/bin/../../lib/gcc/pic32mx/4.8.3/../../../../pic32mx/lib/libpic32.a(default-general-exception-handler.o)
 .mdebug.abi32  0xa000040c        0x0 /opt/microchip/xc32/v2.05/bin/bin/../../lib/gcc/pic32mx/4.8.3/../../../../pic32mx/lib/libpic32.a(defaultinterrupt.o)
 .mdebug.abi32  0xa000040c        0x0 /opt/microchip/xc32/v2.05/bin/bin/../../lib/gcc/pic32mx/4.8.3/../../../../pic32mx/lib/liblega-c.a(rand.o)
 .mdebug.abi32  0xa000040c        0x0 /opt/microchip/xc32/v2.05/bin/bin/../../lib/gcc/pic32mx/4.8.3/../../../../pic32mx/lib/liblega-c.a(printf_cdnopuxX.eo)
 .mdebug.abi32  0xa000040c        0x0 /opt/microchip/xc32/v2.05/bin/bin/../../lib/gcc/pic32mx/4.8.3/../../../../pic32mx/lib/liblega-c.a(stubs.o)
 .mdebug.abi32  0xa000040c        0x0 /opt/microchip/xc32/v2.05/bin/bin/../../lib/gcc/pic32mx/4.8.3/../../../../pic32mx/lib/liblega-c.a(_doprnt_cdnopuxX.eo)
 .mdebug.abi32  0xa000040c        0x0 /opt/microchip/xc32/v2.05/bin/bin/../../lib/gcc/pic32mx/4.8.3/../../../../pic32mx/lib/liblega-c.a(_iobdata.o)
 .mdebug.abi32  0xa000040c        0x0 /opt/microchip/xc32/v2.05/bin/bin/../../lib/gcc/pic32mx/4.8.3/../../../../pic32mx/lib/liblega-c.a(_iobfuncs.o)
 .mdebug.abi32  0xa000040c        0x0 /opt/microchip/xc32/v2.05/bin/bin/../../lib/gcc/pic32mx/4.8.3/../../../../pic32mx/lib/liblega-c.a(fputc.o)
 .mdebug.abi32  0xa000040c        0x0 /opt/microchip/xc32/v2.05/bin/bin/../../lib/gcc/pic32mx/4.8.3/../../../../pic32mx/lib/liblega-c.a(strlen.o)
 .mdebug.abi32  0xa000040c        0x0 /opt/microchip/xc32/v2.05/bin/bin/../../lib/gcc/pic32mx/4.8.3/../../../../pic32mx/lib/liblega-c.a(errno.o)
 .mdebug.abi32  0xa000040c        0x0 /opt/microchip/xc32/v2.05/bin/bin/../../lib/gcc/pic32mx/4.8.3/libgcc.a(_udivdi3.o)
 .mdebug.abi32  0xa000040c        0x0 /opt/microchip/xc32/v2.05/bin/bin/../../lib/gcc/pic32mx/4.8.3/libgcc.a(_umoddi3.o)
 .mdebug.abi32  0xa000040c        0x0 /opt/microchip/xc32/v2.05/bin/bin/../../lib/gcc/pic32mx/4.8.3/../../../../pic32mx/lib/libpic32.a(_mon_getc.o)
 .mdebug.abi32  0xa000040c        0x0 /opt/microchip/xc32/v2.05/bin/bin/../../lib/gcc/pic32mx/4.8.3/../../../../pic32mx/lib/libpic32.a(_mon_write.o)
 .mdebug.abi32  0xa000040c        0x0 /opt/microchip/xc32/v2.05/bin/bin/../../lib/gcc/pic32mx/4.8.3/../../../../pic32mx/lib/libpic32.a(_mon_putc.o)

.mdebug.abiN32
 *(.mdebug.abiN32)

.mdebug.abi64
 *(.mdebug.abi64)

.mdebug.abiO64
 *(.mdebug.abiO64)

.mdebug.eabi32
 *(.mdebug.eabi32)

.mdebug.eabi64
 *(.mdebug.eabi64)

.gcc_compiled_long32
 *(.gcc_compiled_long32)

.gcc_compiled_long64
 *(.gcc_compiled_long64)

.stab
 *(.stab)

.stabstr
 *(.stabstr)

.stab.excl
 *(.stab.excl)

.stab.exclstr
 *(.stab.exclstr)

.stab.index
 *(.stab.index)

.stab.indexstr
 *(.stab.indexstr)

.comment        0x00000000      0x34a
 *(.comment)
 .comment       0x00000000       0x3c /opt/microchip/xc32/v2.05/bin/bin/../../lib/gcc/pic32mx/4.8.3/../../../../pic32mx/lib/software-debug-break.o
                                 0x3d (size before relaxing)
 .comment       0x00000000       0x3d build/default/debug/BOARD.o
 .comment       0x00000000       0x3d build/default/debug/Oled.o
 .comment       0x00000000       0x3d build/default/debug/OledDriver.o
 .comment       0x00000000       0x3d build/default/debug/demuno.o
 .comment       0x00000000       0x3d build/default/debug/Ascii.o
 .comment       0x0000003c       0x3c /opt/microchip/xc32/v2.05/bin/bin/../../lib/gcc/pic32mx/4.8.3/../../../../pic32mx/lib/libmchp_peripheral.a(read_core_timer_lib.o)
                                 0x3d (size before relaxing)
 .comment       0x00000000       0x3d /opt/microchip/xc32/v2.05/bin/bin/../../lib/gcc/pic32mx/4.8.3/../../../../pic32mx/lib/libmchp_peripheral_32MX340F512H.a(pcache.o)
 .comment       0x00000000       0x3d /opt/microchip/xc32/v2.05/bin/bin/../../lib/gcc/pic32mx/4.8.3/../../../../pic32mx/lib/libmchp_peripheral_32MX340F512H.a(osc_config_lib.o)
 .comment       0x00000000       0x3d /opt/microchip/xc32/v2.05/bin/bin/../../lib/gcc/pic32mx/4.8.3/../../../../pic32mx/lib/libmchp_peripheral_32MX340F512H.a(int_disable_interrupts_lib.o)
 .comment       0x00000000       0x3d /opt/microchip/xc32/v2.05/bin/bin/../../lib/gcc/pic32mx/4.8.3/../../../../pic32mx/lib/libmchp_peripheral_32MX340F512H.a(int_restore_interrupts_lib.o)
 .comment       0x00000000       0x3d /opt/microchip/xc32/v2.05/bin/bin/../../lib/gcc/pic32mx/4.8.3/../../../../pic32mx/lib/libmchp_peripheral_32MX340F512H.a(spi_chn_open_lib.o)
 .comment       0x00000000       0x3d /opt/microchip/xc32/v2.05/bin/bin/../../lib/gcc/pic32mx/4.8.3/../../../../pic32mx/lib/libmchp_peripheral_32MX340F512H.a(spi_io_tbl_libp.o)
 .comment       0x00000000       0x3d /opt/microchip/xc32/v2.05/bin/bin/../../lib/gcc/pic32mx/4.8.3/../../../../pic32mx/lib/libmchp_peripheral_32MX340F512H.a(spi_map_tbl_libp.o)
 .comment       0x00000000       0x3d /opt/microchip/xc32/v2.05/bin/bin/../../lib/gcc/pic32mx/4.8.3/../../../../pic32mx/lib/libmchp_peripheral_32MX340F512H.a(port_set_pins_digital_in_lib.o)
 .comment       0x00000000       0x3d /opt/microchip/xc32/v2.05/bin/bin/../../lib/gcc/pic32mx/4.8.3/../../../../pic32mx/lib/libmchp_peripheral_32MX340F512H.a(port_set_pins_digital_out_lib.o)
 .comment       0x00000000       0x3d /opt/microchip/xc32/v2.05/bin/bin/../../lib/gcc/pic32mx/4.8.3/../../../../pic32mx/lib/libmchp_peripheral_32MX340F512H.a(port_clear_bits_lib.o)
 .comment       0x00000000       0x3d /opt/microchip/xc32/v2.05/bin/bin/../../lib/gcc/pic32mx/4.8.3/../../../../pic32mx/lib/libmchp_peripheral_32MX340F512H.a(port_set_bits_lib.o)
 .comment       0x00000000       0x3d /opt/microchip/xc32/v2.05/bin/bin/../../lib/gcc/pic32mx/4.8.3/../../../../pic32mx/lib/libmchp_peripheral_32MX340F512H.a(_ports_tbl_libp.o)
 .comment       0x00000000       0x3d /opt/microchip/xc32/v2.05/bin/bin/../../lib/gcc/pic32mx/4.8.3/../../../../pic32mx/lib/libmchp_peripheral_32MX340F512H.a(int_tbl_lib.o)
 .comment       0x00000000       0x3d /opt/microchip/xc32/v2.05/bin/bin/../../lib/gcc/pic32mx/4.8.3/../../../../pic32mx/lib/libpic32.a(default-bootstrap-exception-handler.o)
 .comment       0x00000000       0x3d /opt/microchip/xc32/v2.05/bin/bin/../../lib/gcc/pic32mx/4.8.3/../../../../pic32mx/lib/libpic32.a(default-on-reset.o)
 .comment       0x00000000       0x3d /opt/microchip/xc32/v2.05/bin/bin/../../lib/gcc/pic32mx/4.8.3/../../../../pic32mx/lib/libpic32.a(default-on-bootstrap.o)
 .comment       0x00000000       0x3d /opt/microchip/xc32/v2.05/bin/bin/../../lib/gcc/pic32mx/4.8.3/../../../../pic32mx/lib/libpic32.a(xc32_uart.o)
 .comment       0x00000000       0x3d /opt/microchip/xc32/v2.05/bin/bin/../../lib/gcc/pic32mx/4.8.3/../../../../pic32mx/lib/libpic32.a(default-general-exception-handler.o)
 .comment       0x00000000       0x3d /opt/microchip/xc32/v2.05/bin/bin/../../lib/gcc/pic32mx/4.8.3/../../../../pic32mx/lib/libpic32.a(defaultinterrupt.o)
 .comment       0x00000078       0x4d /opt/microchip/xc32/v2.05/bin/bin/../../lib/gcc/pic32mx/4.8.3/../../../../pic32mx/lib/liblega-c.a(rand.o)
                                 0x8a (size before relaxing)
 .comment       0x000000c5       0x51 /opt/microchip/xc32/v2.05/bin/bin/../../lib/gcc/pic32mx/4.8.3/../../../../pic32mx/lib/liblega-c.a(printf_cdnopuxX.eo)
                                 0x8e (size before relaxing)
 .comment       0x00000116       0x4e /opt/microchip/xc32/v2.05/bin/bin/../../lib/gcc/pic32mx/4.8.3/../../../../pic32mx/lib/liblega-c.a(stubs.o)
                                 0x8b (size before relaxing)
 .comment       0x00000164       0x52 /opt/microchip/xc32/v2.05/bin/bin/../../lib/gcc/pic32mx/4.8.3/../../../../pic32mx/lib/liblega-c.a(_doprnt_cdnopuxX.eo)
                                 0x8f (size before relaxing)
 .comment       0x000001b6       0x53 /opt/microchip/xc32/v2.05/bin/bin/../../lib/gcc/pic32mx/4.8.3/../../../../pic32mx/lib/liblega-c.a(_iobdata.o)
                                 0x90 (size before relaxing)
 .comment       0x00000209       0x54 /opt/microchip/xc32/v2.05/bin/bin/../../lib/gcc/pic32mx/4.8.3/../../../../pic32mx/lib/liblega-c.a(_iobfuncs.o)
                                 0x91 (size before relaxing)
 .comment       0x0000025d       0x50 /opt/microchip/xc32/v2.05/bin/bin/../../lib/gcc/pic32mx/4.8.3/../../../../pic32mx/lib/liblega-c.a(fputc.o)
                                 0x8d (size before relaxing)
 .comment       0x000002ad       0x4f /opt/microchip/xc32/v2.05/bin/bin/../../lib/gcc/pic32mx/4.8.3/../../../../pic32mx/lib/liblega-c.a(strlen.o)
                                 0x8c (size before relaxing)
 .comment       0x000002fc       0x4e /opt/microchip/xc32/v2.05/bin/bin/../../lib/gcc/pic32mx/4.8.3/../../../../pic32mx/lib/liblega-c.a(errno.o)
                                 0x8b (size before relaxing)
 .comment       0x00000000       0x3d /opt/microchip/xc32/v2.05/bin/bin/../../lib/gcc/pic32mx/4.8.3/libgcc.a(_udivdi3.o)
 .comment       0x00000000       0x3d /opt/microchip/xc32/v2.05/bin/bin/../../lib/gcc/pic32mx/4.8.3/libgcc.a(_umoddi3.o)
 .comment       0x00000000       0x3d /opt/microchip/xc32/v2.05/bin/bin/../../lib/gcc/pic32mx/4.8.3/../../../../pic32mx/lib/libpic32.a(_mon_getc.o)
 .comment       0x00000000       0x3d /opt/microchip/xc32/v2.05/bin/bin/../../lib/gcc/pic32mx/4.8.3/../../../../pic32mx/lib/libpic32.a(_mon_write.o)
 .comment       0x00000000       0x3d /opt/microchip/xc32/v2.05/bin/bin/../../lib/gcc/pic32mx/4.8.3/../../../../pic32mx/lib/libpic32.a(_mon_putc.o)

.debug
 *(.debug)

.line
 *(.line)

.debug_srcinfo
 *(.debug_srcinfo)

.debug_sfnames
 *(.debug_sfnames)

.debug_aranges  0x00000000      0x3a0
 *(.debug_aranges)
 .debug_aranges
                0x00000000       0x20 /opt/microchip/xc32/v2.05/bin/bin/../../lib/gcc/pic32mx/4.8.3/../../../../pic32mx/lib/software-debug-break.o
 .debug_aranges
                0x00000020       0x20 build/default/debug/BOARD.o
 .debug_aranges
                0x00000040       0x20 build/default/debug/Oled.o
 .debug_aranges
                0x00000060       0x20 build/default/debug/OledDriver.o
 .debug_aranges
                0x00000080       0x20 build/default/debug/demuno.o
 .debug_aranges
                0x000000a0       0x18 build/default/debug/Ascii.o
 .debug_aranges
                0x000000b8       0x20 /opt/microchip/xc32/v2.05/bin/bin/../../lib/gcc/pic32mx/4.8.3/../../../../pic32mx/lib/libmchp_peripheral.a(read_core_timer_lib.o)
 .debug_aranges
                0x000000d8       0x28 /opt/microchip/xc32/v2.05/bin/bin/../../lib/gcc/pic32mx/4.8.3/../../../../pic32mx/lib/libmchp_peripheral_32MX340F512H.a(pcache.o)
 .debug_aranges
                0x00000100       0x20 /opt/microchip/xc32/v2.05/bin/bin/../../lib/gcc/pic32mx/4.8.3/../../../../pic32mx/lib/libmchp_peripheral_32MX340F512H.a(osc_config_lib.o)
 .debug_aranges
                0x00000120       0x20 /opt/microchip/xc32/v2.05/bin/bin/../../lib/gcc/pic32mx/4.8.3/../../../../pic32mx/lib/libmchp_peripheral_32MX340F512H.a(int_disable_interrupts_lib.o)
 .debug_aranges
                0x00000140       0x20 /opt/microchip/xc32/v2.05/bin/bin/../../lib/gcc/pic32mx/4.8.3/../../../../pic32mx/lib/libmchp_peripheral_32MX340F512H.a(int_restore_interrupts_lib.o)
 .debug_aranges
                0x00000160       0x20 /opt/microchip/xc32/v2.05/bin/bin/../../lib/gcc/pic32mx/4.8.3/../../../../pic32mx/lib/libmchp_peripheral_32MX340F512H.a(spi_chn_open_lib.o)
 .debug_aranges
                0x00000180       0x20 /opt/microchip/xc32/v2.05/bin/bin/../../lib/gcc/pic32mx/4.8.3/../../../../pic32mx/lib/libmchp_peripheral_32MX340F512H.a(port_set_pins_digital_in_lib.o)
 .debug_aranges
                0x000001a0       0x20 /opt/microchip/xc32/v2.05/bin/bin/../../lib/gcc/pic32mx/4.8.3/../../../../pic32mx/lib/libmchp_peripheral_32MX340F512H.a(port_set_pins_digital_out_lib.o)
 .debug_aranges
                0x000001c0       0x20 /opt/microchip/xc32/v2.05/bin/bin/../../lib/gcc/pic32mx/4.8.3/../../../../pic32mx/lib/libmchp_peripheral_32MX340F512H.a(port_clear_bits_lib.o)
 .debug_aranges
                0x000001e0       0x20 /opt/microchip/xc32/v2.05/bin/bin/../../lib/gcc/pic32mx/4.8.3/../../../../pic32mx/lib/libmchp_peripheral_32MX340F512H.a(port_set_bits_lib.o)
 .debug_aranges
                0x00000200       0x60 /opt/microchip/xc32/v2.05/bin/bin/../../lib/gcc/pic32mx/4.8.3/../../../../pic32mx/lib/libmchp_peripheral_32MX340F512H.a(int_tbl_lib.o)
 .debug_aranges
                0x00000260       0x20 /opt/microchip/xc32/v2.05/bin/bin/../../lib/gcc/pic32mx/4.8.3/../../../../pic32mx/lib/libpic32.a(default-bootstrap-exception-handler.o)
 .debug_aranges
                0x00000280       0x20 /opt/microchip/xc32/v2.05/bin/bin/../../lib/gcc/pic32mx/4.8.3/../../../../pic32mx/lib/libpic32.a(default-on-reset.o)
 .debug_aranges
                0x000002a0       0x20 /opt/microchip/xc32/v2.05/bin/bin/../../lib/gcc/pic32mx/4.8.3/../../../../pic32mx/lib/libpic32.a(default-on-bootstrap.o)
 .debug_aranges
                0x000002c0       0x20 /opt/microchip/xc32/v2.05/bin/bin/../../lib/gcc/pic32mx/4.8.3/../../../../pic32mx/lib/libpic32.a(default-general-exception-handler.o)
 .debug_aranges
                0x000002e0       0x20 /opt/microchip/xc32/v2.05/bin/bin/../../lib/gcc/pic32mx/4.8.3/../../../../pic32mx/lib/libpic32.a(defaultinterrupt.o)
 .debug_aranges
                0x00000300       0x20 /opt/microchip/xc32/v2.05/bin/bin/../../lib/gcc/pic32mx/4.8.3/libgcc.a(_udivdi3.o)
 .debug_aranges
                0x00000320       0x20 /opt/microchip/xc32/v2.05/bin/bin/../../lib/gcc/pic32mx/4.8.3/libgcc.a(_umoddi3.o)
 .debug_aranges
                0x00000340       0x20 /opt/microchip/xc32/v2.05/bin/bin/../../lib/gcc/pic32mx/4.8.3/../../../../pic32mx/lib/libpic32.a(_mon_getc.o)
 .debug_aranges
                0x00000360       0x20 /opt/microchip/xc32/v2.05/bin/bin/../../lib/gcc/pic32mx/4.8.3/../../../../pic32mx/lib/libpic32.a(_mon_write.o)
 .debug_aranges
                0x00000380       0x20 /opt/microchip/xc32/v2.05/bin/bin/../../lib/gcc/pic32mx/4.8.3/../../../../pic32mx/lib/libpic32.a(_mon_putc.o)

.debug_pubnames
 *(.debug_pubnames)

.debug_info     0x00000000     0x60dc
 *(.debug_info .gnu.linkonce.wi.*)
 .debug_info    0x00000000       0xe2 /opt/microchip/xc32/v2.05/bin/bin/../../lib/gcc/pic32mx/4.8.3/../../../../pic32mx/lib/software-debug-break.o
 .debug_info    0x000000e2     0x1ec5 build/default/debug/BOARD.o
 .debug_info    0x00001fa7      0x6d8 build/default/debug/Oled.o
 .debug_info    0x0000267f     0x1971 build/default/debug/OledDriver.o
 .debug_info    0x00003ff0      0x182 build/default/debug/demuno.o
 .debug_info    0x00004172      0x123 build/default/debug/Ascii.o
 .debug_info    0x00004295       0xa8 /opt/microchip/xc32/v2.05/bin/bin/../../lib/gcc/pic32mx/4.8.3/../../../../pic32mx/lib/libmchp_peripheral.a(read_core_timer_lib.o)
 .debug_info    0x0000433d       0xbe /opt/microchip/xc32/v2.05/bin/bin/../../lib/gcc/pic32mx/4.8.3/../../../../pic32mx/lib/libmchp_peripheral_32MX340F512H.a(pcache.o)
 .debug_info    0x000043fb       0xbe /opt/microchip/xc32/v2.05/bin/bin/../../lib/gcc/pic32mx/4.8.3/../../../../pic32mx/lib/libmchp_peripheral_32MX340F512H.a(osc_config_lib.o)
 .debug_info    0x000044b9       0xb4 /opt/microchip/xc32/v2.05/bin/bin/../../lib/gcc/pic32mx/4.8.3/../../../../pic32mx/lib/libmchp_peripheral_32MX340F512H.a(int_disable_interrupts_lib.o)
 .debug_info    0x0000456d       0xb4 /opt/microchip/xc32/v2.05/bin/bin/../../lib/gcc/pic32mx/4.8.3/../../../../pic32mx/lib/libmchp_peripheral_32MX340F512H.a(int_restore_interrupts_lib.o)
 .debug_info    0x00004621       0xa0 /opt/microchip/xc32/v2.05/bin/bin/../../lib/gcc/pic32mx/4.8.3/../../../../pic32mx/lib/libmchp_peripheral_32MX340F512H.a(spi_chn_open_lib.o)
 .debug_info    0x000046c1       0xb8 /opt/microchip/xc32/v2.05/bin/bin/../../lib/gcc/pic32mx/4.8.3/../../../../pic32mx/lib/libmchp_peripheral_32MX340F512H.a(port_set_pins_digital_in_lib.o)
 .debug_info    0x00004779       0xba /opt/microchip/xc32/v2.05/bin/bin/../../lib/gcc/pic32mx/4.8.3/../../../../pic32mx/lib/libmchp_peripheral_32MX340F512H.a(port_set_pins_digital_out_lib.o)
 .debug_info    0x00004833       0xa8 /opt/microchip/xc32/v2.05/bin/bin/../../lib/gcc/pic32mx/4.8.3/../../../../pic32mx/lib/libmchp_peripheral_32MX340F512H.a(port_clear_bits_lib.o)
 .debug_info    0x000048db       0xa4 /opt/microchip/xc32/v2.05/bin/bin/../../lib/gcc/pic32mx/4.8.3/../../../../pic32mx/lib/libmchp_peripheral_32MX340F512H.a(port_set_bits_lib.o)
 .debug_info    0x0000497f      0x19c /opt/microchip/xc32/v2.05/bin/bin/../../lib/gcc/pic32mx/4.8.3/../../../../pic32mx/lib/libmchp_peripheral_32MX340F512H.a(int_tbl_lib.o)
 .debug_info    0x00004b1b       0xf3 /opt/microchip/xc32/v2.05/bin/bin/../../lib/gcc/pic32mx/4.8.3/../../../../pic32mx/lib/libpic32.a(default-bootstrap-exception-handler.o)
 .debug_info    0x00004c0e       0xcc /opt/microchip/xc32/v2.05/bin/bin/../../lib/gcc/pic32mx/4.8.3/../../../../pic32mx/lib/libpic32.a(default-on-reset.o)
 .debug_info    0x00004cda       0xd4 /opt/microchip/xc32/v2.05/bin/bin/../../lib/gcc/pic32mx/4.8.3/../../../../pic32mx/lib/libpic32.a(default-on-bootstrap.o)
 .debug_info    0x00004dae       0xef /opt/microchip/xc32/v2.05/bin/bin/../../lib/gcc/pic32mx/4.8.3/../../../../pic32mx/lib/libpic32.a(default-general-exception-handler.o)
 .debug_info    0x00004e9d       0xe6 /opt/microchip/xc32/v2.05/bin/bin/../../lib/gcc/pic32mx/4.8.3/../../../../pic32mx/lib/libpic32.a(defaultinterrupt.o)
 .debug_info    0x00004f83      0x764 /opt/microchip/xc32/v2.05/bin/bin/../../lib/gcc/pic32mx/4.8.3/libgcc.a(_udivdi3.o)
 .debug_info    0x000056e7      0x7a1 /opt/microchip/xc32/v2.05/bin/bin/../../lib/gcc/pic32mx/4.8.3/libgcc.a(_umoddi3.o)
 .debug_info    0x00005e88       0xc6 /opt/microchip/xc32/v2.05/bin/bin/../../lib/gcc/pic32mx/4.8.3/../../../../pic32mx/lib/libpic32.a(_mon_getc.o)
 .debug_info    0x00005f4e       0xc8 /opt/microchip/xc32/v2.05/bin/bin/../../lib/gcc/pic32mx/4.8.3/../../../../pic32mx/lib/libpic32.a(_mon_write.o)
 .debug_info    0x00006016       0xc6 /opt/microchip/xc32/v2.05/bin/bin/../../lib/gcc/pic32mx/4.8.3/../../../../pic32mx/lib/libpic32.a(_mon_putc.o)

.debug_abbrev   0x00000000      0xd8f
 *(.debug_abbrev)
 .debug_abbrev  0x00000000       0x28 /opt/microchip/xc32/v2.05/bin/bin/../../lib/gcc/pic32mx/4.8.3/../../../../pic32mx/lib/software-debug-break.o
 .debug_abbrev  0x00000028      0x3b0 build/default/debug/BOARD.o
 .debug_abbrev  0x000003d8      0x153 build/default/debug/Oled.o
 .debug_abbrev  0x0000052b      0x218 build/default/debug/OledDriver.o
 .debug_abbrev  0x00000743       0x81 build/default/debug/demuno.o
 .debug_abbrev  0x000007c4       0x45 build/default/debug/Ascii.o
 .debug_abbrev  0x00000809       0x28 /opt/microchip/xc32/v2.05/bin/bin/../../lib/gcc/pic32mx/4.8.3/../../../../pic32mx/lib/libmchp_peripheral.a(read_core_timer_lib.o)
 .debug_abbrev  0x00000831       0x28 /opt/microchip/xc32/v2.05/bin/bin/../../lib/gcc/pic32mx/4.8.3/../../../../pic32mx/lib/libmchp_peripheral_32MX340F512H.a(pcache.o)
 .debug_abbrev  0x00000859       0x37 /opt/microchip/xc32/v2.05/bin/bin/../../lib/gcc/pic32mx/4.8.3/../../../../pic32mx/lib/libmchp_peripheral_32MX340F512H.a(osc_config_lib.o)
 .debug_abbrev  0x00000890       0x28 /opt/microchip/xc32/v2.05/bin/bin/../../lib/gcc/pic32mx/4.8.3/../../../../pic32mx/lib/libmchp_peripheral_32MX340F512H.a(int_disable_interrupts_lib.o)
 .debug_abbrev  0x000008b8       0x28 /opt/microchip/xc32/v2.05/bin/bin/../../lib/gcc/pic32mx/4.8.3/../../../../pic32mx/lib/libmchp_peripheral_32MX340F512H.a(int_restore_interrupts_lib.o)
 .debug_abbrev  0x000008e0       0x28 /opt/microchip/xc32/v2.05/bin/bin/../../lib/gcc/pic32mx/4.8.3/../../../../pic32mx/lib/libmchp_peripheral_32MX340F512H.a(spi_chn_open_lib.o)
 .debug_abbrev  0x00000908       0x28 /opt/microchip/xc32/v2.05/bin/bin/../../lib/gcc/pic32mx/4.8.3/../../../../pic32mx/lib/libmchp_peripheral_32MX340F512H.a(port_set_pins_digital_in_lib.o)
 .debug_abbrev  0x00000930       0x28 /opt/microchip/xc32/v2.05/bin/bin/../../lib/gcc/pic32mx/4.8.3/../../../../pic32mx/lib/libmchp_peripheral_32MX340F512H.a(port_set_pins_digital_out_lib.o)
 .debug_abbrev  0x00000958       0x28 /opt/microchip/xc32/v2.05/bin/bin/../../lib/gcc/pic32mx/4.8.3/../../../../pic32mx/lib/libmchp_peripheral_32MX340F512H.a(port_clear_bits_lib.o)
 .debug_abbrev  0x00000980       0x28 /opt/microchip/xc32/v2.05/bin/bin/../../lib/gcc/pic32mx/4.8.3/../../../../pic32mx/lib/libmchp_peripheral_32MX340F512H.a(port_set_bits_lib.o)
 .debug_abbrev  0x000009a8       0x28 /opt/microchip/xc32/v2.05/bin/bin/../../lib/gcc/pic32mx/4.8.3/../../../../pic32mx/lib/libmchp_peripheral_32MX340F512H.a(int_tbl_lib.o)
 .debug_abbrev  0x000009d0       0x28 /opt/microchip/xc32/v2.05/bin/bin/../../lib/gcc/pic32mx/4.8.3/../../../../pic32mx/lib/libpic32.a(default-bootstrap-exception-handler.o)
 .debug_abbrev  0x000009f8       0x28 /opt/microchip/xc32/v2.05/bin/bin/../../lib/gcc/pic32mx/4.8.3/../../../../pic32mx/lib/libpic32.a(default-on-reset.o)
 .debug_abbrev  0x00000a20       0x28 /opt/microchip/xc32/v2.05/bin/bin/../../lib/gcc/pic32mx/4.8.3/../../../../pic32mx/lib/libpic32.a(default-on-bootstrap.o)
 .debug_abbrev  0x00000a48       0x28 /opt/microchip/xc32/v2.05/bin/bin/../../lib/gcc/pic32mx/4.8.3/../../../../pic32mx/lib/libpic32.a(default-general-exception-handler.o)
 .debug_abbrev  0x00000a70       0x28 /opt/microchip/xc32/v2.05/bin/bin/../../lib/gcc/pic32mx/4.8.3/../../../../pic32mx/lib/libpic32.a(defaultinterrupt.o)
 .debug_abbrev  0x00000a98      0x138 /opt/microchip/xc32/v2.05/bin/bin/../../lib/gcc/pic32mx/4.8.3/libgcc.a(_udivdi3.o)
 .debug_abbrev  0x00000bd0      0x147 /opt/microchip/xc32/v2.05/bin/bin/../../lib/gcc/pic32mx/4.8.3/libgcc.a(_umoddi3.o)
 .debug_abbrev  0x00000d17       0x28 /opt/microchip/xc32/v2.05/bin/bin/../../lib/gcc/pic32mx/4.8.3/../../../../pic32mx/lib/libpic32.a(_mon_getc.o)
 .debug_abbrev  0x00000d3f       0x28 /opt/microchip/xc32/v2.05/bin/bin/../../lib/gcc/pic32mx/4.8.3/../../../../pic32mx/lib/libpic32.a(_mon_write.o)
 .debug_abbrev  0x00000d67       0x28 /opt/microchip/xc32/v2.05/bin/bin/../../lib/gcc/pic32mx/4.8.3/../../../../pic32mx/lib/libpic32.a(_mon_putc.o)

.debug_line     0x00000000     0x1490
 *(.debug_line)
 .debug_line    0x00000000       0x98 /opt/microchip/xc32/v2.05/bin/bin/../../lib/gcc/pic32mx/4.8.3/../../../../pic32mx/lib/software-debug-break.o
 .debug_line    0x00000098      0x3cc build/default/debug/BOARD.o
 .debug_line    0x00000464      0x1a8 build/default/debug/Oled.o
 .debug_line    0x0000060c      0x20c build/default/debug/OledDriver.o
 .debug_line    0x00000818       0x9c build/default/debug/demuno.o
 .debug_line    0x000008b4       0x4b build/default/debug/Ascii.o
 .debug_line    0x000008ff       0x6b /opt/microchip/xc32/v2.05/bin/bin/../../lib/gcc/pic32mx/4.8.3/../../../../pic32mx/lib/libmchp_peripheral.a(read_core_timer_lib.o)
 .debug_line    0x0000096a       0x5f /opt/microchip/xc32/v2.05/bin/bin/../../lib/gcc/pic32mx/4.8.3/../../../../pic32mx/lib/libmchp_peripheral_32MX340F512H.a(pcache.o)
 .debug_line    0x000009c9       0xa5 /opt/microchip/xc32/v2.05/bin/bin/../../lib/gcc/pic32mx/4.8.3/../../../../pic32mx/lib/libmchp_peripheral_32MX340F512H.a(osc_config_lib.o)
 .debug_line    0x00000a6e       0x70 /opt/microchip/xc32/v2.05/bin/bin/../../lib/gcc/pic32mx/4.8.3/../../../../pic32mx/lib/libmchp_peripheral_32MX340F512H.a(int_disable_interrupts_lib.o)
 .debug_line    0x00000ade       0x70 /opt/microchip/xc32/v2.05/bin/bin/../../lib/gcc/pic32mx/4.8.3/../../../../pic32mx/lib/libmchp_peripheral_32MX340F512H.a(int_restore_interrupts_lib.o)
 .debug_line    0x00000b4e       0x66 /opt/microchip/xc32/v2.05/bin/bin/../../lib/gcc/pic32mx/4.8.3/../../../../pic32mx/lib/libmchp_peripheral_32MX340F512H.a(spi_chn_open_lib.o)
 .debug_line    0x00000bb4        0x0 /opt/microchip/xc32/v2.05/bin/bin/../../lib/gcc/pic32mx/4.8.3/../../../../pic32mx/lib/libmchp_peripheral_32MX340F512H.a(spi_io_tbl_libp.o)
 .debug_line    0x00000bb4        0x0 /opt/microchip/xc32/v2.05/bin/bin/../../lib/gcc/pic32mx/4.8.3/../../../../pic32mx/lib/libmchp_peripheral_32MX340F512H.a(spi_map_tbl_libp.o)
 .debug_line    0x00000bb4       0x74 /opt/microchip/xc32/v2.05/bin/bin/../../lib/gcc/pic32mx/4.8.3/../../../../pic32mx/lib/libmchp_peripheral_32MX340F512H.a(port_set_pins_digital_in_lib.o)
 .debug_line    0x00000c28       0x75 /opt/microchip/xc32/v2.05/bin/bin/../../lib/gcc/pic32mx/4.8.3/../../../../pic32mx/lib/libmchp_peripheral_32MX340F512H.a(port_set_pins_digital_out_lib.o)
 .debug_line    0x00000c9d       0x6b /opt/microchip/xc32/v2.05/bin/bin/../../lib/gcc/pic32mx/4.8.3/../../../../pic32mx/lib/libmchp_peripheral_32MX340F512H.a(port_clear_bits_lib.o)
 .debug_line    0x00000d08       0x69 /opt/microchip/xc32/v2.05/bin/bin/../../lib/gcc/pic32mx/4.8.3/../../../../pic32mx/lib/libmchp_peripheral_32MX340F512H.a(port_set_bits_lib.o)
 .debug_line    0x00000d71        0x0 /opt/microchip/xc32/v2.05/bin/bin/../../lib/gcc/pic32mx/4.8.3/../../../../pic32mx/lib/libmchp_peripheral_32MX340F512H.a(_ports_tbl_libp.o)
 .debug_line    0x00000d71       0x61 /opt/microchip/xc32/v2.05/bin/bin/../../lib/gcc/pic32mx/4.8.3/../../../../pic32mx/lib/libmchp_peripheral_32MX340F512H.a(int_tbl_lib.o)
 .debug_line    0x00000dd2       0xa5 /opt/microchip/xc32/v2.05/bin/bin/../../lib/gcc/pic32mx/4.8.3/../../../../pic32mx/lib/libpic32.a(default-bootstrap-exception-handler.o)
 .debug_line    0x00000e77       0x92 /opt/microchip/xc32/v2.05/bin/bin/../../lib/gcc/pic32mx/4.8.3/../../../../pic32mx/lib/libpic32.a(default-on-reset.o)
 .debug_line    0x00000f09       0x96 /opt/microchip/xc32/v2.05/bin/bin/../../lib/gcc/pic32mx/4.8.3/../../../../pic32mx/lib/libpic32.a(default-on-bootstrap.o)
 .debug_line    0x00000f9f        0x0 /opt/microchip/xc32/v2.05/bin/bin/../../lib/gcc/pic32mx/4.8.3/../../../../pic32mx/lib/libpic32.a(xc32_uart.o)
 .debug_line    0x00000f9f       0xa3 /opt/microchip/xc32/v2.05/bin/bin/../../lib/gcc/pic32mx/4.8.3/../../../../pic32mx/lib/libpic32.a(default-general-exception-handler.o)
 .debug_line    0x00001042       0xa4 /opt/microchip/xc32/v2.05/bin/bin/../../lib/gcc/pic32mx/4.8.3/../../../../pic32mx/lib/libpic32.a(defaultinterrupt.o)
 .debug_line    0x000010e6       0xfb /opt/microchip/xc32/v2.05/bin/bin/../../lib/gcc/pic32mx/4.8.3/libgcc.a(_udivdi3.o)
 .debug_line    0x000011e1      0x10d /opt/microchip/xc32/v2.05/bin/bin/../../lib/gcc/pic32mx/4.8.3/libgcc.a(_umoddi3.o)
 .debug_line    0x000012ee       0x8b /opt/microchip/xc32/v2.05/bin/bin/../../lib/gcc/pic32mx/4.8.3/../../../../pic32mx/lib/libpic32.a(_mon_getc.o)
 .debug_line    0x00001379       0x8c /opt/microchip/xc32/v2.05/bin/bin/../../lib/gcc/pic32mx/4.8.3/../../../../pic32mx/lib/libpic32.a(_mon_write.o)
 .debug_line    0x00001405       0x8b /opt/microchip/xc32/v2.05/bin/bin/../../lib/gcc/pic32mx/4.8.3/../../../../pic32mx/lib/libpic32.a(_mon_putc.o)

.debug_frame    0x00000000      0x740
 *(.debug_frame)
 .debug_frame   0x00000000       0x20 /opt/microchip/xc32/v2.05/bin/bin/../../lib/gcc/pic32mx/4.8.3/../../../../pic32mx/lib/software-debug-break.o
 .debug_frame   0x00000020       0xcc build/default/debug/BOARD.o
 .debug_frame   0x000000ec      0x170 build/default/debug/Oled.o
 .debug_frame   0x0000025c      0x130 build/default/debug/OledDriver.o
 .debug_frame   0x0000038c       0x2c build/default/debug/demuno.o
 .debug_frame   0x000003b8       0x20 /opt/microchip/xc32/v2.05/bin/bin/../../lib/gcc/pic32mx/4.8.3/../../../../pic32mx/lib/libmchp_peripheral.a(read_core_timer_lib.o)
 .debug_frame   0x000003d8       0x30 /opt/microchip/xc32/v2.05/bin/bin/../../lib/gcc/pic32mx/4.8.3/../../../../pic32mx/lib/libmchp_peripheral_32MX340F512H.a(pcache.o)
 .debug_frame   0x00000408       0x30 /opt/microchip/xc32/v2.05/bin/bin/../../lib/gcc/pic32mx/4.8.3/../../../../pic32mx/lib/libmchp_peripheral_32MX340F512H.a(osc_config_lib.o)
 .debug_frame   0x00000438       0x20 /opt/microchip/xc32/v2.05/bin/bin/../../lib/gcc/pic32mx/4.8.3/../../../../pic32mx/lib/libmchp_peripheral_32MX340F512H.a(int_disable_interrupts_lib.o)
 .debug_frame   0x00000458       0x20 /opt/microchip/xc32/v2.05/bin/bin/../../lib/gcc/pic32mx/4.8.3/../../../../pic32mx/lib/libmchp_peripheral_32MX340F512H.a(int_restore_interrupts_lib.o)
 .debug_frame   0x00000478       0x34 /opt/microchip/xc32/v2.05/bin/bin/../../lib/gcc/pic32mx/4.8.3/../../../../pic32mx/lib/libmchp_peripheral_32MX340F512H.a(spi_chn_open_lib.o)
 .debug_frame   0x000004ac       0x20 /opt/microchip/xc32/v2.05/bin/bin/../../lib/gcc/pic32mx/4.8.3/../../../../pic32mx/lib/libmchp_peripheral_32MX340F512H.a(port_set_pins_digital_in_lib.o)
 .debug_frame   0x000004cc       0x20 /opt/microchip/xc32/v2.05/bin/bin/../../lib/gcc/pic32mx/4.8.3/../../../../pic32mx/lib/libmchp_peripheral_32MX340F512H.a(port_set_pins_digital_out_lib.o)
 .debug_frame   0x000004ec       0x20 /opt/microchip/xc32/v2.05/bin/bin/../../lib/gcc/pic32mx/4.8.3/../../../../pic32mx/lib/libmchp_peripheral_32MX340F512H.a(port_clear_bits_lib.o)
 .debug_frame   0x0000050c       0x20 /opt/microchip/xc32/v2.05/bin/bin/../../lib/gcc/pic32mx/4.8.3/../../../../pic32mx/lib/libmchp_peripheral_32MX340F512H.a(port_set_bits_lib.o)
 .debug_frame   0x0000052c       0xa0 /opt/microchip/xc32/v2.05/bin/bin/../../lib/gcc/pic32mx/4.8.3/../../../../pic32mx/lib/libmchp_peripheral_32MX340F512H.a(int_tbl_lib.o)
 .debug_frame   0x000005cc       0x2c /opt/microchip/xc32/v2.05/bin/bin/../../lib/gcc/pic32mx/4.8.3/../../../../pic32mx/lib/libpic32.a(default-bootstrap-exception-handler.o)
 .debug_frame   0x000005f8       0x20 /opt/microchip/xc32/v2.05/bin/bin/../../lib/gcc/pic32mx/4.8.3/../../../../pic32mx/lib/libpic32.a(default-on-reset.o)
 .debug_frame   0x00000618       0x20 /opt/microchip/xc32/v2.05/bin/bin/../../lib/gcc/pic32mx/4.8.3/../../../../pic32mx/lib/libpic32.a(default-on-bootstrap.o)
 .debug_frame   0x00000638       0x2c /opt/microchip/xc32/v2.05/bin/bin/../../lib/gcc/pic32mx/4.8.3/../../../../pic32mx/lib/libpic32.a(default-general-exception-handler.o)
 .debug_frame   0x00000664       0x20 /opt/microchip/xc32/v2.05/bin/bin/../../lib/gcc/pic32mx/4.8.3/../../../../pic32mx/lib/libpic32.a(defaultinterrupt.o)
 .debug_frame   0x00000684       0x20 /opt/microchip/xc32/v2.05/bin/bin/../../lib/gcc/pic32mx/4.8.3/libgcc.a(_udivdi3.o)
 .debug_frame   0x000006a4       0x20 /opt/microchip/xc32/v2.05/bin/bin/../../lib/gcc/pic32mx/4.8.3/libgcc.a(_umoddi3.o)
 .debug_frame   0x000006c4       0x28 /opt/microchip/xc32/v2.05/bin/bin/../../lib/gcc/pic32mx/4.8.3/../../../../pic32mx/lib/libpic32.a(_mon_getc.o)
 .debug_frame   0x000006ec       0x2c /opt/microchip/xc32/v2.05/bin/bin/../../lib/gcc/pic32mx/4.8.3/../../../../pic32mx/lib/libpic32.a(_mon_write.o)
 .debug_frame   0x00000718       0x28 /opt/microchip/xc32/v2.05/bin/bin/../../lib/gcc/pic32mx/4.8.3/../../../../pic32mx/lib/libpic32.a(_mon_putc.o)

.debug_str      0x00000000       0x42
 *(.debug_str)
 .debug_str     0x00000000        0x0 /opt/microchip/xc32/v2.05/bin/bin/../../lib/gcc/pic32mx/4.8.3/../../../../pic32mx/lib/software-debug-break.o
 .debug_str     0x00000000       0x37 build/default/debug/BOARD.o
 .debug_str     0x00000037        0xb build/default/debug/Oled.o
 .debug_str     0x00000042        0x0 build/default/debug/OledDriver.o
 .debug_str     0x00000042        0x0 build/default/debug/demuno.o
 .debug_str     0x00000042        0x0 build/default/debug/Ascii.o
 .debug_str     0x00000042        0x0 /opt/microchip/xc32/v2.05/bin/bin/../../lib/gcc/pic32mx/4.8.3/../../../../pic32mx/lib/libmchp_peripheral.a(read_core_timer_lib.o)
 .debug_str     0x00000042        0x0 /opt/microchip/xc32/v2.05/bin/bin/../../lib/gcc/pic32mx/4.8.3/../../../../pic32mx/lib/libmchp_peripheral_32MX340F512H.a(pcache.o)
 .debug_str     0x00000042        0x0 /opt/microchip/xc32/v2.05/bin/bin/../../lib/gcc/pic32mx/4.8.3/../../../../pic32mx/lib/libmchp_peripheral_32MX340F512H.a(osc_config_lib.o)
 .debug_str     0x00000042        0x0 /opt/microchip/xc32/v2.05/bin/bin/../../lib/gcc/pic32mx/4.8.3/../../../../pic32mx/lib/libmchp_peripheral_32MX340F512H.a(int_disable_interrupts_lib.o)
 .debug_str     0x00000042        0x0 /opt/microchip/xc32/v2.05/bin/bin/../../lib/gcc/pic32mx/4.8.3/../../../../pic32mx/lib/libmchp_peripheral_32MX340F512H.a(int_restore_interrupts_lib.o)
 .debug_str     0x00000042        0x0 /opt/microchip/xc32/v2.05/bin/bin/../../lib/gcc/pic32mx/4.8.3/../../../../pic32mx/lib/libmchp_peripheral_32MX340F512H.a(spi_chn_open_lib.o)
 .debug_str     0x00000042        0x0 /opt/microchip/xc32/v2.05/bin/bin/../../lib/gcc/pic32mx/4.8.3/../../../../pic32mx/lib/libmchp_peripheral_32MX340F512H.a(spi_io_tbl_libp.o)
 .debug_str     0x00000042        0x0 /opt/microchip/xc32/v2.05/bin/bin/../../lib/gcc/pic32mx/4.8.3/../../../../pic32mx/lib/libmchp_peripheral_32MX340F512H.a(spi_map_tbl_libp.o)
 .debug_str     0x00000042        0x0 /opt/microchip/xc32/v2.05/bin/bin/../../lib/gcc/pic32mx/4.8.3/../../../../pic32mx/lib/libmchp_peripheral_32MX340F512H.a(port_set_pins_digital_in_lib.o)
 .debug_str     0x00000042        0x0 /opt/microchip/xc32/v2.05/bin/bin/../../lib/gcc/pic32mx/4.8.3/../../../../pic32mx/lib/libmchp_peripheral_32MX340F512H.a(port_set_pins_digital_out_lib.o)
 .debug_str     0x00000042        0x0 /opt/microchip/xc32/v2.05/bin/bin/../../lib/gcc/pic32mx/4.8.3/../../../../pic32mx/lib/libmchp_peripheral_32MX340F512H.a(port_clear_bits_lib.o)
 .debug_str     0x00000042        0x0 /opt/microchip/xc32/v2.05/bin/bin/../../lib/gcc/pic32mx/4.8.3/../../../../pic32mx/lib/libmchp_peripheral_32MX340F512H.a(port_set_bits_lib.o)
 .debug_str     0x00000042        0x0 /opt/microchip/xc32/v2.05/bin/bin/../../lib/gcc/pic32mx/4.8.3/../../../../pic32mx/lib/libmchp_peripheral_32MX340F512H.a(_ports_tbl_libp.o)
 .debug_str     0x00000042        0x0 /opt/microchip/xc32/v2.05/bin/bin/../../lib/gcc/pic32mx/4.8.3/../../../../pic32mx/lib/libmchp_peripheral_32MX340F512H.a(int_tbl_lib.o)
 .debug_str     0x00000042        0x0 /opt/microchip/xc32/v2.05/bin/bin/../../lib/gcc/pic32mx/4.8.3/../../../../pic32mx/lib/libpic32.a(default-bootstrap-exception-handler.o)
 .debug_str     0x00000042        0x0 /opt/microchip/xc32/v2.05/bin/bin/../../lib/gcc/pic32mx/4.8.3/../../../../pic32mx/lib/libpic32.a(default-on-reset.o)
 .debug_str     0x00000042        0x0 /opt/microchip/xc32/v2.05/bin/bin/../../lib/gcc/pic32mx/4.8.3/../../../../pic32mx/lib/libpic32.a(default-on-bootstrap.o)
 .debug_str     0x00000042        0x0 /opt/microchip/xc32/v2.05/bin/bin/../../lib/gcc/pic32mx/4.8.3/../../../../pic32mx/lib/libpic32.a(xc32_uart.o)
 .debug_str     0x00000042        0x0 /opt/microchip/xc32/v2.05/bin/bin/../../lib/gcc/pic32mx/4.8.3/../../../../pic32mx/lib/libpic32.a(default-general-exception-handler.o)
 .debug_str     0x00000042        0x0 /opt/microchip/xc32/v2.05/bin/bin/../../lib/gcc/pic32mx/4.8.3/../../../../pic32mx/lib/libpic32.a(defaultinterrupt.o)
 .debug_str     0x00000042        0x0 /opt/microchip/xc32/v2.05/bin/bin/../../lib/gcc/pic32mx/4.8.3/libgcc.a(_udivdi3.o)
 .debug_str     0x00000042        0x0 /opt/microchip/xc32/v2.05/bin/bin/../../lib/gcc/pic32mx/4.8.3/libgcc.a(_umoddi3.o)
 .debug_str     0x00000042        0x0 /opt/microchip/xc32/v2.05/bin/bin/../../lib/gcc/pic32mx/4.8.3/../../../../pic32mx/lib/libpic32.a(_mon_getc.o)
 .debug_str     0x00000042        0x0 /opt/microchip/xc32/v2.05/bin/bin/../../lib/gcc/pic32mx/4.8.3/../../../../pic32mx/lib/libpic32.a(_mon_write.o)
 .debug_str     0x00000042        0x0 /opt/microchip/xc32/v2.05/bin/bin/../../lib/gcc/pic32mx/4.8.3/../../../../pic32mx/lib/libpic32.a(_mon_putc.o)

.debug_loc      0x00000000     0x2e94
 *(.debug_loc)
 .debug_loc     0x00000000      0xe4e build/default/debug/BOARD.o
 .debug_loc     0x00000e4e      0x670 build/default/debug/Oled.o
 .debug_loc     0x000014be      0x44b build/default/debug/OledDriver.o
 .debug_loc     0x00001909       0x2c build/default/debug/demuno.o
 .debug_loc     0x00001935       0x2c /opt/microchip/xc32/v2.05/bin/bin/../../lib/gcc/pic32mx/4.8.3/../../../../pic32mx/lib/libpic32.a(default-bootstrap-exception-handler.o)
 .debug_loc     0x00001961       0x2c /opt/microchip/xc32/v2.05/bin/bin/../../lib/gcc/pic32mx/4.8.3/../../../../pic32mx/lib/libpic32.a(default-general-exception-handler.o)
 .debug_loc     0x0000198d      0xa6a /opt/microchip/xc32/v2.05/bin/bin/../../lib/gcc/pic32mx/4.8.3/libgcc.a(_udivdi3.o)
 .debug_loc     0x000023f7      0xa3d /opt/microchip/xc32/v2.05/bin/bin/../../lib/gcc/pic32mx/4.8.3/libgcc.a(_umoddi3.o)
 .debug_loc     0x00002e34       0x20 /opt/microchip/xc32/v2.05/bin/bin/../../lib/gcc/pic32mx/4.8.3/../../../../pic32mx/lib/libpic32.a(_mon_getc.o)
 .debug_loc     0x00002e54       0x20 /opt/microchip/xc32/v2.05/bin/bin/../../lib/gcc/pic32mx/4.8.3/../../../../pic32mx/lib/libpic32.a(_mon_write.o)
 .debug_loc     0x00002e74       0x20 /opt/microchip/xc32/v2.05/bin/bin/../../lib/gcc/pic32mx/4.8.3/../../../../pic32mx/lib/libpic32.a(_mon_putc.o)

.debug_macinfo
 *(.debug_macinfo)

.debug_weaknames
 *(.debug_weaknames)

.debug_funcnames
 *(.debug_funcnames)

.debug_typenames
 *(.debug_typenames)

.debug_varnames
 *(.debug_varnames)

.debug_pubtypes
 *(.debug_pubtypes)

.debug_ranges   0x00000000      0x2f8
 *(.debug_ranges)
 .debug_ranges  0x00000000       0x10 /opt/microchip/xc32/v2.05/bin/bin/../../lib/gcc/pic32mx/4.8.3/../../../../pic32mx/lib/software-debug-break.o
 .debug_ranges  0x00000010       0x10 /opt/microchip/xc32/v2.05/bin/bin/../../lib/gcc/pic32mx/4.8.3/../../../../pic32mx/lib/libmchp_peripheral.a(read_core_timer_lib.o)
 .debug_ranges  0x00000020       0x18 /opt/microchip/xc32/v2.05/bin/bin/../../lib/gcc/pic32mx/4.8.3/../../../../pic32mx/lib/libmchp_peripheral_32MX340F512H.a(pcache.o)
 .debug_ranges  0x00000038       0x10 /opt/microchip/xc32/v2.05/bin/bin/../../lib/gcc/pic32mx/4.8.3/../../../../pic32mx/lib/libmchp_peripheral_32MX340F512H.a(osc_config_lib.o)
 .debug_ranges  0x00000048       0x10 /opt/microchip/xc32/v2.05/bin/bin/../../lib/gcc/pic32mx/4.8.3/../../../../pic32mx/lib/libmchp_peripheral_32MX340F512H.a(int_disable_interrupts_lib.o)
 .debug_ranges  0x00000058       0x10 /opt/microchip/xc32/v2.05/bin/bin/../../lib/gcc/pic32mx/4.8.3/../../../../pic32mx/lib/libmchp_peripheral_32MX340F512H.a(int_restore_interrupts_lib.o)
 .debug_ranges  0x00000068       0x10 /opt/microchip/xc32/v2.05/bin/bin/../../lib/gcc/pic32mx/4.8.3/../../../../pic32mx/lib/libmchp_peripheral_32MX340F512H.a(spi_chn_open_lib.o)
 .debug_ranges  0x00000078       0x10 /opt/microchip/xc32/v2.05/bin/bin/../../lib/gcc/pic32mx/4.8.3/../../../../pic32mx/lib/libmchp_peripheral_32MX340F512H.a(port_set_pins_digital_in_lib.o)
 .debug_ranges  0x00000088       0x10 /opt/microchip/xc32/v2.05/bin/bin/../../lib/gcc/pic32mx/4.8.3/../../../../pic32mx/lib/libmchp_peripheral_32MX340F512H.a(port_set_pins_digital_out_lib.o)
 .debug_ranges  0x00000098       0x10 /opt/microchip/xc32/v2.05/bin/bin/../../lib/gcc/pic32mx/4.8.3/../../../../pic32mx/lib/libmchp_peripheral_32MX340F512H.a(port_clear_bits_lib.o)
 .debug_ranges  0x000000a8       0x10 /opt/microchip/xc32/v2.05/bin/bin/../../lib/gcc/pic32mx/4.8.3/../../../../pic32mx/lib/libmchp_peripheral_32MX340F512H.a(port_set_bits_lib.o)
 .debug_ranges  0x000000b8       0x50 /opt/microchip/xc32/v2.05/bin/bin/../../lib/gcc/pic32mx/4.8.3/../../../../pic32mx/lib/libmchp_peripheral_32MX340F512H.a(int_tbl_lib.o)
 .debug_ranges  0x00000108       0x10 /opt/microchip/xc32/v2.05/bin/bin/../../lib/gcc/pic32mx/4.8.3/../../../../pic32mx/lib/libpic32.a(default-bootstrap-exception-handler.o)
 .debug_ranges  0x00000118       0x10 /opt/microchip/xc32/v2.05/bin/bin/../../lib/gcc/pic32mx/4.8.3/../../../../pic32mx/lib/libpic32.a(default-on-reset.o)
 .debug_ranges  0x00000128       0x10 /opt/microchip/xc32/v2.05/bin/bin/../../lib/gcc/pic32mx/4.8.3/../../../../pic32mx/lib/libpic32.a(default-on-bootstrap.o)
 .debug_ranges  0x00000138       0x10 /opt/microchip/xc32/v2.05/bin/bin/../../lib/gcc/pic32mx/4.8.3/../../../../pic32mx/lib/libpic32.a(default-general-exception-handler.o)
 .debug_ranges  0x00000148       0x10 /opt/microchip/xc32/v2.05/bin/bin/../../lib/gcc/pic32mx/4.8.3/../../../../pic32mx/lib/libpic32.a(defaultinterrupt.o)
 .debug_ranges  0x00000158       0x98 /opt/microchip/xc32/v2.05/bin/bin/../../lib/gcc/pic32mx/4.8.3/libgcc.a(_udivdi3.o)
 .debug_ranges  0x000001f0       0xd8 /opt/microchip/xc32/v2.05/bin/bin/../../lib/gcc/pic32mx/4.8.3/libgcc.a(_umoddi3.o)
 .debug_ranges  0x000002c8       0x10 /opt/microchip/xc32/v2.05/bin/bin/../../lib/gcc/pic32mx/4.8.3/../../../../pic32mx/lib/libpic32.a(_mon_getc.o)
 .debug_ranges  0x000002d8       0x10 /opt/microchip/xc32/v2.05/bin/bin/../../lib/gcc/pic32mx/4.8.3/../../../../pic32mx/lib/libpic32.a(_mon_write.o)
 .debug_ranges  0x000002e8       0x10 /opt/microchip/xc32/v2.05/bin/bin/../../lib/gcc/pic32mx/4.8.3/../../../../pic32mx/lib/libpic32.a(_mon_putc.o)

.gnu.attributes
                0x00000000       0x10
 *(.gnu.attributes)
 .gnu.attributes
                0x00000000       0x10 /opt/microchip/xc32/v2.05/bin/bin/../../lib/gcc/pic32mx/4.8.3/../../../../pic32mx/lib/software-debug-break.o
 .gnu.attributes
                0x00000010       0x10 build/default/debug/BOARD.o
 .gnu.attributes
                0x00000020       0x10 build/default/debug/Oled.o
 .gnu.attributes
                0x00000030       0x10 build/default/debug/OledDriver.o
 .gnu.attributes
                0x00000040       0x10 build/default/debug/demuno.o
 .gnu.attributes
                0x00000050       0x10 build/default/debug/Ascii.o
 .gnu.attributes
                0x00000060       0x10 /opt/microchip/xc32/v2.05/bin/bin/../../lib/gcc/pic32mx/4.8.3/../../../../pic32mx/lib/libmchp_peripheral.a(read_core_timer_lib.o)
 .gnu.attributes
                0x00000070       0x10 /opt/microchip/xc32/v2.05/bin/bin/../../lib/gcc/pic32mx/4.8.3/../../../../pic32mx/lib/libmchp_peripheral_32MX340F512H.a(pcache.o)
 .gnu.attributes
                0x00000080       0x10 /opt/microchip/xc32/v2.05/bin/bin/../../lib/gcc/pic32mx/4.8.3/../../../../pic32mx/lib/libmchp_peripheral_32MX340F512H.a(osc_config_lib.o)
 .gnu.attributes
                0x00000090       0x10 /opt/microchip/xc32/v2.05/bin/bin/../../lib/gcc/pic32mx/4.8.3/../../../../pic32mx/lib/libmchp_peripheral_32MX340F512H.a(int_disable_interrupts_lib.o)
 .gnu.attributes
                0x000000a0       0x10 /opt/microchip/xc32/v2.05/bin/bin/../../lib/gcc/pic32mx/4.8.3/../../../../pic32mx/lib/libmchp_peripheral_32MX340F512H.a(int_restore_interrupts_lib.o)
 .gnu.attributes
                0x000000b0       0x10 /opt/microchip/xc32/v2.05/bin/bin/../../lib/gcc/pic32mx/4.8.3/../../../../pic32mx/lib/libmchp_peripheral_32MX340F512H.a(spi_chn_open_lib.o)
 .gnu.attributes
                0x000000c0       0x10 /opt/microchip/xc32/v2.05/bin/bin/../../lib/gcc/pic32mx/4.8.3/../../../../pic32mx/lib/libmchp_peripheral_32MX340F512H.a(spi_io_tbl_libp.o)
 .gnu.attributes
                0x000000d0       0x10 /opt/microchip/xc32/v2.05/bin/bin/../../lib/gcc/pic32mx/4.8.3/../../../../pic32mx/lib/libmchp_peripheral_32MX340F512H.a(spi_map_tbl_libp.o)
 .gnu.attributes
                0x000000e0       0x10 /opt/microchip/xc32/v2.05/bin/bin/../../lib/gcc/pic32mx/4.8.3/../../../../pic32mx/lib/libmchp_peripheral_32MX340F512H.a(port_set_pins_digital_in_lib.o)
 .gnu.attributes
                0x000000f0       0x10 /opt/microchip/xc32/v2.05/bin/bin/../../lib/gcc/pic32mx/4.8.3/../../../../pic32mx/lib/libmchp_peripheral_32MX340F512H.a(port_set_pins_digital_out_lib.o)
 .gnu.attributes
                0x00000100       0x10 /opt/microchip/xc32/v2.05/bin/bin/../../lib/gcc/pic32mx/4.8.3/../../../../pic32mx/lib/libmchp_peripheral_32MX340F512H.a(port_clear_bits_lib.o)
 .gnu.attributes
                0x00000110       0x10 /opt/microchip/xc32/v2.05/bin/bin/../../lib/gcc/pic32mx/4.8.3/../../../../pic32mx/lib/libmchp_peripheral_32MX340F512H.a(port_set_bits_lib.o)
 .gnu.attributes
                0x00000120       0x10 /opt/microchip/xc32/v2.05/bin/bin/../../lib/gcc/pic32mx/4.8.3/../../../../pic32mx/lib/libmchp_peripheral_32MX340F512H.a(_ports_tbl_libp.o)
 .gnu.attributes
                0x00000130       0x10 /opt/microchip/xc32/v2.05/bin/bin/../../lib/gcc/pic32mx/4.8.3/../../../../pic32mx/lib/libmchp_peripheral_32MX340F512H.a(int_tbl_lib.o)
 .gnu.attributes
                0x00000140       0x10 /opt/microchip/xc32/v2.05/bin/bin/../../lib/gcc/pic32mx/4.8.3/../../../../pic32mx/lib/libpic32.a(default-bootstrap-exception-handler.o)
 .gnu.attributes
                0x00000150       0x10 /opt/microchip/xc32/v2.05/bin/bin/../../lib/gcc/pic32mx/4.8.3/../../../../pic32mx/lib/libpic32.a(default-on-reset.o)
 .gnu.attributes
                0x00000160       0x10 /opt/microchip/xc32/v2.05/bin/bin/../../lib/gcc/pic32mx/4.8.3/../../../../pic32mx/lib/libpic32.a(default-on-bootstrap.o)
 .gnu.attributes
                0x00000170       0x10 /opt/microchip/xc32/v2.05/bin/bin/../../lib/gcc/pic32mx/4.8.3/../../../../pic32mx/lib/libpic32.a(xc32_uart.o)
 .gnu.attributes
                0x00000180       0x10 /opt/microchip/xc32/v2.05/bin/bin/../../lib/gcc/pic32mx/4.8.3/../../../../pic32mx/lib/libpic32.a(default-general-exception-handler.o)
 .gnu.attributes
                0x00000190       0x10 /opt/microchip/xc32/v2.05/bin/bin/../../lib/gcc/pic32mx/4.8.3/../../../../pic32mx/lib/libpic32.a(defaultinterrupt.o)
 .gnu.attributes
                0x000001a0       0x10 /opt/microchip/xc32/v2.05/bin/bin/../../lib/gcc/pic32mx/4.8.3/../../../../pic32mx/lib/liblega-c.a(rand.o)
 .gnu.attributes
                0x000001b0       0x10 /opt/microchip/xc32/v2.05/bin/bin/../../lib/gcc/pic32mx/4.8.3/../../../../pic32mx/lib/liblega-c.a(printf_cdnopuxX.eo)
 .gnu.attributes
                0x000001c0       0x10 /opt/microchip/xc32/v2.05/bin/bin/../../lib/gcc/pic32mx/4.8.3/../../../../pic32mx/lib/liblega-c.a(stubs.o)
 .gnu.attributes
                0x000001d0       0x10 /opt/microchip/xc32/v2.05/bin/bin/../../lib/gcc/pic32mx/4.8.3/../../../../pic32mx/lib/liblega-c.a(_doprnt_cdnopuxX.eo)
 .gnu.attributes
                0x000001e0       0x10 /opt/microchip/xc32/v2.05/bin/bin/../../lib/gcc/pic32mx/4.8.3/../../../../pic32mx/lib/liblega-c.a(_iobdata.o)
 .gnu.attributes
                0x000001f0       0x10 /opt/microchip/xc32/v2.05/bin/bin/../../lib/gcc/pic32mx/4.8.3/../../../../pic32mx/lib/liblega-c.a(_iobfuncs.o)
 .gnu.attributes
                0x00000200       0x10 /opt/microchip/xc32/v2.05/bin/bin/../../lib/gcc/pic32mx/4.8.3/../../../../pic32mx/lib/liblega-c.a(fputc.o)
 .gnu.attributes
                0x00000210       0x10 /opt/microchip/xc32/v2.05/bin/bin/../../lib/gcc/pic32mx/4.8.3/../../../../pic32mx/lib/liblega-c.a(strlen.o)
 .gnu.attributes
                0x00000220       0x10 /opt/microchip/xc32/v2.05/bin/bin/../../lib/gcc/pic32mx/4.8.3/../../../../pic32mx/lib/liblega-c.a(errno.o)
 .gnu.attributes
                0x00000230       0x10 /opt/microchip/xc32/v2.05/bin/bin/../../lib/gcc/pic32mx/4.8.3/libgcc.a(_udivdi3.o)
 .gnu.attributes
                0x00000240       0x10 /opt/microchip/xc32/v2.05/bin/bin/../../lib/gcc/pic32mx/4.8.3/libgcc.a(_umoddi3.o)
 .gnu.attributes
                0x00000250       0x10 /opt/microchip/xc32/v2.05/bin/bin/../../lib/gcc/pic32mx/4.8.3/../../../../pic32mx/lib/libpic32.a(_mon_getc.o)
 .gnu.attributes
                0x00000260       0x10 /opt/microchip/xc32/v2.05/bin/bin/../../lib/gcc/pic32mx/4.8.3/../../../../pic32mx/lib/libpic32.a(_mon_write.o)
 .gnu.attributes
                0x00000270       0x10 /opt/microchip/xc32/v2.05/bin/bin/../../lib/gcc/pic32mx/4.8.3/../../../../pic32mx/lib/libpic32.a(_mon_putc.o)
LOAD /opt/microchip/xc32/v2.05/bin/bin/../../lib/gcc/pic32mx/4.8.3/libgcc.a
START GROUP
LOAD /opt/microchip/xc32/v2.05/bin/bin/../../lib/gcc/pic32mx/4.8.3/../../../../pic32mx/lib/libpic32.a
LOAD /opt/microchip/xc32/v2.05/bin/bin/../../lib/gcc/pic32mx/4.8.3/../../../../pic32mx/lib/libdebug.a
LOAD /opt/microchip/xc32/v2.05/bin/bin/../../lib/gcc/pic32mx/4.8.3/../../../../pic32mx/lib/libpic32.a
LOAD /opt/microchip/xc32/v2.05/bin/bin/../../lib/gcc/pic32mx/4.8.3/../../../../pic32mx/lib/liblega-c.a
LOAD /opt/microchip/xc32/v2.05/bin/bin/../../lib/gcc/pic32mx/4.8.3/../../../../pic32mx/lib/libm.a
LOAD /opt/microchip/xc32/v2.05/bin/bin/../../lib/gcc/pic32mx/4.8.3/../../../../pic32mx/lib/libe.a
LOAD /opt/microchip/xc32/v2.05/bin/bin/../../lib/gcc/pic32mx/4.8.3/../../../../pic32mx/lib/libdsp.a
LOAD /opt/microchip/xc32/v2.05/bin/bin/../../lib/gcc/pic32mx/4.8.3/libgcc.a
LOAD /opt/microchip/xc32/v2.05/bin/bin/../../lib/gcc/pic32mx/4.8.3/../../../../pic32mx/lib/libpic32.a
END GROUP
LOAD /opt/microchip/xc32/v2.05/bin/bin/../../lib/gcc/pic32mx/4.8.3/libgcc.a
OUTPUT(dist/default/debug/demuno.X.debug.elf elf32-tradlittlemips)
LOAD stack
LOAD data_init

.reginfo        0x00000000       0x18
 .reginfo       0x00000000       0x18 /opt/microchip/xc32/v2.05/bin/bin/../../lib/gcc/pic32mx/4.8.3/../../../../pic32mx/lib/./proc/32MX340F512H/crt0_mips32r2.o

.stack          0xa00005c8      0x400
 .stack         0xa00005c8      0x400 stack

.data           0xa000040c       0xd4
 .data          0xa000040c       0xd4 /opt/microchip/xc32/v2.05/bin/bin/../../lib/gcc/pic32mx/4.8.3/../../../../pic32mx/lib/liblega-c.a(_iobdata.o)

.bss            0xa00004e0       0x88
 .bss           0xa00004e0       0x88 /opt/microchip/xc32/v2.05/bin/bin/../../lib/gcc/pic32mx/4.8.3/../../../../pic32mx/lib/liblega-c.a(_iobdata.o)

.data           0xa0000568       0x30
 .data          0xa0000568       0x30 /opt/microchip/xc32/v2.05/bin/bin/../../lib/gcc/pic32mx/4.8.3/../../../../pic32mx/lib/liblega-c.a(rand.o)

.bss            0xa0000598        0x4
 .bss           0xa0000598        0x4 /opt/microchip/xc32/v2.05/bin/bin/../../lib/gcc/pic32mx/4.8.3/../../../../pic32mx/lib/liblega-c.a(stubs.o)
                0xa0000598                __isthreaded

.bss%z1         0x00000000        0x0
 .bss           0x00000000        0x0 /opt/microchip/xc32/v2.05/bin/bin/../../lib/gcc/pic32mx/4.8.3/../../../../pic32mx/lib/libpic32.a(_mon_putc.o)

.data%z2        0x00000000        0x0
 .data          0x00000000        0x0 /opt/microchip/xc32/v2.05/bin/bin/../../lib/gcc/pic32mx/4.8.3/../../../../pic32mx/lib/libpic32.a(_mon_putc.o)

.bss%z3         0x00000000        0x0
 .bss           0x00000000        0x0 /opt/microchip/xc32/v2.05/bin/bin/../../lib/gcc/pic32mx/4.8.3/../../../../pic32mx/lib/libpic32.a(_mon_write.o)

.data%z4        0x00000000        0x0
 .data          0x00000000        0x0 /opt/microchip/xc32/v2.05/bin/bin/../../lib/gcc/pic32mx/4.8.3/../../../../pic32mx/lib/libpic32.a(_mon_write.o)

.bss%z5         0x00000000        0x0
 .bss           0x00000000        0x0 /opt/microchip/xc32/v2.05/bin/bin/../../lib/gcc/pic32mx/4.8.3/../../../../pic32mx/lib/libpic32.a(_mon_getc.o)

.data%z6        0x00000000        0x0
 .data          0x00000000        0x0 /opt/microchip/xc32/v2.05/bin/bin/../../lib/gcc/pic32mx/4.8.3/../../../../pic32mx/lib/libpic32.a(_mon_getc.o)

.bss%z7         0x00000000        0x0
 .bss           0x00000000        0x0 /opt/microchip/xc32/v2.05/bin/bin/../../lib/gcc/pic32mx/4.8.3/libgcc.a(_umoddi3.o)

.data%z8        0x00000000        0x0
 .data          0x00000000        0x0 /opt/microchip/xc32/v2.05/bin/bin/../../lib/gcc/pic32mx/4.8.3/libgcc.a(_umoddi3.o)

.bss%z9         0x00000000        0x0
 .bss           0x00000000        0x0 /opt/microchip/xc32/v2.05/bin/bin/../../lib/gcc/pic32mx/4.8.3/libgcc.a(_udivdi3.o)

.data%z10       0x00000000        0x0
 .data          0x00000000        0x0 /opt/microchip/xc32/v2.05/bin/bin/../../lib/gcc/pic32mx/4.8.3/libgcc.a(_udivdi3.o)

.bss%z11        0x00000000        0x0
 .bss           0x00000000        0x0 /opt/microchip/xc32/v2.05/bin/bin/../../lib/gcc/pic32mx/4.8.3/../../../../pic32mx/lib/liblega-c.a(errno.o)

.data%z12       0x00000000        0x0
 .data          0x00000000        0x0 /opt/microchip/xc32/v2.05/bin/bin/../../lib/gcc/pic32mx/4.8.3/../../../../pic32mx/lib/liblega-c.a(errno.o)

.bss%z13        0x00000000        0x0
 .bss           0x00000000        0x0 /opt/microchip/xc32/v2.05/bin/bin/../../lib/gcc/pic32mx/4.8.3/../../../../pic32mx/lib/liblega-c.a(strlen.o)

.data%z14       0x00000000        0x0
 .data          0x00000000        0x0 /opt/microchip/xc32/v2.05/bin/bin/../../lib/gcc/pic32mx/4.8.3/../../../../pic32mx/lib/liblega-c.a(strlen.o)

.bss%z15        0x00000000        0x0
 .bss           0x00000000        0x0 /opt/microchip/xc32/v2.05/bin/bin/../../lib/gcc/pic32mx/4.8.3/../../../../pic32mx/lib/liblega-c.a(fputc.o)

.data%z16       0x00000000        0x0
 .data          0x00000000        0x0 /opt/microchip/xc32/v2.05/bin/bin/../../lib/gcc/pic32mx/4.8.3/../../../../pic32mx/lib/liblega-c.a(fputc.o)

.bss%z17        0x00000000        0x0
 .bss           0x00000000        0x0 /opt/microchip/xc32/v2.05/bin/bin/../../lib/gcc/pic32mx/4.8.3/../../../../pic32mx/lib/liblega-c.a(_iobfuncs.o)

.data%z18       0x00000000        0x0
 .data          0x00000000        0x0 /opt/microchip/xc32/v2.05/bin/bin/../../lib/gcc/pic32mx/4.8.3/../../../../pic32mx/lib/liblega-c.a(_iobfuncs.o)

.bss%z19        0x00000000        0x0
 .bss           0x00000000        0x0 /opt/microchip/xc32/v2.05/bin/bin/../../lib/gcc/pic32mx/4.8.3/../../../../pic32mx/lib/liblega-c.a(_doprnt_cdnopuxX.eo)

.data%z20       0x00000000        0x0
 .data          0x00000000        0x0 /opt/microchip/xc32/v2.05/bin/bin/../../lib/gcc/pic32mx/4.8.3/../../../../pic32mx/lib/liblega-c.a(_doprnt_cdnopuxX.eo)

.data%z21       0x00000000        0x0
 .data          0x00000000        0x0 /opt/microchip/xc32/v2.05/bin/bin/../../lib/gcc/pic32mx/4.8.3/../../../../pic32mx/lib/liblega-c.a(stubs.o)

.bss%z22        0x00000000        0x0
 .bss           0x00000000        0x0 /opt/microchip/xc32/v2.05/bin/bin/../../lib/gcc/pic32mx/4.8.3/../../../../pic32mx/lib/liblega-c.a(printf_cdnopuxX.eo)

.data%z23       0x00000000        0x0
 .data          0x00000000        0x0 /opt/microchip/xc32/v2.05/bin/bin/../../lib/gcc/pic32mx/4.8.3/../../../../pic32mx/lib/liblega-c.a(printf_cdnopuxX.eo)

.bss%z24        0x00000000        0x0
 .bss           0x00000000        0x0 /opt/microchip/xc32/v2.05/bin/bin/../../lib/gcc/pic32mx/4.8.3/../../../../pic32mx/lib/liblega-c.a(rand.o)

.bss%z25        0x00000000        0x0
 .bss           0x00000000        0x0 /opt/microchip/xc32/v2.05/bin/bin/../../lib/gcc/pic32mx/4.8.3/../../../../pic32mx/lib/libpic32.a(defaultinterrupt.o)

.data%z26       0x00000000        0x0
 .data          0x00000000        0x0 /opt/microchip/xc32/v2.05/bin/bin/../../lib/gcc/pic32mx/4.8.3/../../../../pic32mx/lib/libpic32.a(defaultinterrupt.o)

.bss%z27        0x00000000        0x0
 .bss           0x00000000        0x0 /opt/microchip/xc32/v2.05/bin/bin/../../lib/gcc/pic32mx/4.8.3/../../../../pic32mx/lib/libpic32.a(default-general-exception-handler.o)

.data%z28       0x00000000        0x0
 .data          0x00000000        0x0 /opt/microchip/xc32/v2.05/bin/bin/../../lib/gcc/pic32mx/4.8.3/../../../../pic32mx/lib/libpic32.a(default-general-exception-handler.o)

.bss%z29        0x00000000        0x0
 .bss           0x00000000        0x0 /opt/microchip/xc32/v2.05/bin/bin/../../lib/gcc/pic32mx/4.8.3/../../../../pic32mx/lib/libpic32.a(vector44.o)

.data%z30       0x00000000        0x0
 .data          0x00000000        0x0 /opt/microchip/xc32/v2.05/bin/bin/../../lib/gcc/pic32mx/4.8.3/../../../../pic32mx/lib/libpic32.a(vector44.o)

.bss%z31        0x00000000        0x0
 .bss           0x00000000        0x0 /opt/microchip/xc32/v2.05/bin/bin/../../lib/gcc/pic32mx/4.8.3/../../../../pic32mx/lib/libpic32.a(vector43.o)

.data%z32       0x00000000        0x0
 .data          0x00000000        0x0 /opt/microchip/xc32/v2.05/bin/bin/../../lib/gcc/pic32mx/4.8.3/../../../../pic32mx/lib/libpic32.a(vector43.o)

.bss%z33        0x00000000        0x0
 .bss           0x00000000        0x0 /opt/microchip/xc32/v2.05/bin/bin/../../lib/gcc/pic32mx/4.8.3/../../../../pic32mx/lib/libpic32.a(vector42.o)

.data%z34       0x00000000        0x0
 .data          0x00000000        0x0 /opt/microchip/xc32/v2.05/bin/bin/../../lib/gcc/pic32mx/4.8.3/../../../../pic32mx/lib/libpic32.a(vector42.o)

.bss%z35        0x00000000        0x0
 .bss           0x00000000        0x0 /opt/microchip/xc32/v2.05/bin/bin/../../lib/gcc/pic32mx/4.8.3/../../../../pic32mx/lib/libpic32.a(vector41.o)

.data%z36       0x00000000        0x0
 .data          0x00000000        0x0 /opt/microchip/xc32/v2.05/bin/bin/../../lib/gcc/pic32mx/4.8.3/../../../../pic32mx/lib/libpic32.a(vector41.o)

.bss%z37        0x00000000        0x0
 .bss           0x00000000        0x0 /opt/microchip/xc32/v2.05/bin/bin/../../lib/gcc/pic32mx/4.8.3/../../../../pic32mx/lib/libpic32.a(vector40.o)

.data%z38       0x00000000        0x0
 .data          0x00000000        0x0 /opt/microchip/xc32/v2.05/bin/bin/../../lib/gcc/pic32mx/4.8.3/../../../../pic32mx/lib/libpic32.a(vector40.o)

.bss%z39        0x00000000        0x0