Archive member included because of file (symbol)

/opt/microchip/xc32/v2.05/bin/bin/../../lib/gcc/pic32mx/4.8.3/../../../../pic32mx/lib/libmchp_peripheral.a(read_core_timer_lib.o)
                              build/default/production/OledDriver.o (ReadCoreTimer)
/opt/microchip/xc32/v2.05/bin/bin/../../lib/gcc/pic32mx/4.8.3/../../../../pic32mx/lib/libmchp_peripheral_32MX340F512H.a(pcache.o)
                              build/default/production/BOARD.o (CheKseg0CacheOn)
/opt/microchip/xc32/v2.05/bin/bin/../../lib/gcc/pic32mx/4.8.3/../../../../pic32mx/lib/libmchp_peripheral_32MX340F512H.a(osc_config_lib.o)
                              build/default/production/BOARD.o (OSCConfig)
/opt/microchip/xc32/v2.05/bin/bin/../../lib/gcc/pic32mx/4.8.3/../../../../pic32mx/lib/libmchp_peripheral_32MX340F512H.a(int_disable_interrupts_lib.o)
                              build/default/production/BOARD.o (INTDisableInterrupts)
/opt/microchip/xc32/v2.05/bin/bin/../../lib/gcc/pic32mx/4.8.3/../../../../pic32mx/lib/libmchp_peripheral_32MX340F512H.a(int_restore_interrupts_lib.o)
                              build/default/production/BOARD.o (INTRestoreInterrupts)
/opt/microchip/xc32/v2.05/bin/bin/../../lib/gcc/pic32mx/4.8.3/../../../../pic32mx/lib/libmchp_peripheral_32MX340F512H.a(spi_chn_open_lib.o)
                              build/default/production/OledDriver.o (SpiChnOpen)
/opt/microchip/xc32/v2.05/bin/bin/../../lib/gcc/pic32mx/4.8.3/../../../../pic32mx/lib/libmchp_peripheral_32MX340F512H.a(spi_io_tbl_libp.o)
                              /opt/microchip/xc32/v2.05/bin/bin/../../lib/gcc/pic32mx/4.8.3/../../../../pic32mx/lib/libmchp_peripheral_32MX340F512H.a(spi_chn_open_lib.o) (_SpiIoTbl)
/opt/microchip/xc32/v2.05/bin/bin/../../lib/gcc/pic32mx/4.8.3/../../../../pic32mx/lib/libmchp_peripheral_32MX340F512H.a(spi_map_tbl_libp.o)
                              /opt/microchip/xc32/v2.05/bin/bin/../../lib/gcc/pic32mx/4.8.3/../../../../pic32mx/lib/libmchp_peripheral_32MX340F512H.a(spi_chn_open_lib.o) (_SpiMapTbl)
/opt/microchip/xc32/v2.05/bin/bin/../../lib/gcc/pic32mx/4.8.3/../../../../pic32mx/lib/libmchp_peripheral_32MX340F512H.a(port_set_pins_digital_in_lib.o)
                              /opt/microchip/xc32/v2.05/bin/bin/../../lib/gcc/pic32mx/4.8.3/../../../../pic32mx/lib/libmchp_peripheral_32MX340F512H.a(spi_chn_open_lib.o) (PORTSetPinsDigitalIn)
/opt/microchip/xc32/v2.05/bin/bin/../../lib/gcc/pic32mx/4.8.3/../../../../pic32mx/lib/libmchp_peripheral_32MX340F512H.a(port_set_pins_digital_out_lib.o)
                              build/default/production/OledDriver.o (PORTSetPinsDigitalOut)
/opt/microchip/xc32/v2.05/bin/bin/../../lib/gcc/pic32mx/4.8.3/../../../../pic32mx/lib/libmchp_peripheral_32MX340F512H.a(port_clear_bits_lib.o)
                              build/default/production/OledDriver.o (PORTClearBits)
/opt/microchip/xc32/v2.05/bin/bin/../../lib/gcc/pic32mx/4.8.3/../../../../pic32mx/lib/libmchp_peripheral_32MX340F512H.a(port_set_bits_lib.o)
                              build/default/production/OledDriver.o (PORTSetBits)
/opt/microchip/xc32/v2.05/bin/bin/../../lib/gcc/pic32mx/4.8.3/../../../../pic32mx/lib/libmchp_peripheral_32MX340F512H.a(_ports_tbl_libp.o)
                              /opt/microchip/xc32/v2.05/bin/bin/../../lib/gcc/pic32mx/4.8.3/../../../../pic32mx/lib/libmchp_peripheral_32MX340F512H.a(port_set_pins_digital_in_lib.o) (PortRegTbl)
/opt/microchip/xc32/v2.05/bin/bin/../../lib/gcc/pic32mx/4.8.3/../../../../pic32mx/lib/libmchp_peripheral_32MX340F512H.a(int_tbl_lib.o)
                              /opt/microchip/xc32/v2.05/bin/bin/../../lib/gcc/pic32mx/4.8.3/../../../../pic32mx/lib/libmchp_peripheral_32MX340F512H.a(spi_chn_open_lib.o) (INTClearFlag)
/opt/microchip/xc32/v2.05/bin/bin/../../lib/gcc/pic32mx/4.8.3/../../../../pic32mx/lib/libpic32.a(default-bootstrap-exception-handler.o)
                              /opt/microchip/xc32/v2.05/bin/bin/../../lib/gcc/pic32mx/4.8.3/../../../../pic32mx/lib/./proc/32MX340F512H/crt0_mips32r2.o (_bootstrap_exception_handler)
/opt/microchip/xc32/v2.05/bin/bin/../../lib/gcc/pic32mx/4.8.3/../../../../pic32mx/lib/libpic32.a(default-on-reset.o)
                              /opt/microchip/xc32/v2.05/bin/bin/../../lib/gcc/pic32mx/4.8.3/../../../../pic32mx/lib/./proc/32MX340F512H/crt0_mips32r2.o (_on_reset)
/opt/microchip/xc32/v2.05/bin/bin/../../lib/gcc/pic32mx/4.8.3/../../../../pic32mx/lib/libpic32.a(default-on-bootstrap.o)
                              /opt/microchip/xc32/v2.05/bin/bin/../../lib/gcc/pic32mx/4.8.3/../../../../pic32mx/lib/./proc/32MX340F512H/crt0_mips32r2.o (_on_bootstrap)
/opt/microchip/xc32/v2.05/bin/bin/../../lib/gcc/pic32mx/4.8.3/../../../../pic32mx/lib/libpic32.a(default-nmi-handler.o)
                              /opt/microchip/xc32/v2.05/bin/bin/../../lib/gcc/pic32mx/4.8.3/../../../../pic32mx/lib/./proc/32MX340F512H/crt0_mips32r2.o (_nmi_handler)
[...]
Memory Configuration

Name             Origin             Length             Attributes
kseg0_program_mem 0x9d000000         0x00080000         xr
kseg0_boot_mem   0x9fc00490         0x00000970
exception_mem    0x9fc01000         0x00001000
kseg1_boot_mem   0xbfc00000         0x00000490
debug_exec_mem   0xbfc02000         0x00000ff0
config3          0xbfc02ff0         0x00000004
config2          0xbfc02ff4         0x00000004
config1          0xbfc02ff8         0x00000004
config0          0xbfc02ffc         0x00000004
kseg1_data_mem   0xa0000000         0x00008000         w !x
sfrs             0xbf800000         0x00100000
configsfrs       0xbfc02ff0         0x00000010
*default*        0x00000000         0xffffffff

Linker script and memory map

LOAD /opt/microchip/xc32/v2.05/bin/bin/../../lib/gcc/pic32mx/4.8.3/../../../../pic32mx/lib/./proc/32MX340F512H/crt0_mips32r2.o
LOAD /opt/microchip/xc32/v2.05/bin/bin/../../lib/gcc/pic32mx/4.8.3/../../../../pic32mx/lib/debug-exception-return.o
LOAD build/default/production/BOARD.o
LOAD build/default/production/Oled.o
LOAD build/default/production/OledDriver.o
LOAD build/default/production/demuno.o
LOAD build/default/production/Ascii.o
LOAD build/default/production/plot.o
                0x00000001                __MPLAB_BUILD = 0x1
LOAD /opt/microchip/xc32/v2.05/bin/bin/../../lib/gcc/pic32mx/4.8.3/../../../../pic32mx/lib/./proc/32MX340F512H/default_isr_vectors.o
LOAD /opt/microchip/xc32/v2.05/bin/bin/../../lib/gcc/pic32mx/4.8.3/../../../../pic32mx/lib/pic32_software_reset.o
                0x00000400                PROVIDE (_min_stack_size, 0x400)
LOAD /opt/microchip/xc32/v2.05/bin/bin/../../lib/gcc/pic32mx/4.8.3/../../../../pic32mx/lib/./proc/32MX340F512H/processor.o
START GROUP
LOAD /opt/microchip/xc32/v2.05/bin/bin/../../lib/gcc/pic32mx/4.8.3/../../../../pic32mx/lib/libmchp_peripheral.a
END GROUP
START GROUP
LOAD /opt/microchip/xc32/v2.05/bin/bin/../../lib/gcc/pic32mx/4.8.3/../../../../pic32mx/lib/libmchp_peripheral_32MX340F512H.a
END GROUP
                0x00000001                PROVIDE (_vector_spacing, 0x1)
                0x9fc01000                PROVIDE (_ebase_address, 0x9fc01000)
                0xbfc00000                _RESET_ADDR = 0xbfc00000
                0xbfc00380                _BEV_EXCPT_ADDR = 0xbfc00380
                0xbfc00480                _DBG_EXCPT_ADDR = 0xbfc00480
                0xbfc02000                _DBG_CODE_ADDR = 0xbfc02000
                0x00000ff0                _DBG_CODE_SIZE = 0xff0
                0x9fc01180                _GEN_EXCPT_ADDR = (_ebase_address + 0x180)

.config_BFC02FF0
 *(.config_BFC02FF0)

.config_BFC02FF4
                0xbfc02ff4        0x4
 *(.config_BFC02FF4)
 .config_BFC02FF4
                0xbfc02ff4        0x4 build/default/production/BOARD.o

.config_BFC02FF8
                0xbfc02ff8        0x4
 *(.config_BFC02FF8)
 .config_BFC02FF8
                0xbfc02ff8        0x4 build/default/production/BOARD.o

.config_BFC02FFC
                0xbfc02ffc        0x4
 *(.config_BFC02FFC)
 .config_BFC02FFC
                0xbfc02ffc        0x4 build/default/production/BOARD.o
                0xbfc02000                PROVIDE (_DBG_CODE_ADDR, 0xbfc02000)
                0x00000ff0                PROVIDE (_DBG_CODE_SIZE, 0xff0)

.reset          0xbfc00000      0x208
 *(.reset)
 .reset         0xbfc00000        0x8 /opt/microchip/xc32/v2.05/bin/bin/../../lib/gcc/pic32mx/4.8.3/../../../../pic32mx/lib/./proc/32MX340F512H/crt0_mips32r2.o
                0xbfc00000                _reset
 *(.reset.startup)
 .reset.startup
                0xbfc00008      0x200 /opt/microchip/xc32/v2.05/bin/bin/../../lib/gcc/pic32mx/4.8.3/../../../../pic32mx/lib/./proc/32MX340F512H/crt0_mips32r2.o
                0xbfc00008                _startup

.bev_excpt      0xbfc00380       0x10
 *(.bev_handler)
 .bev_handler   0xbfc00380       0x10 /opt/microchip/xc32/v2.05/bin/bin/../../lib/gcc/pic32mx/4.8.3/../../../../pic32mx/lib/./proc/32MX340F512H/crt0_mips32r2.o

.dbg_excpt      0xbfc00480        0x0
                0xbfc00480                . = (. + DEFINED (_DEBUGGER)?0x8:0x0)

.dbg_code       0xbfc02000        0x0
                0xbfc02000                . = (. + DEFINED (_DEBUGGER)?_DBG_CODE_SIZE:0x0)

.app_excpt      0x9fc01180       0x10
 *(.gen_handler)
 .gen_handler   0x9fc01180       0x10 /opt/microchip/xc32/v2.05/bin/bin/../../lib/gcc/pic32mx/4.8.3/../../../../pic32mx/lib/./proc/32MX340F512H/crt0_mips32r2.o

.vector_0       0x9fc01200        0x8
 *(.vector_0)
 .vector_0      0x9fc01200        0x8 /opt/microchip/xc32/v2.05/bin/bin/../../lib/gcc/pic32mx/4.8.3/../../../../pic32mx/lib/libpic32.a(vector0.o)
                0x9fc01200                __vector_dispatch_0
                0x00000001                ASSERT (((_vector_spacing == 0x0) || (SIZEOF (.vector_0) <= (_vector_spacing << 0x5))), function at exception vector 0 too large)

.vector_1       0x9fc01220        0x8
 *(.vector_1)
 .vector_1      0x9fc01220        0x8 /opt/microchip/xc32/v2.05/bin/bin/../../lib/gcc/pic32mx/4.8.3/../../../../pic32mx/lib/libpic32.a(vector1.o)
                0x9fc01220                __vector_dispatch_1
                0x00000001                ASSERT (((_vector_spacing == 0x0) || (SIZEOF (.vector_1) <= (_vector_spacing << 0x5))), function at exception vector 1 too large)

.vector_2       0x9fc01240        0x8
 *(.vector_2)
 .vector_2      0x9fc01240        0x8 /opt/microchip/xc32/v2.05/bin/bin/../../lib/gcc/pic32mx/4.8.3/../../../../pic32mx/lib/libpic32.a(vector2.o)
                0x9fc01240                __vector_dispatch_2
                0x00000001                ASSERT (((_vector_spacing == 0x0) || (SIZEOF (.vector_2) <= (_vector_spacing << 0x5))), function at exception vector 2 too large)

.vector_3       0x9fc01260        0x8
 *(.vector_3)
 .vector_3      0x9fc01260        0x8 /opt/microchip/xc32/v2.05/bin/bin/../../lib/gcc/pic32mx/4.8.3/../../../../pic32mx/lib/libpic32.a(vector3.o)
                0x9fc01260                __vector_dispatch_3
                0x00000001                ASSERT (((_vector_spacing == 0x0) || (SIZEOF (.vector_3) <= (_vector_spacing << 0x5))), function at exception vector 3 too large)

.vector_4       0x9fc01280        0x8
 *(.vector_4)
 .vector_4      0x9fc01280        0x8 /opt/microchip/xc32/v2.05/bin/bin/../../lib/gcc/pic32mx/4.8.3/../../../../pic32mx/lib/libpic32.a(vector4.o)
                0x9fc01280                __vector_dispatch_4
                0x00000001                ASSERT (((_vector_spacing == 0x0) || (SIZEOF (.vector_4) <= (_vector_spacing << 0x5))), function at exception vector 4 too large)

.vector_5       0x9fc012a0        0x8
 *(.vector_5)
 .vector_5      0x9fc012a0        0x8 /opt/microchip/xc32/v2.05/bin/bin/../../lib/gcc/pic32mx/4.8.3/../../../../pic32mx/lib/libpic32.a(vector5.o)
                0x9fc012a0                __vector_dispatch_5
                0x00000001                ASSERT (((_vector_spacing == 0x0) || (SIZEOF (.vector_5) <= (_vector_spacing << 0x5))), function at exception vector 5 too large)

.vector_6       0x9fc012c0        0x8
 *(.vector_6)
 .vector_6      0x9fc012c0        0x8 /opt/microchip/xc32/v2.05/bin/bin/../../lib/gcc/pic32mx/4.8.3/../../../../pic32mx/lib/libpic32.a(vector6.o)
                0x9fc012c0                __vector_dispatch_6
                0x00000001                ASSERT (((_vector_spacing == 0x0) || (SIZEOF (.vector_6) <= (_vector_spacing << 0x5))), function at exception vector 6 too large)

.vector_7       0x9fc012e0        0x8
 *(.vector_7)
 .vector_7      0x9fc012e0        0x8 /opt/microchip/xc32/v2.05/bin/bin/../../lib/gcc/pic32mx/4.8.3/../../../../pic32mx/lib/libpic32.a(vector7.o)
                0x9fc012e0                __vector_dispatch_7
                0x00000001                ASSERT (((_vector_spacing == 0x0) || (SIZEOF (.vector_7) <= (_vector_spacing << 0x5))), function at exception vector 7 too large)

.vector_8       0x9fc01300        0x8
 *(.vector_8)
 .vector_8      0x9fc01300        0x8 /opt/microchip/xc32/v2.05/bin/bin/../../lib/gcc/pic32mx/4.8.3/../../../../pic32mx/lib/libpic32.a(vector8.o)
                0x9fc01300                __vector_dispatch_8
                0x00000001                ASSERT (((_vector_spacing == 0x0) || (SIZEOF (.vector_8) <= (_vector_spacing << 0x5))), function at exception vector 8 too large)

.vector_9       0x9fc01320        0x8
 *(.vector_9)
 .vector_9      0x9fc01320        0x8 /opt/microchip/xc32/v2.05/bin/bin/../../lib/gcc/pic32mx/4.8.3/../../../../pic32mx/lib/libpic32.a(vector9.o)
                0x9fc01320                __vector_dispatch_9
                0x00000001                ASSERT (((_vector_spacing == 0x0) || (SIZEOF (.vector_9) <= (_vector_spacing << 0x5))), function at exception vector 9 too large)

.vector_10      0x9fc01340        0x8
 *(.vector_10)
 .vector_10     0x9fc01340        0x8 /opt/microchip/xc32/v2.05/bin/bin/../../lib/gcc/pic32mx/4.8.3/../../../../pic32mx/lib/libpic32.a(vector10.o)
                0x9fc01340                __vector_dispatch_10
                0x00000001                ASSERT (((_vector_spacing == 0x0) || (SIZEOF (.vector_10) <= (_vector_spacing << 0x5))), function at exception vector 10 too large)

.vector_11      0x9fc01360        0x8
 *(.vector_11)
 .vector_11     0x9fc01360        0x8 /opt/microchip/xc32/v2.05/bin/bin/../../lib/gcc/pic32mx/4.8.3/../../../../pic32mx/lib/libpic32.a(vector11.o)
                0x9fc01360                __vector_dispatch_11
                0x00000001                ASSERT (((_vector_spacing == 0x0) || (SIZEOF (.vector_11) <= (_vector_spacing << 0x5))), function at exception vector 11 too large)

.vector_12      0x9fc01380        0x8
 *(.vector_12)
 .vector_12     0x9fc01380        0x8 /opt/microchip/xc32/v2.05/bin/bin/../../lib/gcc/pic32mx/4.8.3/../../../../pic32mx/lib/libpic32.a(vector12.o)
                0x9fc01380                __vector_dispatch_12
                0x00000001                ASSERT (((_vector_spacing == 0x0) || (SIZEOF (.vector_12) <= (_vector_spacing << 0x5))), function at exception vector 12 too large)

.vector_13      0x9fc013a0        0x8
 *(.vector_13)
 .vector_13     0x9fc013a0        0x8 /opt/microchip/xc32/v2.05/bin/bin/../../lib/gcc/pic32mx/4.8.3/../../../../pic32mx/lib/libpic32.a(vector13.o)
                0x9fc013a0                __vector_dispatch_13
                0x00000001                ASSERT (((_vector_spacing == 0x0) || (SIZEOF (.vector_13) <= (_vector_spacing << 0x5))), function at exception vector 13 too large)

.vector_14      0x9fc013c0        0x8
 *(.vector_14)
 .vector_14     0x9fc013c0        0x8 /opt/microchip/xc32/v2.05/bin/bin/../../lib/gcc/pic32mx/4.8.3/../../../../pic32mx/lib/libpic32.a(vector14.o)
                0x9fc013c0                __vector_dispatch_14
                0x00000001                ASSERT (((_vector_spacing == 0x0) || (SIZEOF (.vector_14) <= (_vector_spacing << 0x5))), function at exception vector 14 too large)

.vector_15      0x9fc013e0        0x8
 *(.vector_15)
 .vector_15     0x9fc013e0        0x8 /opt/microchip/xc32/v2.05/bin/bin/../../lib/gcc/pic32mx/4.8.3/../../../../pic32mx/lib/libpic32.a(vector15.o)
                0x9fc013e0                __vector_dispatch_15
                0x00000001                ASSERT (((_vector_spacing == 0x0) || (SIZEOF (.vector_15) <= (_vector_spacing << 0x5))), function at exception vector 15 too large)

.vector_16      0x9fc01400        0x8
 *(.vector_16)
 .vector_16     0x9fc01400        0x8 /opt/microchip/xc32/v2.05/bin/bin/../../lib/gcc/pic32mx/4.8.3/../../../../pic32mx/lib/libpic32.a(vector16.o)
                0x9fc01400                __vector_dispatch_16
                0x00000001                ASSERT (((_vector_spacing == 0x0) || (SIZEOF (.vector_16) <= (_vector_spacing << 0x5))), function at exception vector 16 too large)

.vector_17      0x9fc01420        0x8
 *(.vector_17)
 .vector_17     0x9fc01420        0x8 /opt/microchip/xc32/v2.05/bin/bin/../../lib/gcc/pic32mx/4.8.3/../../../../pic32mx/lib/libpic32.a(vector17.o)
                0x9fc01420                __vector_dispatch_17
                0x00000001                ASSERT (((_vector_spacing == 0x0) || (SIZEOF (.vector_17) <= (_vector_spacing << 0x5))), function at exception vector 17 too large)

.vector_18      0x9fc01440        0x8
 *(.vector_18)
 .vector_18     0x9fc01440        0x8 /opt/microchip/xc32/v2.05/bin/bin/../../lib/gcc/pic32mx/4.8.3/../../../../pic32mx/lib/libpic32.a(vector18.o)
                0x9fc01440                __vector_dispatch_18
                0x00000001                ASSERT (((_vector_spacing == 0x0) || (SIZEOF (.vector_18) <= (_vector_spacing << 0x5))), function at exception vector 18 too large)

.vector_19      0x9fc01460        0x8
 *(.vector_19)
 .vector_19     0x9fc01460        0x8 /opt/microchip/xc32/v2.05/bin/bin/../../lib/gcc/pic32mx/4.8.3/../../../../pic32mx/lib/libpic32.a(vector19.o)
                0x9fc01460                __vector_dispatch_19
                0x00000001                ASSERT (((_vector_spacing == 0x0) || (SIZEOF (.vector_19) <= (_vector_spacing << 0x5))), function at exception vector 19 too large)

.vector_20      0x9fc01480        0x8
 *(.vector_20)
 .vector_20     0x9fc01480        0x8 /opt/microchip/xc32/v2.05/bin/bin/../../lib/gcc/pic32mx/4.8.3/../../../../pic32mx/lib/libpic32.a(vector20.o)
                0x9fc01480                __vector_dispatch_20
                0x00000001                ASSERT (((_vector_spacing == 0x0) || (SIZEOF (.vector_20) <= (_vector_spacing << 0x5))), function at exception vector 20 too large)

.vector_21      0x9fc014a0        0x8
 *(.vector_21)
 .vector_21     0x9fc014a0        0x8 /opt/microchip/xc32/v2.05/bin/bin/../../lib/gcc/pic32mx/4.8.3/../../../../pic32mx/lib/libpic32.a(vector21.o)
                0x9fc014a0                __vector_dispatch_21
                0x00000001                ASSERT (((_vector_spacing == 0x0) || (SIZEOF (.vector_21) <= (_vector_spacing << 0x5))), function at exception vector 21 too large)

.vector_22      0x9fc014c0        0x8
 *(.vector_22)
 .vector_22     0x9fc014c0        0x8 /opt/microchip/xc32/v2.05/bin/bin/../../lib/gcc/pic32mx/4.8.3/../../../../pic32mx/lib/libpic32.a(vector22.o)
                0x9fc014c0                __vector_dispatch_22
                0x00000001                ASSERT (((_vector_spacing == 0x0) || (SIZEOF (.vector_22) <= (_vector_spacing << 0x5))), function at exception vector 22 too large)

.vector_23      0x9fc014e0        0x8
 *(.vector_23)
 .vector_23     0x9fc014e0        0x8 /opt/microchip/xc32/v2.05/bin/bin/../../lib/gcc/pic32mx/4.8.3/../../../../pic32mx/lib/libpic32.a(vector23.o)
                0x9fc014e0                __vector_dispatch_23
                0x00000001                ASSERT (((_vector_spacing == 0x0) || (SIZEOF (.vector_23) <= (_vector_spacing << 0x5))), function at exception vector 23 too large)

.vector_24      0x9fc01500        0x8
 *(.vector_24)
 .vector_24     0x9fc01500        0x8 /opt/microchip/xc32/v2.05/bin/bin/../../lib/gcc/pic32mx/4.8.3/../../../../pic32mx/lib/libpic32.a(vector24.o)
                0x9fc01500                __vector_dispatch_24
                0x00000001                ASSERT (((_vector_spacing == 0x0) || (SIZEOF (.vector_24) <= (_vector_spacing << 0x5))), function at exception vector 24 too large)

.vector_25      0x9fc01520        0x8
 *(.vector_25)
 .vector_25     0x9fc01520        0x8 /opt/microchip/xc32/v2.05/bin/bin/../../lib/gcc/pic32mx/4.8.3/../../../../pic32mx/lib/libpic32.a(vector25.o)
                0x9fc01520                __vector_dispatch_25
                0x00000001                ASSERT (((_vector_spacing == 0x0) || (SIZEOF (.vector_25) <= (_vector_spacing << 0x5))), function at exception vector 25 too large)

.vector_26      0x9fc01540        0x8
 *(.vector_26)
 .vector_26     0x9fc01540        0x8 /opt/microchip/xc32/v2.05/bin/bin/../../lib/gcc/pic32mx/4.8.3/../../../../pic32mx/lib/libpic32.a(vector26.o)
                0x9fc01540                __vector_dispatch_26
                0x00000001                ASSERT (((_vector_spacing == 0x0) || (SIZEOF (.vector_26) <= (_vector_spacing << 0x5))), function at exception vector 26 too large)

.vector_27      0x9fc01560        0x8
 *(.vector_27)
 .vector_27     0x9fc01560        0x8 /opt/microchip/xc32/v2.05/bin/bin/../../lib/gcc/pic32mx/4.8.3/../../../../pic32mx/lib/libpic32.a(vector27.o)
                0x9fc01560                __vector_dispatch_27
                0x00000001                ASSERT (((_vector_spacing == 0x0) || (SIZEOF (.vector_27) <= (_vector_spacing << 0x5))), function at exception vector 27 too large)

.vector_28      0x9fc01580        0x8
 *(.vector_28)
 .vector_28     0x9fc01580        0x8 /opt/microchip/xc32/v2.05/bin/bin/../../lib/gcc/pic32mx/4.8.3/../../../../pic32mx/lib/libpic32.a(vector28.o)
                0x9fc01580                __vector_dispatch_28
                0x00000001                ASSERT (((_vector_spacing == 0x0) || (SIZEOF (.vector_28) <= (_vector_spacing << 0x5))), function at exception vector 28 too large)

.vector_29      0x9fc015a0        0x8
 *(.vector_29)
 .vector_29     0x9fc015a0        0x8 /opt/microchip/xc32/v2.05/bin/bin/../../lib/gcc/pic32mx/4.8.3/../../../../pic32mx/lib/libpic32.a(vector29.o)
                0x9fc015a0                __vector_dispatch_29
                0x00000001                ASSERT (((_vector_spacing == 0x0) || (SIZEOF (.vector_29) <= (_vector_spacing << 0x5))), function at exception vector 29 too large)

.vector_30      0x9fc015c0        0x8
 *(.vector_30)
 .vector_30     0x9fc015c0        0x8 /opt/microchip/xc32/v2.05/bin/bin/../../lib/gcc/pic32mx/4.8.3/../../../../pic32mx/lib/libpic32.a(vector30.o)
                0x9fc015c0                __vector_dispatch_30
                0x00000001                ASSERT (((_vector_spacing == 0x0) || (SIZEOF (.vector_30) <= (_vector_spacing << 0x5))), function at exception vector 30 too large)

.vector_31      0x9fc015e0        0x8
 *(.vector_31)
 .vector_31     0x9fc015e0        0x8 /opt/microchip/xc32/v2.05/bin/bin/../../lib/gcc/pic32mx/4.8.3/../../../../pic32mx/lib/libpic32.a(vector31.o)
                0x9fc015e0                __vector_dispatch_31
                0x00000001                ASSERT (((_vector_spacing == 0x0) || (SIZEOF (.vector_31) <= (_vector_spacing << 0x5))), function at exception vector 31 too large)

.vector_32      0x9fc01600        0x8
 *(.vector_32)
 .vector_32     0x9fc01600        0x8 /opt/microchip/xc32/v2.05/bin/bin/../../lib/gcc/pic32mx/4.8.3/../../../../pic32mx/lib/libpic32.a(vector32.o)
                0x9fc01600                __vector_dispatch_32
                0x00000001                ASSERT (((_vector_spacing == 0x0) || (SIZEOF (.vector_32) <= (_vector_spacing << 0x5))), function at exception vector 32 too large)

.vector_33      0x9fc01620        0x8
 *(.vector_33)
 .vector_33     0x9fc01620        0x8 /opt/microchip/xc32/v2.05/bin/bin/../../lib/gcc/pic32mx/4.8.3/../../../../pic32mx/lib/libpic32.a(vector33.o)
                0x9fc01620                __vector_dispatch_33
                0x00000001                ASSERT (((_vector_spacing == 0x0) || (SIZEOF (.vector_33) <= (_vector_spacing << 0x5))), function at exception vector 33 too large)

.vector_34      0x9fc01640        0x8
 *(.vector_34)
 .vector_34     0x9fc01640        0x8 /opt/microchip/xc32/v2.05/bin/bin/../../lib/gcc/pic32mx/4.8.3/../../../../pic32mx/lib/libpic32.a(vector34.o)
                0x9fc01640                __vector_dispatch_34
                0x00000001                ASSERT (((_vector_spacing == 0x0) || (SIZEOF (.vector_34) <= (_vector_spacing << 0x5))), function at exception vector 34 too large)

.vector_35      0x9fc01660        0x8
 *(.vector_35)
 .vector_35     0x9fc01660        0x8 /opt/microchip/xc32/v2.05/bin/bin/../../lib/gcc/pic32mx/4.8.3/../../../../pic32mx/lib/libpic32.a(vector35.o)
                0x9fc01660                __vector_dispatch_35
                0x00000001                ASSERT (((_vector_spacing == 0x0) || (SIZEOF (.vector_35) <= (_vector_spacing << 0x5))), function at exception vector 35 too large)

.vector_36      0x9fc01680        0x8
 *(.vector_36)
 .vector_36     0x9fc01680        0x8 /opt/microchip/xc32/v2.05/bin/bin/../../lib/gcc/pic32mx/4.8.3/../../../../pic32mx/lib/libpic32.a(vector36.o)
                0x9fc01680                __vector_dispatch_36
                0x00000001                ASSERT (((_vector_spacing == 0x0) || (SIZEOF (.vector_36) <= (_vector_spacing << 0x5))), function at exception vector 36 too large)

.vector_37      0x9fc016a0        0x8
 *(.vector_37)
 .vector_37     0x9fc016a0        0x8 /opt/microchip/xc32/v2.05/bin/bin/../../lib/gcc/pic32mx/4.8.3/../../../../pic32mx/lib/libpic32.a(vector37.o)
                0x9fc016a0                __vector_dispatch_37
                0x00000001                ASSERT (((_vector_spacing == 0x0) || (SIZEOF (.vector_37) <= (_vector_spacing << 0x5))), function at exception vector 37 too large)

.vector_38      0x9fc016c0        0x8
 *(.vector_38)
 .vector_38     0x9fc016c0        0x8 /opt/microchip/xc32/v2.05/bin/bin/../../lib/gcc/pic32mx/4.8.3/../../../../pic32mx/lib/libpic32.a(vector38.o)
                0x9fc016c0                __vector_dispatch_38
                0x00000001                ASSERT (((_vector_spacing == 0x0) || (SIZEOF (.vector_38) <= (_vector_spacing << 0x5))), function at exception vector 38 too large)

.vector_39      0x9fc016e0        0x8
 *(.vector_39)
 .vector_39     0x9fc016e0        0x8 /opt/microchip/xc32/v2.05/bin/bin/../../lib/gcc/pic32mx/4.8.3/../../../../pic32mx/lib/libpic32.a(vector39.o)
                0x9fc016e0                __vector_dispatch_39
                0x00000001                ASSERT (((_vector_spacing == 0x0) || (SIZEOF (.vector_39) <= (_vector_spacing << 0x5))), function at exception vector 39 too large)

.vector_40      0x9fc01700        0x8
 *(.vector_40)
 .vector_40     0x9fc01700        0x8 /opt/microchip/xc32/v2.05/bin/bin/../../lib/gcc/pic32mx/4.8.3/../../../../pic32mx/lib/libpic32.a(vector40.o)
                0x9fc01700                __vector_dispatch_40
                0x00000001                ASSERT (((_vector_spacing == 0x0) || (SIZEOF (.vector_40) <= (_vector_spacing << 0x5))), function at exception vector 40 too large)

.vector_41      0x9fc01720        0x8
 *(.vector_41)
 .vector_41     0x9fc01720        0x8 /opt/microchip/xc32/v2.05/bin/bin/../../lib/gcc/pic32mx/4.8.3/../../../../pic32mx/lib/libpic32.a(vector41.o)
                0x9fc01720                __vector_dispatch_41
                0x00000001                ASSERT (((_vector_spacing == 0x0) || (SIZEOF (.vector_41) <= (_vector_spacing << 0x5))), function at exception vector 41 too large)

.vector_42      0x9fc01740        0x8
 *(.vector_42)
 .vector_42     0x9fc01740        0x8 /opt/microchip/xc32/v2.05/bin/bin/../../lib/gcc/pic32mx/4.8.3/../../../../pic32mx/lib/libpic32.a(vector42.o)
                0x9fc01740                __vector_dispatch_42
                0x00000001                ASSERT (((_vector_spacing == 0x0) || (SIZEOF (.vector_42) <= (_vector_spacing << 0x5))), function at exception vector 42 too large)

.vector_43      0x9fc01760        0x8
 *(.vector_43)
 .vector_43     0x9fc01760        0x8 /opt/microchip/xc32/v2.05/bin/bin/../../lib/gcc/pic32mx/4.8.3/../../../../pic32mx/lib/libpic32.a(vector43.o)
                0x9fc01760                __vector_dispatch_43
                0x00000001                ASSERT (((_vector_spacing == 0x0) || (SIZEOF (.vector_43) <= (_vector_spacing << 0x5))), function at exception vector 43 too large)

.vector_44      0x9fc01780        0x8
 *(.vector_44)
 .vector_44     0x9fc01780        0x8 /opt/microchip/xc32/v2.05/bin/bin/../../lib/gcc/pic32mx/4.8.3/../../../../pic32mx/lib/libpic32.a(vector44.o)
                0x9fc01780                __vector_dispatch_44
                0x00000001                ASSERT (((_vector_spacing == 0x0) || (SIZEOF (.vector_44) <= (_vector_spacing << 0x5))), function at exception vector 44 too large)

.vector_45      0x9fc017a0        0x0
 *(.vector_45)
                0x00000001                ASSERT (((_vector_spacing == 0x0) || (SIZEOF (.vector_45) <= (_vector_spacing << 0x5))), function at exception vector 45 too large)

.vector_46      0x9fc017c0        0x0
 *(.vector_46)
                0x00000001                ASSERT (((_vector_spacing == 0x0) || (SIZEOF (.vector_46) <= (_vector_spacing << 0x5))), function at exception vector 46 too large)

.vector_47      0x9fc017e0        0x0
 *(.vector_47)
                0x00000001                ASSERT (((_vector_spacing == 0x0) || (SIZEOF (.vector_47) <= (_vector_spacing << 0x5))), function at exception vector 47 too large)

.vector_48      0x9fc01800        0x0
 *(.vector_48)
                0x00000001                ASSERT (((_vector_spacing == 0x0) || (SIZEOF (.vector_48) <= (_vector_spacing << 0x5))), function at exception vector 48 too large)

.vector_49      0x9fc01820        0x0
 *(.vector_49)
                0x00000001                ASSERT (((_vector_spacing == 0x0) || (SIZEOF (.vector_49) <= (_vector_spacing << 0x5))), function at exception vector 49 too large)

.vector_50      0x9fc01840        0x0
 *(.vector_50)
                0x00000001                ASSERT (((_vector_spacing == 0x0) || (SIZEOF (.vector_50) <= (_vector_spacing << 0x5))), function at exception vector 50 too large)

.vector_51      0x9fc01860        0x0
 *(.vector_51)
                0x00000001                ASSERT (((_vector_spacing == 0x0) || (SIZEOF (.vector_51) <= (_vector_spacing << 0x5))), function at exception vector 51 too large)

.vector_52      0x9fc01880        0x0
 *(.vector_52)
                0x00000001                ASSERT (((_vector_spacing == 0x0) || (SIZEOF (.vector_52) <= (_vector_spacing << 0x5))), function at exception vector 52 too large)

.vector_53      0x9fc018a0        0x0
 *(.vector_53)
                0x00000001                ASSERT (((_vector_spacing == 0x0) || (SIZEOF (.vector_53) <= (_vector_spacing << 0x5))), function at exception vector 53 too large)

.vector_54      0x9fc018c0        0x0
 *(.vector_54)
                0x00000001                ASSERT (((_vector_spacing == 0x0) || (SIZEOF (.vector_54) <= (_vector_spacing << 0x5))), function at exception vector 54 too large)

.vector_55      0x9fc018e0        0x0
 *(.vector_55)
                0x00000001                ASSERT (((_vector_spacing == 0x0) || (SIZEOF (.vector_55) <= (_vector_spacing << 0x5))), function at exception vector 55 too large)

.vector_56      0x9fc01900        0x0
 *(.vector_56)
                0x00000001                ASSERT (((_vector_spacing == 0x0) || (SIZEOF (.vector_56) <= (_vector_spacing << 0x5))), function at exception vector 56 too large)

.vector_57      0x9fc01920        0x0
 *(.vector_57)
                0x00000001                ASSERT (((_vector_spacing == 0x0) || (SIZEOF (.vector_57) <= (_vector_spacing << 0x5))), function at exception vector 57 too large)

.vector_58      0x9fc01940        0x0
 *(.vector_58)
                0x00000001                ASSERT (((_vector_spacing == 0x0) || (SIZEOF (.vector_58) <= (_vector_spacing << 0x5))), function at exception vector 58 too large)

.vector_59      0x9fc01960        0x0
 *(.vector_59)
                0x00000001                ASSERT (((_vector_spacing == 0x0) || (SIZEOF (.vector_59) <= (_vector_spacing << 0x5))), function at exception vector 59 too large)

.vector_60      0x9fc01980        0x0
 *(.vector_60)
                0x00000001                ASSERT (((_vector_spacing == 0x0) || (SIZEOF (.vector_60) <= (_vector_spacing << 0x5))), function at exception vector 60 too large)

.vector_61      0x9fc019a0        0x0
 *(.vector_61)
                0x00000001                ASSERT (((_vector_spacing == 0x0) || (SIZEOF (.vector_61) <= (_vector_spacing << 0x5))), function at exception vector 61 too large)

.vector_62      0x9fc019c0        0x0
 *(.vector_62)
                0x00000001                ASSERT (((_vector_spacing == 0x0) || (SIZEOF (.vector_62) <= (_vector_spacing << 0x5))), function at exception vector 62 too large)

.vector_63      0x9fc019e0        0x0
 *(.vector_63)
                0x00000001                ASSERT (((_vector_spacing == 0x0) || (SIZEOF (.vector_63) <= (_vector_spacing << 0x5))), function at exception vector 63 too large)

.startup
 *(.startup)

.text           0x9d000000        0x0
 *(.stub .gnu.linkonce.t.*)
 *(.text.*personality*)
 *(.mips16.fn.*)
 *(.mips16.call.*)
 *(.gnu.warning)
                0x9d000000                . = ALIGN (0x4)

.init           0x9d000000        0x0
 *crti.o(.init)
 *crtbegin.o(.init)
 *(EXCLUDE_FILE(*crtn.o *crtend?.o *crtend.o) .init)
 *crtend.o(.init)
 *crtn.o(.init)
                0x9d000000                . = ALIGN (0x4)

.fini           0x9d000000        0x0
 *(.fini)
                0x9d000000                . = ALIGN (0x4)

.preinit_array  0x9d000000        0x0
                0x9d000000                PROVIDE (__preinit_array_start, .)
 *(.preinit_array)
                0x9d000000                PROVIDE (__preinit_array_end, .)
                0x9d000000                . = ALIGN (0x4)

.init_array     0x9d000000        0x0
                0x9d000000                PROVIDE (__init_array_start, .)
 *(SORT(.init_array.*))
 *(.init_array)
                0x9d000000                PROVIDE (__init_array_end, .)
                0x9d000000                . = ALIGN (0x4)

.fini_array     0x9d000000        0x0
                0x9d000000                PROVIDE (__fini_array_start, .)
 *(SORT(.fini_array.*))
 *(.fini_array)
                0x9d000000                PROVIDE (__fini_array_end, .)
                0x9d000000                . = ALIGN (0x4)

.ctors          0x9d000000        0x0
 *crtbegin.o(.ctors)
 *crtbegin?.o(.ctors)
 *(EXCLUDE_FILE(*crtend?.o *crtend.o) .ctors)
 *(SORT(.ctors.*))
 *(.ctors)
                0x9d000000                . = ALIGN (0x4)

.dtors          0x9d000000        0x0
 *crtbegin.o(.dtors)
 *crtbegin?.o(.dtors)
 *(EXCLUDE_FILE(*crtend?.o *crtend.o) .dtors)
 *(SORT(.dtors.*))
 *(.dtors)
                0x9d000000                . = ALIGN (0x4)

.rodata         0x9d000000        0x0
 *(.gnu.linkonce.r.*)
 *(.rodata1)
                0x9d000000                . = ALIGN (0x4)

.sdata2         0x9fc00490        0x0
 *(.sdata2 .sdata2.* .gnu.linkonce.s2.*)
                0x9fc00490                . = ALIGN (0x4)

.sbss2          0x9fc00490        0x0
 *(.sbss2 .sbss2.* .gnu.linkonce.sb2.*)
                0x9fc00490                . = ALIGN (0x4)

.eh_frame_hdr
 *(.eh_frame_hdr)
                0x9fc00490                . = ALIGN (0x4)

.eh_frame
 *(.eh_frame)
                0x9fc00490                . = ALIGN (0x4)

.gcc_except_table
 *(.gcc_except_table .gcc_except_table.*)
                0x9fc00490                . = ALIGN (0x4)

.dbg_data       0xa0000000        0x0
                0xa0000000                . = (. + DEFINED (_DEBUGGER)?0x200:0x0)

.jcr            0xa0000000        0x0
 *(.jcr)
                0xa0000000                . = ALIGN (0x4)

.eh_frame
 *(.eh_frame)
                0xa0000000                . = ALIGN (0x4)

.gcc_except_table
 *(.gcc_except_table .gcc_except_table.*)
                0xa0000000                . = ALIGN (0x4)

.persist        0xa0000000        0x0
                0xa0000000                _persist_begin = .
 *(.persist .persist.*)
 *(.pbss .pbss.*)
                0xa0000000                . = ALIGN (0x4)
                0xa0000000                _persist_end = .

.data           0xa0000000        0x0
 *(.gnu.linkonce.d.*)
 *(.data1)
                0xa0000000                . = ALIGN (0x4)
                0xa0000000                . = .
                0xa0007ff0                _gp = (ALIGN (0x10) + 0x7ff0)

.got            0xa0000000        0x0
 *(.got.plt)
 *(.got)
                0xa0000000                . = ALIGN (0x4)

.sdata          0xa0000000        0x8
                0xa0000000                _sdata_begin = .
 *(.sdata .sdata.* .gnu.linkonce.s.*)
 .sdata         0xa0000000        0x4 /opt/microchip/xc32/v2.05/bin/bin/../../lib/gcc/pic32mx/4.8.3/../../../../pic32mx/lib/libpic32.a(xc32_uart.o)
                0xa0000000                __XC_UART
 .sdata         0xa0000004        0x4 /opt/microchip/xc32/v2.05/bin/bin/../../lib/gcc/pic32mx/4.8.3/../../../../pic32mx/lib/liblega-c.a(_iobdata.o)
                0xa0000004                _libc_data
                0xa0000008                . = ALIGN (0x4)
                0xa0000008                _sdata_end = .

.lit8
 *(.lit8)

.lit4
 *(.lit4)
                0xa0000008                . = ALIGN (0x4)
                0xa0000008                _data_end = .
                0xa0000008                _bss_begin = .

.sbss           0xa0000008        0x4
                0xa0000008                _sbss_begin = .
 *(.dynsbss)
 *(.sbss .sbss.* .gnu.linkonce.sb.*)
 .sbss          0xa0000008        0x4 /opt/microchip/xc32/v2.05/bin/bin/../../lib/gcc/pic32mx/4.8.3/../../../../pic32mx/lib/liblega-c.a(errno.o)
                0xa0000008                errno
 *(.scommon)
                0xa000000c                _sbss_end = .
                0xa000000c                . = ALIGN (0x4)

.bss            0xa000000c      0x200
 *(.dynbss)
 *(COMMON)
 COMMON         0xa000000c      0x200 build/default/production/OledDriver.o
                0xa000000c                rgbOledBmp
                0xa000020c                . = ALIGN ((. != 0x0)?0x4:0x1)
                0xa000020c                . = ALIGN (0x4)
                0xa000020c                _end = .
                0xa000020c                _bss_end = .
                0x00008000                _bmxdudba_address = 0x8000
                0x00008000                _bmxdupba_address = 0x8000

/DISCARD/
 *(.pdr)
 *(.rel.dyn)
 *(.note.GNU-stack)
 *(.note.GNU-stack)
 *(.gnu_debuglink)
 *(.gnu.lto_*)
 *(.discard)

.gptab.sdata
 *(.gptab.data)
 *(.gptab.sdata)

.gptab.sbss
 *(.gptab.bss)
 *(.gptab.sbss)

.mdebug.abi32   0xa000020c        0x0
 *(.mdebug.abi32)
 .mdebug.abi32  0xa000020c        0x0 build/default/production/BOARD.o
 .mdebug.abi32  0xa000020c        0x0 build/default/production/Oled.o
 .mdebug.abi32  0xa000020c        0x0 build/default/production/OledDriver.o
 .mdebug.abi32  0xa000020c        0x0 build/default/production/demuno.o
 .mdebug.abi32  0xa000020c        0x0 build/default/production/Ascii.o
 .mdebug.abi32  0xa000020c        0x0 build/default/production/plot.o
 .mdebug.abi32  0xa000020c        0x0 /opt/microchip/xc32/v2.05/bin/bin/../../lib/gcc/pic32mx/4.8.3/../../../../pic32mx/lib/libmchp_peripheral.a(read_core_timer_lib.o)
 .mdebug.abi32  0xa000020c        0x0 /opt/microchip/xc32/v2.05/bin/bin/../../lib/gcc/pic32mx/4.8.3/../../../../pic32mx/lib/libmchp_peripheral_32MX340F512H.a(pcache.o)
 .mdebug.abi32  0xa000020c        0x0 /opt/microchip/xc32/v2.05/bin/bin/../../lib/gcc/pic32mx/4.8.3/../../../../pic32mx/lib/libmchp_peripheral_32MX340F512H.a(osc_config_lib.o)
 .mdebug.abi32  0xa000020c        0x0 /opt/microchip/xc32/v2.05/bin/bin/../../lib/gcc/pic32mx/4.8.3/../../../../pic32mx/lib/libmchp_peripheral_32MX340F512H.a(int_disable_interrupts_lib.o)
 .mdebug.abi32  0xa000020c        0x0 /opt/microchip/xc32/v2.05/bin/bin/../../lib/gcc/pic32mx/4.8.3/../../../../pic32mx/lib/libmchp_peripheral_32MX340F512H.a(int_restore_interrupts_lib.o)
 .mdebug.abi32  0xa000020c        0x0 /opt/microchip/xc32/v2.05/bin/bin/../../lib/gcc/pic32mx/4.8.3/../../../../pic32mx/lib/libmchp_peripheral_32MX340F512H.a(spi_chn_open_lib.o)
 .mdebug.abi32  0xa000020c        0x0 /opt/microchip/xc32/v2.05/bin/bin/../../lib/gcc/pic32mx/4.8.3/../../../../pic32mx/lib/libmchp_peripheral_32MX340F512H.a(spi_io_tbl_libp.o)
 .mdebug.abi32  0xa000020c        0x0 /opt/microchip/xc32/v2.05/bin/bin/../../lib/gcc/pic32mx/4.8.3/../../../../pic32mx/lib/libmchp_peripheral_32MX340F512H.a(spi_map_tbl_libp.o)
 .mdebug.abi32  0xa000020c        0x0 /opt/microchip/xc32/v2.05/bin/bin/../../lib/gcc/pic32mx/4.8.3/../../../../pic32mx/lib/libmchp_peripheral_32MX340F512H.a(port_set_pins_digital_in_lib.o)
 .mdebug.abi32  0xa000020c        0x0 /opt/microchip/xc32/v2.05/bin/bin/../../lib/gcc/pic32mx/4.8.3/../../../../pic32mx/lib/libmchp_peripheral_32MX340F512H.a(port_set_pins_digital_out_lib.o)
 .mdebug.abi32  0xa000020c        0x0 /opt/microchip/xc32/v2.05/bin/bin/../../lib/gcc/pic32mx/4.8.3/../../../../pic32mx/lib/libmchp_peripheral_32MX340F512H.a(port_clear_bits_lib.o)
 .mdebug.abi32  0xa000020c        0x0 /opt/microchip/xc32/v2.05/bin/bin/../../lib/gcc/pic32mx/4.8.3/../../../../pic32mx/lib/libmchp_peripheral_32MX340F512H.a(port_set_bits_lib.o)
 .mdebug.abi32  0xa000020c        0x0 /opt/microchip/xc32/v2.05/bin/bin/../../lib/gcc/pic32mx/4.8.3/../../../../pic32mx/lib/libmchp_peripheral_32MX340F512H.a(_ports_tbl_libp.o)
 .mdebug.abi32  0xa000020c        0x0 /opt/microchip/xc32/v2.05/bin/bin/../../lib/gcc/pic32mx/4.8.3/../../../../pic32mx/lib/libmchp_peripheral_32MX340F512H.a(int_tbl_lib.o)
 .mdebug.abi32  0xa000020c        0x0 /opt/microchip/xc32/v2.05/bin/bin/../../lib/gcc/pic32mx/4.8.3/../../../../pic32mx/lib/libpic32.a(default-bootstrap-exception-handler.o)
 .mdebug.abi32  0xa000020c        0x0 /opt/microchip/xc32/v2.05/bin/bin/../../lib/gcc/pic32mx/4.8.3/../../../../pic32mx/lib/libpic32.a(default-on-reset.o)
 .mdebug.abi32  0xa000020c        0x0 /opt/microchip/xc32/v2.05/bin/bin/../../lib/gcc/pic32mx/4.8.3/../../../../pic32mx/lib/libpic32.a(default-on-bootstrap.o)
 .mdebug.abi32  0xa000020c        0x0 /opt/microchip/xc32/v2.05/bin/bin/../../lib/gcc/pic32mx/4.8.3/../../../../pic32mx/lib/libpic32.a(xc32_uart.o)
 .mdebug.abi32  0xa000020c        0x0 /opt/microchip/xc32/v2.05/bin/bin/../../lib/gcc/pic32mx/4.8.3/../../../../pic32mx/lib/libpic32.a(default-general-exception-handler.o)
 .mdebug.abi32  0xa000020c        0x0 /opt/microchip/xc32/v2.05/bin/bin/../../lib/gcc/pic32mx/4.8.3/../../../../pic32mx/lib/libpic32.a(defaultinterrupt.o)
 .mdebug.abi32  0xa000020c        0x0 /opt/microchip/xc32/v2.05/bin/bin/../../lib/gcc/pic32mx/4.8.3/../../../../pic32mx/lib/liblega-c.a(rand.o)
 .mdebug.abi32  0xa000020c        0x0 /opt/microchip/xc32/v2.05/bin/bin/../../lib/gcc/pic32mx/4.8.3/../../../../pic32mx/lib/liblega-c.a(printf_cdnopuxX.eo)
 .mdebug.abi32  0xa000020c        0x0 /opt/microchip/xc32/v2.05/bin/bin/../../lib/gcc/pic32mx/4.8.3/../../../../pic32mx/lib/liblega-c.a(stubs.o)
 .mdebug.abi32  0xa000020c        0x0 /opt/microchip/xc32/v2.05/bin/bin/../../lib/gcc/pic32mx/4.8.3/../../../../pic32mx/lib/liblega-c.a(_doprnt_cdnopuxX.eo)
 .mdebug.abi32  0xa000020c        0x0 /opt/microchip/xc32/v2.05/bin/bin/../../lib/gcc/pic32mx/4.8.3/../../../../pic32mx/lib/liblega-c.a(_iobdata.o)
 .mdebug.abi32  0xa000020c        0x0 /opt/microchip/xc32/v2.05/bin/bin/../../lib/gcc/pic32mx/4.8.3/../../../../pic32mx/lib/liblega-c.a(_iobfuncs.o)
 .mdebug.abi32  0xa000020c        0x0 /opt/microchip/xc32/v2.05/bin/bin/../../lib/gcc/pic32mx/4.8.3/../../../../pic32mx/lib/liblega-c.a(fputc.o)
 .mdebug.abi32  0xa000020c        0x0 /opt/microchip/xc32/v2.05/bin/bin/../../lib/gcc/pic32mx/4.8.3/../../../../pic32mx/lib/liblega-c.a(strlen.o)
 .mdebug.abi32  0xa000020c        0x0 /opt/microchip/xc32/v2.05/bin/bin/../../lib/gcc/pic32mx/4.8.3/../../../../pic32mx/lib/liblega-c.a(errno.o)
 .mdebug.abi32  0xa000020c        0x0 /opt/microchip/xc32/v2.05/bin/bin/../../lib/gcc/pic32mx/4.8.3/../../../../pic32mx/lib/libm.a(w_powf.o)
 .mdebug.abi32  0xa000020c        0x0 /opt/microchip/xc32/v2.05/bin/bin/../../lib/gcc/pic32mx/4.8.3/../../../../pic32mx/lib/libm.a(w_sqrtf.o)
 .mdebug.abi32  0xa000020c        0x0 /opt/microchip/xc32/v2.05/bin/bin/../../lib/gcc/pic32mx/4.8.3/../../../../pic32mx/lib/libm.a(s_lib_ver.o)
 .mdebug.abi32  0xa000020c        0x0 /opt/microchip/xc32/v2.05/bin/bin/../../lib/gcc/pic32mx/4.8.3/libgcc.a(_udivdi3.o)
 .mdebug.abi32  0xa000020c        0x0 /opt/microchip/xc32/v2.05/bin/bin/../../lib/gcc/pic32mx/4.8.3/libgcc.a(_umoddi3.o)
 .mdebug.abi32  0xa000020c        0x0 /opt/microchip/xc32/v2.05/bin/bin/../../lib/gcc/pic32mx/4.8.3/../../../../pic32mx/lib/libpic32.a(_mon_getc.o)
 .mdebug.abi32  0xa000020c        0x0 /opt/microchip/xc32/v2.05/bin/bin/../../lib/gcc/pic32mx/4.8.3/../../../../pic32mx/lib/libpic32.a(_mon_write.o)
 .mdebug.abi32  0xa000020c        0x0 /opt/microchip/xc32/v2.05/bin/bin/../../lib/gcc/pic32mx/4.8.3/../../../../pic32mx/lib/libpic32.a(isinf.o)
 .mdebug.abi32  0xa000020c        0x0 /opt/microchip/xc32/v2.05/bin/bin/../../lib/gcc/pic32mx/4.8.3/../../../../pic32mx/lib/libpic32.a(_mon_putc.o)
 .mdebug.abi32  0xa000020c        0x0 /opt/microchip/xc32/v2.05/bin/bin/../../lib/gcc/pic32mx/4.8.3/../../../../pic32mx/lib/libe.a(_unorddf2.o)

.mdebug.abiN32
 *(.mdebug.abiN32)

.mdebug.abi64
 *(.mdebug.abi64)

.mdebug.abiO64
 *(.mdebug.abiO64)

.mdebug.eabi32
 *(.mdebug.eabi32)

.mdebug.eabi64
 *(.mdebug.eabi64)

.gcc_compiled_long32
 *(.gcc_compiled_long32)

.gcc_compiled_long64
 *(.gcc_compiled_long64)

.stab
 *(.stab)

.stabstr
 *(.stabstr)

.stab.excl
 *(.stab.excl)

.stab.exclstr
 *(.stab.exclstr)

.stab.index
 *(.stab.index)

.stab.indexstr
 *(.stab.indexstr)

.comment        0x00000000      0x398
 *(.comment)
 .comment       0x00000000       0x3c build/default/production/BOARD.o
                                 0x3d (size before relaxing)
 .comment       0x00000000       0x3d build/default/production/Oled.o
 .comment       0x00000000       0x3d build/default/production/OledDriver.o
 .comment       0x00000000       0x3d build/default/production/demuno.o
 .comment       0x00000000       0x3d build/default/production/Ascii.o
 .comment       0x00000000       0x3d build/default/production/plot.o
 .comment       0x0000003c       0x3c /opt/microchip/xc32/v2.05/bin/bin/../../lib/gcc/pic32mx/4.8.3/../../../../pic32mx/lib/libmchp_peripheral.a(read_core_timer_lib.o)
                                 0x3d (size before relaxing)
 .comment       0x00000000       0x3d /opt/microchip/xc32/v2.05/bin/bin/../../lib/gcc/pic32mx/4.8.3/../../../../pic32mx/lib/libmchp_peripheral_32MX340F512H.a(pcache.o)
 .comment       0x00000000       0x3d /opt/microchip/xc32/v2.05/bin/bin/../../lib/gcc/pic32mx/4.8.3/../../../../pic32mx/lib/libmchp_peripheral_32MX340F512H.a(osc_config_lib.o)
 .comment       0x00000000       0x3d /opt/microchip/xc32/v2.05/bin/bin/../../lib/gcc/pic32mx/4.8.3/../../../../pic32mx/lib/libmchp_peripheral_32MX340F512H.a(int_disable_interrupts_lib.o)
 .comment       0x00000000       0x3d /opt/microchip/xc32/v2.05/bin/bin/../../lib/gcc/pic32mx/4.8.3/../../../../pic32mx/lib/libmchp_peripheral_32MX340F512H.a(int_restore_interrupts_lib.o)
 .comment       0x00000000       0x3d /opt/microchip/xc32/v2.05/bin/bin/../../lib/gcc/pic32mx/4.8.3/../../../../pic32mx/lib/libmchp_peripheral_32MX340F512H.a(spi_chn_open_lib.o)
 .comment       0x00000000       0x3d /opt/microchip/xc32/v2.05/bin/bin/../../lib/gcc/pic32mx/4.8.3/../../../../pic32mx/lib/libmchp_peripheral_32MX340F512H.a(spi_io_tbl_libp.o)
 .comment       0x00000000       0x3d /opt/microchip/xc32/v2.05/bin/bin/../../lib/gcc/pic32mx/4.8.3/../../../../pic32mx/lib/libmchp_peripheral_32MX340F512H.a(spi_map_tbl_libp.o)
 .comment       0x00000000       0x3d /opt/microchip/xc32/v2.05/bin/bin/../../lib/gcc/pic32mx/4.8.3/../../../../pic32mx/lib/libmchp_peripheral_32MX340F512H.a(port_set_pins_digital_in_lib.o)
 .comment       0x00000000       0x3d /opt/microchip/xc32/v2.05/bin/bin/../../lib/gcc/pic32mx/4.8.3/../../../../pic32mx/lib/libmchp_peripheral_32MX340F512H.a(port_set_pins_digital_out_lib.o)
 .comment       0x00000000       0x3d /opt/microchip/xc32/v2.05/bin/bin/../../lib/gcc/pic32mx/4.8.3/../../../../pic32mx/lib/libmchp_peripheral_32MX340F512H.a(port_clear_bits_lib.o)
 .comment       0x00000000       0x3d /opt/microchip/xc32/v2.05/bin/bin/../../lib/gcc/pic32mx/4.8.3/../../../../pic32mx/lib/libmchp_peripheral_32MX340F512H.a(port_set_bits_lib.o)
 .comment       0x00000000       0x3d /opt/microchip/xc32/v2.05/bin/bin/../../lib/gcc/pic32mx/4.8.3/../../../../pic32mx/lib/libmchp_peripheral_32MX340F512H.a(_ports_tbl_libp.o)
 .comment       0x00000000       0x3d /opt/microchip/xc32/v2.05/bin/bin/../../lib/gcc/pic32mx/4.8.3/../../../../pic32mx/lib/libmchp_peripheral_32MX340F512H.a(int_tbl_lib.o)
 .comment       0x00000000       0x3d /opt/microchip/xc32/v2.05/bin/bin/../../lib/gcc/pic32mx/4.8.3/../../../../pic32mx/lib/libpic32.a(default-bootstrap-exception-handler.o)
 .comment       0x00000000       0x3d /opt/microchip/xc32/v2.05/bin/bin/../../lib/gcc/pic32mx/4.8.3/../../../../pic32mx/lib/libpic32.a(default-on-reset.o)
 .comment       0x00000000       0x3d /opt/microchip/xc32/v2.05/bin/bin/../../lib/gcc/pic32mx/4.8.3/../../../../pic32mx/lib/libpic32.a(default-on-bootstrap.o)
 .comment       0x00000000       0x3d /opt/microchip/xc32/v2.05/bin/bin/../../lib/gcc/pic32mx/4.8.3/../../../../pic32mx/lib/libpic32.a(xc32_uart.o)
 .comment       0x00000000       0x3d /opt/microchip/xc32/v2.05/bin/bin/../../lib/gcc/pic32mx/4.8.3/../../../../pic32mx/lib/libpic32.a(default-general-exception-handler.o)
 .comment       0x00000000       0x3d /opt/microchip/xc32/v2.05/bin/bin/../../lib/gcc/pic32mx/4.8.3/../../../../pic32mx/lib/libpic32.a(defaultinterrupt.o)
 .comment       0x00000078       0x4d /opt/microchip/xc32/v2.05/bin/bin/../../lib/gcc/pic32mx/4.8.3/../../../../pic32mx/lib/liblega-c.a(rand.o)
                                 0x8a (size before relaxing)
 .comment       0x000000c5       0x51 /opt/microchip/xc32/v2.05/bin/bin/../../lib/gcc/pic32mx/4.8.3/../../../../pic32mx/lib/liblega-c.a(printf_cdnopuxX.eo)
                                 0x8e (size before relaxing)
 .comment       0x00000116       0x4e /opt/microchip/xc32/v2.05/bin/bin/../../lib/gcc/pic32mx/4.8.3/../../../../pic32mx/lib/liblega-c.a(stubs.o)
                                 0x8b (size before relaxing)
 .comment       0x00000164       0x52 /opt/microchip/xc32/v2.05/bin/bin/../../lib/gcc/pic32mx/4.8.3/../../../../pic32mx/lib/liblega-c.a(_doprnt_cdnopuxX.eo)
                                 0x8f (size before relaxing)
 .comment       0x000001b6       0x53 /opt/microchip/xc32/v2.05/bin/bin/../../lib/gcc/pic32mx/4.8.3/../../../../pic32mx/lib/liblega-c.a(_iobdata.o)
                                 0x90 (size before relaxing)
 .comment       0x00000209       0x54 /opt/microchip/xc32/v2.05/bin/bin/../../lib/gcc/pic32mx/4.8.3/../../../../pic32mx/lib/liblega-c.a(_iobfuncs.o)
                                 0x91 (size before relaxing)
 .comment       0x0000025d       0x50 /opt/microchip/xc32/v2.05/bin/bin/../../lib/gcc/pic32mx/4.8.3/../../../../pic32mx/lib/liblega-c.a(fputc.o)
                                 0x8d (size before relaxing)
 .comment       0x000002ad       0x4f /opt/microchip/xc32/v2.05/bin/bin/../../lib/gcc/pic32mx/4.8.3/../../../../pic32mx/lib/liblega-c.a(strlen.o)
                                 0x8c (size before relaxing)
 .comment       0x000002fc       0x4e /opt/microchip/xc32/v2.05/bin/bin/../../lib/gcc/pic32mx/4.8.3/../../../../pic32mx/lib/liblega-c.a(errno.o)
                                 0x8b (size before relaxing)
 .comment       0x00000000       0x3d /opt/microchip/xc32/v2.05/bin/bin/../../lib/gcc/pic32mx/4.8.3/../../../../pic32mx/lib/libm.a(w_powf.o)
 .comment       0x00000000       0x3d /opt/microchip/xc32/v2.05/bin/bin/../../lib/gcc/pic32mx/4.8.3/../../../../pic32mx/lib/libm.a(w_sqrtf.o)
 .comment       0x00000000       0x3d /opt/microchip/xc32/v2.05/bin/bin/../../lib/gcc/pic32mx/4.8.3/../../../../pic32mx/lib/libm.a(s_lib_ver.o)
 .comment       0x00000000       0x3d /opt/microchip/xc32/v2.05/bin/bin/../../lib/gcc/pic32mx/4.8.3/libgcc.a(_udivdi3.o)
 .comment       0x00000000       0x3d /opt/microchip/xc32/v2.05/bin/bin/../../lib/gcc/pic32mx/4.8.3/libgcc.a(_umoddi3.o)
 .comment       0x00000000       0x3d /opt/microchip/xc32/v2.05/bin/bin/../../lib/gcc/pic32mx/4.8.3/../../../../pic32mx/lib/libpic32.a(_mon_getc.o)
 .comment       0x00000000       0x3d /opt/microchip/xc32/v2.05/bin/bin/../../lib/gcc/pic32mx/4.8.3/../../../../pic32mx/lib/libpic32.a(_mon_write.o)
 .comment       0x00000000       0x3d /opt/microchip/xc32/v2.05/bin/bin/../../lib/gcc/pic32mx/4.8.3/../../../../pic32mx/lib/libpic32.a(isinf.o)
 .comment       0x00000000       0x3d /opt/microchip/xc32/v2.05/bin/bin/../../lib/gcc/pic32mx/4.8.3/../../../../pic32mx/lib/libpic32.a(_mon_putc.o)
 .comment       0x0000034a       0x4e /opt/microchip/xc32/v2.05/bin/bin/../../lib/gcc/pic32mx/4.8.3/../../../../pic32mx/lib/libe.a(_unorddf2.o)
                                 0x8b (size before relaxing)

.debug
 *(.debug)

.line
 *(.line)

.debug_srcinfo
 *(.debug_srcinfo)

.debug_sfnames
 *(.debug_sfnames)

.debug_aranges  0x00000000      0x448
 *(.debug_aranges)
 .debug_aranges
                0x00000000       0x20 build/default/production/BOARD.o
 .debug_aranges
                0x00000020       0x20 build/default/production/Oled.o
 .debug_aranges
                0x00000040       0x20 build/default/production/OledDriver.o
 .debug_aranges
                0x00000060       0x20 build/default/production/demuno.o
 .debug_aranges
                0x00000080       0x18 build/default/production/Ascii.o
 .debug_aranges
                0x00000098       0x20 build/default/production/plot.o
 .debug_aranges
                0x000000b8       0x20 /opt/microchip/xc32/v2.05/bin/bin/../../lib/gcc/pic32mx/4.8.3/../../../../pic32mx/lib/libmchp_peripheral.a(read_core_timer_lib.o)
 .debug_aranges
                0x000000d8       0x28 /opt/microchip/xc32/v2.05/bin/bin/../../lib/gcc/pic32mx/4.8.3/../../../../pic32mx/lib/libmchp_peripheral_32MX340F512H.a(pcache.o)
 .debug_aranges
                0x00000100       0x20 /opt/microchip/xc32/v2.05/bin/bin/../../lib/gcc/pic32mx/4.8.3/../../../../pic32mx/lib/libmchp_peripheral_32MX340F512H.a(osc_config_lib.o)
 .debug_aranges
                0x00000120       0x20 /opt/microchip/xc32/v2.05/bin/bin/../../lib/gcc/pic32mx/4.8.3/../../../../pic32mx/lib/libmchp_peripheral_32MX340F512H.a(int_disable_interrupts_lib.o)
 .debug_aranges
                0x00000140       0x20 /opt/microchip/xc32/v2.05/bin/bin/../../lib/gcc/pic32mx/4.8.3/../../../../pic32mx/lib/libmchp_peripheral_32MX340F512H.a(int_restore_interrupts_lib.o)
 .debug_aranges
                0x00000160       0x20 /opt/microchip/xc32/v2.05/bin/bin/../../lib/gcc/pic32mx/4.8.3/../../../../pic32mx/lib/libmchp_peripheral_32MX340F512H.a(spi_chn_open_lib.o)
 .debug_aranges
                0x00000180       0x20 /opt/microchip/xc32/v2.05/bin/bin/../../lib/gcc/pic32mx/4.8.3/../../../../pic32mx/lib/libmchp_peripheral_32MX340F512H.a(port_set_pins_digital_in_lib.o)
 .debug_aranges
                0x000001a0       0x20 /opt/microchip/xc32/v2.05/bin/bin/../../lib/gcc/pic32mx/4.8.3/../../../../pic32mx/lib/libmchp_peripheral_32MX340F512H.a(port_set_pins_digital_out_lib.o)
 .debug_aranges
                0x000001c0       0x20 /opt/microchip/xc32/v2.05/bin/bin/../../lib/gcc/pic32mx/4.8.3/../../../../pic32mx/lib/libmchp_peripheral_32MX340F512H.a(port_clear_bits_lib.o)
 .debug_aranges
                0x000001e0       0x20 /opt/microchip/xc32/v2.05/bin/bin/../../lib/gcc/pic32mx/4.8.3/../../../../pic32mx/lib/libmchp_peripheral_32MX340F512H.a(port_set_bits_lib.o)
 .debug_aranges
                0x00000200       0x60 /opt/microchip/xc32/v2.05/bin/bin/../../lib/gcc/pic32mx/4.8.3/../../../../pic32mx/lib/libmchp_peripheral_32MX340F512H.a(int_tbl_lib.o)
 .debug_aranges
                0x00000260       0x20 /opt/microchip/xc32/v2.05/bin/bin/../../lib/gcc/pic32mx/4.8.3/../../../../pic32mx/lib/libpic32.a(default-bootstrap-exception-handler.o)
 .debug_aranges
                0x00000280       0x20 /opt/microchip/xc32/v2.05/bin/bin/../../lib/gcc/pic32mx/4.8.3/../../../../pic32mx/lib/libpic32.a(default-on-reset.o)
 .debug_aranges
                0x000002a0       0x20 /opt/microchip/xc32/v2.05/bin/bin/../../lib/gcc/pic32mx/4.8.3/../../../../pic32mx/lib/libpic32.a(default-on-bootstrap.o)
 .debug_aranges
                0x000002c0       0x20 /opt/microchip/xc32/v2.05/bin/bin/../../lib/gcc/pic32mx/4.8.3/../../../../pic32mx/lib/libpic32.a(default-general-exception-handler.o)
 .debug_aranges
                0x000002e0       0x20 /opt/microchip/xc32/v2.05/bin/bin/../../lib/gcc/pic32mx/4.8.3/../../../../pic32mx/lib/libpic32.a(defaultinterrupt.o)
 .debug_aranges
                0x00000300       0x20 /opt/microchip/xc32/v2.05/bin/bin/../../lib/gcc/pic32mx/4.8.3/../../../../pic32mx/lib/libm.a(w_powf.o)
 .debug_aranges
                0x00000320       0x20 /opt/microchip/xc32/v2.05/bin/bin/../../lib/gcc/pic32mx/4.8.3/../../../../pic32mx/lib/libm.a(w_sqrtf.o)
 .debug_aranges
                0x00000340       0x20 /opt/microchip/xc32/v2.05/bin/bin/../../lib/gcc/pic32mx/4.8.3/libgcc.a(_udivdi3.o)
 .debug_aranges
                0x00000360       0x20 /opt/microchip/xc32/v2.05/bin/bin/../../lib/gcc/pic32mx/4.8.3/libgcc.a(_umoddi3.o)
 .debug_aranges
                0x00000380       0x20 /opt/microchip/xc32/v2.05/bin/bin/../../lib/gcc/pic32mx/4.8.3/../../../../pic32mx/lib/libpic32.a(_mon_getc.o)
 .debug_aranges
                0x000003a0       0x20 /opt/microchip/xc32/v2.05/bin/bin/../../lib/gcc/pic32mx/4.8.3/../../../../pic32mx/lib/libpic32.a(_mon_write.o)
 .debug_aranges
                0x000003c0       0x48 /opt/microchip/xc32/v2.05/bin/bin/../../lib/gcc/pic32mx/4.8.3/../../../../pic32mx/lib/libpic32.a(isinf.o)
 .debug_aranges
                0x00000408       0x20 /opt/microchip/xc32/v2.05/bin/bin/../../lib/gcc/pic32mx/4.8.3/../../../../pic32mx/lib/libpic32.a(_mon_putc.o)
 .debug_aranges
                0x00000428       0x20 /opt/microchip/xc32/v2.05/bin/bin/../../lib/gcc/pic32mx/4.8.3/../../../../pic32mx/lib/libe.a(_unorddf2.o)

.debug_pubnames
 *(.debug_pubnames)

.debug_info     0x00000000     0x5e3f
 *(.debug_info .gnu.linkonce.wi.*)
 .debug_info    0x00000000     0x1c9c build/default/production/BOARD.o
 .debug_info    0x00001c9c      0x562 build/default/production/Oled.o
 .debug_info    0x000021fe     0x14b2 build/default/production/OledDriver.o
 .debug_info    0x000036b0      0x1d9 build/default/production/demuno.o
 .debug_info    0x00003889      0x123 build/default/production/Ascii.o
 .debug_info    0x000039ac      0x2d4 build/default/production/plot.o
 .debug_info    0x00003c80       0xa8 /opt/microchip/xc32/v2.05/bin/bin/../../lib/gcc/pic32mx/4.8.3/../../../../pic32mx/lib/libmchp_peripheral.a(read_core_timer_lib.o)
 .debug_info    0x00003d28       0xbe /opt/microchip/xc32/v2.05/bin/bin/../../lib/gcc/pic32mx/4.8.3/../../../../pic32mx/lib/libmchp_peripheral_32MX340F512H.a(pcache.o)
 .debug_info    0x00003de6       0xbe /opt/microchip/xc32/v2.05/bin/bin/../../lib/gcc/pic32mx/4.8.3/../../../../pic32mx/lib/libmchp_peripheral_32MX340F512H.a(osc_config_lib.o)
 .debug_info    0x00003ea4       0xb4 /opt/microchip/xc32/v2.05/bin/bin/../../lib/gcc/pic32mx/4.8.3/../../../../pic32mx/lib/libmchp_peripheral_32MX340F512H.a(int_disable_interrupts_lib.o)
 .debug_info    0x00003f58       0xb4 /opt/microchip/xc32/v2.05/bin/bin/../../lib/gcc/pic32mx/4.8.3/../../../../pic32mx/lib/libmchp_peripheral_32MX340F512H.a(int_restore_interrupts_lib.o)
 .debug_info    0x0000400c       0xa0 /opt/microchip/xc32/v2.05/bin/bin/../../lib/gcc/pic32mx/4.8.3/../../../../pic32mx/lib/libmchp_peripheral_32MX340F512H.a(spi_chn_open_lib.o)
 .debug_info    0x000040ac       0xb8 /opt/microchip/xc32/v2.05/bin/bin/../../lib/gcc/pic32mx/4.8.3/../../../../pic32mx/lib/libmchp_peripheral_32MX340F512H.a(port_set_pins_digital_in_lib.o)
 .debug_info    0x00004164       0xba /opt/microchip/xc32/v2.05/bin/bin/../../lib/gcc/pic32mx/4.8.3/../../../../pic32mx/lib/libmchp_peripheral_32MX340F512H.a(port_set_pins_digital_out_lib.o)
 .debug_info    0x0000421e       0xa8 /opt/microchip/xc32/v2.05/bin/bin/../../lib/gcc/pic32mx/4.8.3/../../../../pic32mx/lib/libmchp_peripheral_32MX340F512H.a(port_clear_bits_lib.o)
 .debug_info    0x000042c6       0xa4 /opt/microchip/xc32/v2.05/bin/bin/../../lib/gcc/pic32mx/4.8.3/../../../../pic32mx/lib/libmchp_peripheral_32MX340F512H.a(port_set_bits_lib.o)
 .debug_info    0x0000436a      0x19c /opt/microchip/xc32/v2.05/bin/bin/../../lib/gcc/pic32mx/4.8.3/../../../../pic32mx/lib/libmchp_peripheral_32MX340F512H.a(int_tbl_lib.o)
 .debug_info    0x00004506       0xf3 /opt/microchip/xc32/v2.05/bin/bin/../../lib/gcc/pic32mx/4.8.3/../../../../pic32mx/lib/libpic32.a(default-bootstrap-exception-handler.o)
 .debug_info    0x000045f9       0xcc /opt/microchip/xc32/v2.05/bin/bin/../../lib/gcc/pic32mx/4.8.3/../../../../pic32mx/lib/libpic32.a(default-on-reset.o)
 .debug_info    0x000046c5       0xd4 /opt/microchip/xc32/v2.05/bin/bin/../../lib/gcc/pic32mx/4.8.3/../../../../pic32mx/lib/libpic32.a(default-on-bootstrap.o)
 .debug_info    0x00004799       0xef /opt/microchip/xc32/v2.05/bin/bin/../../lib/gcc/pic32mx/4.8.3/../../../../pic32mx/lib/libpic32.a(default-general-exception-handler.o)
 .debug_info    0x00004888       0xe6 /opt/microchip/xc32/v2.05/bin/bin/../../lib/gcc/pic32mx/4.8.3/../../../../pic32mx/lib/libpic32.a(defaultinterrupt.o)
 .debug_info    0x0000496e       0xbb /opt/microchip/xc32/v2.05/bin/bin/../../lib/gcc/pic32mx/4.8.3/../../../../pic32mx/lib/libm.a(w_powf.o)
 .debug_info    0x00004a29       0xbd /opt/microchip/xc32/v2.05/bin/bin/../../lib/gcc/pic32mx/4.8.3/../../../../pic32mx/lib/libm.a(w_sqrtf.o)
 .debug_info    0x00004ae6      0x764 /opt/microchip/xc32/v2.05/bin/bin/../../lib/gcc/pic32mx/4.8.3/libgcc.a(_udivdi3.o)
 .debug_info    0x0000524a      0x7a1 /opt/microchip/xc32/v2.05/bin/bin/../../lib/gcc/pic32mx/4.8.3/libgcc.a(_umoddi3.o)
 .debug_info    0x000059eb       0xc6 /opt/microchip/xc32/v2.05/bin/bin/../../lib/gcc/pic32mx/4.8.3/../../../../pic32mx/lib/libpic32.a(_mon_getc.o)
 .debug_info    0x00005ab1       0xc8 /opt/microchip/xc32/v2.05/bin/bin/../../lib/gcc/pic32mx/4.8.3/../../../../pic32mx/lib/libpic32.a(_mon_write.o)
 .debug_info    0x00005b79      0x133 /opt/microchip/xc32/v2.05/bin/bin/../../lib/gcc/pic32mx/4.8.3/../../../../pic32mx/lib/libpic32.a(isinf.o)
 .debug_info    0x00005cac       0xc6 /opt/microchip/xc32/v2.05/bin/bin/../../lib/gcc/pic32mx/4.8.3/../../../../pic32mx/lib/libpic32.a(_mon_putc.o)
 .debug_info    0x00005d72       0xcd /opt/microchip/xc32/v2.05/bin/bin/../../lib/gcc/pic32mx/4.8.3/../../../../pic32mx/lib/libe.a(_unorddf2.o)

.debug_abbrev   0x00000000      0xdbb
 *(.debug_abbrev)
 .debug_abbrev  0x00000000      0x2e8 build/default/production/BOARD.o
 .debug_abbrev  0x000002e8      0x136 build/default/production/Oled.o
 .debug_abbrev  0x0000041e      0x1df build/default/production/OledDriver.o
 .debug_abbrev  0x000005fd       0x79 build/default/production/demuno.o
 .debug_abbrev  0x00000676       0x45 build/default/production/Ascii.o
 .debug_abbrev  0x000006bb       0xb7 build/default/production/plot.o
 .debug_abbrev  0x00000772       0x28 /opt/microchip/xc32/v2.05/bin/bin/../../lib/gcc/pic32mx/4.8.3/../../../../pic32mx/lib/libmchp_peripheral.a(read_core_timer_lib.o)
 .debug_abbrev  0x0000079a       0x28 /opt/microchip/xc32/v2.05/bin/bin/../../lib/gcc/pic32mx/4.8.3/../../../../pic32mx/lib/libmchp_peripheral_32MX340F512H.a(pcache.o)
 .debug_abbrev  0x000007c2       0x37 /opt/microchip/xc32/v2.05/bin/bin/../../lib/gcc/pic32mx/4.8.3/../../../../pic32mx/lib/libmchp_peripheral_32MX340F512H.a(osc_config_lib.o)
 .debug_abbrev  0x000007f9       0x28 /opt/microchip/xc32/v2.05/bin/bin/../../lib/gcc/pic32mx/4.8.3/../../../../pic32mx/lib/libmchp_peripheral_32MX340F512H.a(int_disable_interrupts_lib.o)
 .debug_abbrev  0x00000821       0x28 /opt/microchip/xc32/v2.05/bin/bin/../../lib/gcc/pic32mx/4.8.3/../../../../pic32mx/lib/libmchp_peripheral_32MX340F512H.a(int_restore_interrupts_lib.o)
 .debug_abbrev  0x00000849       0x28 /opt/microchip/xc32/v2.05/bin/bin/../../lib/gcc/pic32mx/4.8.3/../../../../pic32mx/lib/libmchp_peripheral_32MX340F512H.a(spi_chn_open_lib.o)
 .debug_abbrev  0x00000871       0x28 /opt/microchip/xc32/v2.05/bin/bin/../../lib/gcc/pic32mx/4.8.3/../../../../pic32mx/lib/libmchp_peripheral_32MX340F512H.a(port_set_pins_digital_in_lib.o)
 .debug_abbrev  0x00000899       0x28 /opt/microchip/xc32/v2.05/bin/bin/../../lib/gcc/pic32mx/4.8.3/../../../../pic32mx/lib/libmchp_peripheral_32MX340F512H.a(port_set_pins_digital_out_lib.o)
 .debug_abbrev  0x000008c1       0x28 /opt/microchip/xc32/v2.05/bin/bin/../../lib/gcc/pic32mx/4.8.3/../../../../pic32mx/lib/libmchp_peripheral_32MX340F512H.a(port_clear_bits_lib.o)
 .debug_abbrev  0x000008e9       0x28 /opt/microchip/xc32/v2.05/bin/bin/../../lib/gcc/pic32mx/4.8.3/../../../../pic32mx/lib/libmchp_peripheral_32MX340F512H.a(port_set_bits_lib.o)
 .debug_abbrev  0x00000911       0x28 /opt/microchip/xc32/v2.05/bin/bin/../../lib/gcc/pic32mx/4.8.3/../../../../pic32mx/lib/libmchp_peripheral_32MX340F512H.a(int_tbl_lib.o)
 .debug_abbrev  0x00000939       0x28 /opt/microchip/xc32/v2.05/bin/bin/../../lib/gcc/pic32mx/4.8.3/../../../../pic32mx/lib/libpic32.a(default-bootstrap-exception-handler.o)
 .debug_abbrev  0x00000961       0x28 /opt/microchip/xc32/v2.05/bin/bin/../../lib/gcc/pic32mx/4.8.3/../../../../pic32mx/lib/libpic32.a(default-on-reset.o)
 .debug_abbrev  0x00000989       0x28 /opt/microchip/xc32/v2.05/bin/bin/../../lib/gcc/pic32mx/4.8.3/../../../../pic32mx/lib/libpic32.a(default-on-bootstrap.o)
 .debug_abbrev  0x000009b1       0x28 /opt/microchip/xc32/v2.05/bin/bin/../../lib/gcc/pic32mx/4.8.3/../../../../pic32mx/lib/libpic32.a(default-general-exception-handler.o)
 .debug_abbrev  0x000009d9       0x28 /opt/microchip/xc32/v2.05/bin/bin/../../lib/gcc/pic32mx/4.8.3/../../../../pic32mx/lib/libpic32.a(defaultinterrupt.o)
 .debug_abbrev  0x00000a01       0x28 /opt/microchip/xc32/v2.05/bin/bin/../../lib/gcc/pic32mx/4.8.3/../../../../pic32mx/lib/libm.a(w_powf.o)
 .debug_abbrev  0x00000a29       0x28 /opt/microchip/xc32/v2.05/bin/bin/../../lib/gcc/pic32mx/4.8.3/../../../../pic32mx/lib/libm.a(w_sqrtf.o)
 .debug_abbrev  0x00000a51      0x138 /opt/microchip/xc32/v2.05/bin/bin/../../lib/gcc/pic32mx/4.8.3/libgcc.a(_udivdi3.o)
 .debug_abbrev  0x00000b89      0x147 /opt/microchip/xc32/v2.05/bin/bin/../../lib/gcc/pic32mx/4.8.3/libgcc.a(_umoddi3.o)
 .debug_abbrev  0x00000cd0       0x28 /opt/microchip/xc32/v2.05/bin/bin/../../lib/gcc/pic32mx/4.8.3/../../../../pic32mx/lib/libpic32.a(_mon_getc.o)
 .debug_abbrev  0x00000cf8       0x28 /opt/microchip/xc32/v2.05/bin/bin/../../lib/gcc/pic32mx/4.8.3/../../../../pic32mx/lib/libpic32.a(_mon_write.o)
 .debug_abbrev  0x00000d20       0x3e /opt/microchip/xc32/v2.05/bin/bin/../../lib/gcc/pic32mx/4.8.3/../../../../pic32mx/lib/libpic32.a(isinf.o)
 .debug_abbrev  0x00000d5e       0x28 /opt/microchip/xc32/v2.05/bin/bin/../../lib/gcc/pic32mx/4.8.3/../../../../pic32mx/lib/libpic32.a(_mon_putc.o)
 .debug_abbrev  0x00000d86       0x35 /opt/microchip/xc32/v2.05/bin/bin/../../lib/gcc/pic32mx/4.8.3/../../../../pic32mx/lib/libe.a(_unorddf2.o)

.debug_line     0x00000000     0x16a0
 *(.debug_line)
 .debug_line    0x00000000      0x3a9 build/default/production/BOARD.o
 .debug_line    0x000003a9      0x1a8 build/default/production/Oled.o
 .debug_line    0x00000551      0x201 build/default/production/OledDriver.o
 .debug_line    0x00000752       0x9f build/default/production/demuno.o
 .debug_line    0x000007f1       0x4b build/default/production/Ascii.o
 .debug_line    0x0000083c       0xb4 build/default/production/plot.o
 .debug_line    0x000008f0       0x6b /opt/microchip/xc32/v2.05/bin/bin/../../lib/gcc/pic32mx/4.8.3/../../../../pic32mx/lib/libmchp_peripheral.a(read_core_timer_lib.o)
 .debug_line    0x0000095b       0x5f /opt/microchip/xc32/v2.05/bin/bin/../../lib/gcc/pic32mx/4.8.3/../../../../pic32mx/lib/libmchp_peripheral_32MX340F512H.a(pcache.o)
 .debug_line    0x000009ba       0xa5 /opt/microchip/xc32/v2.05/bin/bin/../../lib/gcc/pic32mx/4.8.3/../../../../pic32mx/lib/libmchp_peripheral_32MX340F512H.a(osc_config_lib.o)
 .debug_line    0x00000a5f       0x70 /opt/microchip/xc32/v2.05/bin/bin/../../lib/gcc/pic32mx/4.8.3/../../../../pic32mx/lib/libmchp_peripheral_32MX340F512H.a(int_disable_interrupts_lib.o)
 .debug_line    0x00000acf       0x70 /opt/microchip/xc32/v2.05/bin/bin/../../lib/gcc/pic32mx/4.8.3/../../../../pic32mx/lib/libmchp_peripheral_32MX340F512H.a(int_restore_interrupts_lib.o)
 .debug_line    0x00000b3f       0x66 /opt/microchip/xc32/v2.05/bin/bin/../../lib/gcc/pic32mx/4.8.3/../../../../pic32mx/lib/libmchp_peripheral_32MX340F512H.a(spi_chn_open_lib.o)
 .debug_line    0x00000ba5        0x0 /opt/microchip/xc32/v2.05/bin/bin/../../lib/gcc/pic32mx/4.8.3/../../../../pic32mx/lib/libmchp_peripheral_32MX340F512H.a(spi_io_tbl_libp.o)
 .debug_line    0x00000ba5        0x0 /opt/microchip/xc32/v2.05/bin/bin/../../lib/gcc/pic32mx/4.8.3/../../../../pic32mx/lib/libmchp_peripheral_32MX340F512H.a(spi_map_tbl_libp.o)
 .debug_line    0x00000ba5       0x74 /opt/microchip/xc32/v2.05/bin/bin/../../lib/gcc/pic32mx/4.8.3/../../../../pic32mx/lib/libmchp_peripheral_32MX340F512H.a(port_set_pins_digital_in_lib.o)
 .debug_line    0x00000c19       0x75 /opt/microchip/xc32/v2.05/bin/bin/../../lib/gcc/pic32mx/4.8.3/../../../../pic32mx/lib/libmchp_peripheral_32MX340F512H.a(port_set_pins_digital_out_lib.o)
 .debug_line    0x00000c8e       0x6b /opt/microchip/xc32/v2.05/bin/bin/../../lib/gcc/pic32mx/4.8.3/../../../../pic32mx/lib/libmchp_peripheral_32MX340F512H.a(port_clear_bits_lib.o)
 .debug_line    0x00000cf9       0x69 /opt/microchip/xc32/v2.05/bin/bin/../../lib/gcc/pic32mx/4.8.3/../../../../pic32mx/lib/libmchp_peripheral_32MX340F512H.a(port_set_bits_lib.o)
 .debug_line    0x00000d62        0x0 /opt/microchip/xc32/v2.05/bin/bin/../../lib/gcc/pic32mx/4.8.3/../../../../pic32mx/lib/libmchp_peripheral_32MX340F512H.a(_ports_tbl_libp.o)
 .debug_line    0x00000d62       0x61 /opt/microchip/xc32/v2.05/bin/bin/../../lib/gcc/pic32mx/4.8.3/../../../../pic32mx/lib/libmchp_peripheral_32MX340F512H.a(int_tbl_lib.o)
 .debug_line    0x00000dc3       0xa5 /opt/microchip/xc32/v2.05/bin/bin/../../lib/gcc/pic32mx/4.8.3/../../../../pic32mx/lib/libpic32.a(default-bootstrap-exception-handler.o)
 .debug_line    0x00000e68       0x92 /opt/microchip/xc32/v2.05/bin/bin/../../lib/gcc/pic32mx/4.8.3/../../../../pic32mx/lib/libpic32.a(default-on-reset.o)
 .debug_line    0x00000efa       0x96 /opt/microchip/xc32/v2.05/bin/bin/../../lib/gcc/pic32mx/4.8.3/../../../../pic32mx/lib/libpic32.a(default-on-bootstrap.o)
 .debug_line    0x00000f90        0x0 /opt/microchip/xc32/v2.05/bin/bin/../../lib/gcc/pic32mx/4.8.3/../../../../pic32mx/lib/libpic32.a(xc32_uart.o)
 .debug_line    0x00000f90       0xa3 /opt/microchip/xc32/v2.05/bin/bin/../../lib/gcc/pic32mx/4.8.3/../../../../pic32mx/lib/libpic32.a(default-general-exception-handler.o)
 .debug_line    0x00001033       0xa4 /opt/microchip/xc32/v2.05/bin/bin/../../lib/gcc/pic32mx/4.8.3/../../../../pic32mx/lib/libpic32.a(defaultinterrupt.o)
 .debug_line    0x000010d7       0x85 /opt/microchip/xc32/v2.05/bin/bin/../../lib/gcc/pic32mx/4.8.3/../../../../pic32mx/lib/libm.a(w_powf.o)
 .debug_line    0x0000115c       0x86 /opt/microchip/xc32/v2.05/bin/bin/../../lib/gcc/pic32mx/4.8.3/../../../../pic32mx/lib/libm.a(w_sqrtf.o)
 .debug_line    0x000011e2        0x0 /opt/microchip/xc32/v2.05/bin/bin/../../lib/gcc/pic32mx/4.8.3/../../../../pic32mx/lib/libm.a(s_lib_ver.o)
 .debug_line    0x000011e2       0xfb /opt/microchip/xc32/v2.05/bin/bin/../../lib/gcc/pic32mx/4.8.3/libgcc.a(_udivdi3.o)
 .debug_line    0x000012dd      0x10d /opt/microchip/xc32/v2.05/bin/bin/../../lib/gcc/pic32mx/4.8.3/libgcc.a(_umoddi3.o)
 .debug_line    0x000013ea       0x8b /opt/microchip/xc32/v2.05/bin/bin/../../lib/gcc/pic32mx/4.8.3/../../../../pic32mx/lib/libpic32.a(_mon_getc.o)
 .debug_line    0x00001475       0x8c /opt/microchip/xc32/v2.05/bin/bin/../../lib/gcc/pic32mx/4.8.3/../../../../pic32mx/lib/libpic32.a(_mon_write.o)
 .debug_line    0x00001501       0x87 /opt/microchip/xc32/v2.05/bin/bin/../../lib/gcc/pic32mx/4.8.3/../../../../pic32mx/lib/libpic32.a(isinf.o)
 .debug_line    0x00001588       0x8b /opt/microchip/xc32/v2.05/bin/bin/../../lib/gcc/pic32mx/4.8.3/../../../../pic32mx/lib/libpic32.a(_mon_putc.o)
 .debug_line    0x00001613       0x8d /opt/microchip/xc32/v2.05/bin/bin/../../lib/gcc/pic32mx/4.8.3/../../../../pic32mx/lib/libe.a(_unorddf2.o)

.debug_frame    0x00000000      0x890
 *(.debug_frame)
 .debug_frame   0x00000000       0xcc build/default/production/BOARD.o
 .debug_frame   0x000000cc      0x170 build/default/production/Oled.o
 .debug_frame   0x0000023c      0x130 build/default/production/OledDriver.o
 .debug_frame   0x0000036c       0x30 build/default/production/demuno.o
 .debug_frame   0x0000039c       0x58 build/default/production/plot.o
 .debug_frame   0x000003f4       0x20 /opt/microchip/xc32/v2.05/bin/bin/../../lib/gcc/pic32mx/4.8.3/../../../../pic32mx/lib/libmchp_peripheral.a(read_core_timer_lib.o)
 .debug_frame   0x00000414       0x30 /opt/microchip/xc32/v2.05/bin/bin/../../lib/gcc/pic32mx/4.8.3/../../../../pic32mx/lib/libmchp_peripheral_32MX340F512H.a(pcache.o)
 .debug_frame   0x00000444       0x30 /opt/microchip/xc32/v2.05/bin/bin/../../lib/gcc/pic32mx/4.8.3/../../../../pic32mx/lib/libmchp_peripheral_32MX340F512H.a(osc_config_lib.o)
 .debug_frame   0x00000474       0x20 /opt/microchip/xc32/v2.05/bin/bin/../../lib/gcc/pic32mx/4.8.3/../../../../pic32mx/lib/libmchp_peripheral_32MX340F512H.a(int_disable_interrupts_lib.o)
 .debug_frame   0x00000494       0x20 /opt/microchip/xc32/v2.05/bin/bin/../../lib/gcc/pic32mx/4.8.3/../../../../pic32mx/lib/libmchp_peripheral_32MX340F512H.a(int_restore_interrupts_lib.o)
 .debug_frame   0x000004b4       0x34 /opt/microchip/xc32/v2.05/bin/bin/../../lib/gcc/pic32mx/4.8.3/../../../../pic32mx/lib/libmchp_peripheral_32MX340F512H.a(spi_chn_open_lib.o)
 .debug_frame   0x000004e8       0x20 /opt/microchip/xc32/v2.05/bin/bin/../../lib/gcc/pic32mx/4.8.3/../../../../pic32mx/lib/libmchp_peripheral_32MX340F512H.a(port_set_pins_digital_in_lib.o)
 .debug_frame   0x00000508       0x20 /opt/microchip/xc32/v2.05/bin/bin/../../lib/gcc/pic32mx/4.8.3/../../../../pic32mx/lib/libmchp_peripheral_32MX340F512H.a(port_set_pins_digital_out_lib.o)
 .debug_frame   0x00000528       0x20 /opt/microchip/xc32/v2.05/bin/bin/../../lib/gcc/pic32mx/4.8.3/../../../../pic32mx/lib/libmchp_peripheral_32MX340F512H.a(port_clear_bits_lib.o)
 .debug_frame   0x00000548       0x20 /opt/microchip/xc32/v2.05/bin/bin/../../lib/gcc/pic32mx/4.8.3/../../../../pic32mx/lib/libmchp_peripheral_32MX340F512H.a(port_set_bits_lib.o)
 .debug_frame   0x00000568       0xa0 /opt/microchip/xc32/v2.05/bin/bin/../../lib/gcc/pic32mx/4.8.3/../../../../pic32mx/lib/libmchp_peripheral_32MX340F512H.a(int_tbl_lib.o)
 .debug_frame   0x00000608       0x2c /opt/microchip/xc32/v2.05/bin/bin/../../lib/gcc/pic32mx/4.8.3/../../../../pic32mx/lib/libpic32.a(default-bootstrap-exception-handler.o)
 .debug_frame   0x00000634       0x20 /opt/microchip/xc32/v2.05/bin/bin/../../lib/gcc/pic32mx/4.8.3/../../../../pic32mx/lib/libpic32.a(default-on-reset.o)
 .debug_frame   0x00000654       0x20 /opt/microchip/xc32/v2.05/bin/bin/../../lib/gcc/pic32mx/4.8.3/../../../../pic32mx/lib/libpic32.a(default-on-bootstrap.o)
 .debug_frame   0x00000674       0x2c /opt/microchip/xc32/v2.05/bin/bin/../../lib/gcc/pic32mx/4.8.3/../../../../pic32mx/lib/libpic32.a(default-general-exception-handler.o)
 .debug_frame   0x000006a0       0x20 /opt/microchip/xc32/v2.05/bin/bin/../../lib/gcc/pic32mx/4.8.3/../../../../pic32mx/lib/libpic32.a(defaultinterrupt.o)
 .debug_frame   0x000006c0       0x2c /opt/microchip/xc32/v2.05/bin/bin/../../lib/gcc/pic32mx/4.8.3/../../../../pic32mx/lib/libm.a(w_powf.o)
 .debug_frame   0x000006ec       0x28 /opt/microchip/xc32/v2.05/bin/bin/../../lib/gcc/pic32mx/4.8.3/../../../../pic32mx/lib/libm.a(w_sqrtf.o)
 .debug_frame   0x00000714       0x20 /opt/microchip/xc32/v2.05/bin/bin/../../lib/gcc/pic32mx/4.8.3/libgcc.a(_udivdi3.o)
 .debug_frame   0x00000734       0x20 /opt/microchip/xc32/v2.05/bin/bin/../../lib/gcc/pic32mx/4.8.3/libgcc.a(_umoddi3.o)
 .debug_frame   0x00000754       0x28 /opt/microchip/xc32/v2.05/bin/bin/../../lib/gcc/pic32mx/4.8.3/../../../../pic32mx/lib/libpic32.a(_mon_getc.o)
 .debug_frame   0x0000077c       0x2c /opt/microchip/xc32/v2.05/bin/bin/../../lib/gcc/pic32mx/4.8.3/../../../../pic32mx/lib/libpic32.a(_mon_write.o)
 .debug_frame   0x000007a8       0xa0 /opt/microchip/xc32/v2.05/bin/bin/../../lib/gcc/pic32mx/4.8.3/../../../../pic32mx/lib/libpic32.a(isinf.o)
 .debug_frame   0x00000848       0x28 /opt/microchip/xc32/v2.05/bin/bin/../../lib/gcc/pic32mx/4.8.3/../../../../pic32mx/lib/libpic32.a(_mon_putc.o)
 .debug_frame   0x00000870       0x20 /opt/microchip/xc32/v2.05/bin/bin/../../lib/gcc/pic32mx/4.8.3/../../../../pic32mx/lib/libe.a(_unorddf2.o)

.debug_str      0x00000000       0x42
 *(.debug_str)
 .debug_str     0x00000000       0x37 build/default/production/BOARD.o
 .debug_str     0x00000037        0xb build/default/production/Oled.o
 .debug_str     0x00000042        0x0 build/default/production/OledDriver.o
 .debug_str     0x00000042        0x0 build/default/production/demuno.o
 .debug_str     0x00000042        0x0 build/default/production/Ascii.o
 .debug_str     0x00000042        0x0 build/default/production/plot.o
 .debug_str     0x00000042        0x0 /opt/microchip/xc32/v2.05/bin/bin/../../lib/gcc/pic32mx/4.8.3/../../../../pic32mx/lib/libmchp_peripheral.a(read_core_timer_lib.o)
 .debug_str     0x00000042        0x0 /opt/microchip/xc32/v2.05/bin/bin/../../lib/gcc/pic32mx/4.8.3/../../../../pic32mx/lib/libmchp_peripheral_32MX340F512H.a(pcache.o)
 .debug_str     0x00000042        0x0 /opt/microchip/xc32/v2.05/bin/bin/../../lib/gcc/pic32mx/4.8.3/../../../../pic32mx/lib/libmchp_peripheral_32MX340F512H.a(osc_config_lib.o)
 .debug_str     0x00000042        0x0 /opt/microchip/xc32/v2.05/bin/bin/../../lib/gcc/pic32mx/4.8.3/../../../../pic32mx/lib/libmchp_peripheral_32MX340F512H.a(int_disable_interrupts_lib.o)
 .debug_str     0x00000042        0x0 /opt/microchip/xc32/v2.05/bin/bin/../../lib/gcc/pic32mx/4.8.3/../../../../pic32mx/lib/libmchp_peripheral_32MX340F512H.a(int_restore_interrupts_lib.o)
 .debug_str     0x00000042        0x0 /opt/microchip/xc32/v2.05/bin/bin/../../lib/gcc/pic32mx/4.8.3/../../../../pic32mx/lib/libmchp_peripheral_32MX340F512H.a(spi_chn_open_lib.o)
 .debug_str     0x00000042        0x0 /opt/microchip/xc32/v2.05/bin/bin/../../lib/gcc/pic32mx/4.8.3/../../../../pic32mx/lib/libmchp_peripheral_32MX340F512H.a(spi_io_tbl_libp.o)
 .debug_str     0x00000042        0x0 /opt/microchip/xc32/v2.05/bin/bin/../../lib/gcc/pic32mx/4.8.3/../../../../pic32mx/lib/libmchp_peripheral_32MX340F512H.a(spi_map_tbl_libp.o)
 .debug_str     0x00000042        0x0 /opt/microchip/xc32/v2.05/bin/bin/../../lib/gcc/pic32mx/4.8.3/../../../../pic32mx/lib/libmchp_peripheral_32MX340F512H.a(port_set_pins_digital_in_lib.o)
 .debug_str     0x00000042        0x0 /opt/microchip/xc32/v2.05/bin/bin/../../lib/gcc/pic32mx/4.8.3/../../../../pic32mx/lib/libmchp_peripheral_32MX340F512H.a(port_set_pins_digital_out_lib.o)
 .debug_str     0x00000042        0x0 /opt/microchip/xc32/v2.05/bin/bin/../../lib/gcc/pic32mx/4.8.3/../../../../pic32mx/lib/libmchp_peripheral_32MX340F512H.a(port_clear_bits_lib.o)
 .debug_str     0x00000042        0x0 /opt/microchip/xc32/v2.05/bin/bin/../../lib/gcc/pic32mx/4.8.3/../../../../pic32mx/lib/libmchp_peripheral_32MX340F512H.a(port_set_bits_lib.o)
 .debug_str     0x00000042        0x0 /opt/microchip/xc32/v2.05/bin/bin/../../lib/gcc/pic32mx/4.8.3/../../../../pic32mx/lib/libmchp_peripheral_32MX340F512H.a(_ports_tbl_libp.o)
 .debug_str     0x00000042        0x0 /opt/microchip/xc32/v2.05/bin/bin/../../lib/gcc/pic32mx/4.8.3/../../../../pic32mx/lib/libmchp_peripheral_32MX340F512H.a(int_tbl_lib.o)
 .debug_str     0x00000042        0x0 /opt/microchip/xc32/v2.05/bin/bin/../../lib/gcc/pic32mx/4.8.3/../../../../pic32mx/lib/libpic32.a(default-bootstrap-exception-handler.o)
 .debug_str     0x00000042        0x0 /opt/microchip/xc32/v2.05/bin/bin/../../lib/gcc/pic32mx/4.8.3/../../../../pic32mx/lib/libpic32.a(default-on-reset.o)
 .debug_str     0x00000042        0x0 /opt/microchip/xc32/v2.05/bin/bin/../../lib/gcc/pic32mx/4.8.3/../../../../pic32mx/lib/libpic32.a(default-on-bootstrap.o)
 .debug_str     0x00000042        0x0 /opt/microchip/xc32/v2.05/bin/bin/../../lib/gcc/pic32mx/4.8.3/../../../../pic32mx/lib/libpic32.a(xc32_uart.o)
 .debug_str     0x00000042        0x0 /opt/microchip/xc32/v2.05/bin/bin/../../lib/gcc/pic32mx/4.8.3/../../../../pic32mx/lib/libpic32.a(default-general-exception-handler.o)
 .debug_str     0x00000042        0x0 /opt/microchip/xc32/v2.05/bin/bin/../../lib/gcc/pic32mx/4.8.3/../../../../pic32mx/lib/libpic32.a(defaultinterrupt.o)
 .debug_str     0x00000042        0x0 /opt/microchip/xc32/v2.05/bin/bin/../../lib/gcc/pic32mx/4.8.3/../../../../pic32mx/lib/libm.a(w_powf.o)
 .debug_str     0x00000042        0x0 /opt/microchip/xc32/v2.05/bin/bin/../../lib/gcc/pic32mx/4.8.3/../../../../pic32mx/lib/libm.a(w_sqrtf.o)
 .debug_str     0x00000042        0x0 /opt/microchip/xc32/v2.05/bin/bin/../../lib/gcc/pic32mx/4.8.3/../../../../pic32mx/lib/libm.a(s_lib_ver.o)
 .debug_str     0x00000042        0x0 /opt/microchip/xc32/v2.05/bin/bin/../../lib/gcc/pic32mx/4.8.3/libgcc.a(_udivdi3.o)
 .debug_str     0x00000042        0x0 /opt/microchip/xc32/v2.05/bin/bin/../../lib/gcc/pic32mx/4.8.3/libgcc.a(_umoddi3.o)
 .debug_str     0x00000042        0x0 /opt/microchip/xc32/v2.05/bin/bin/../../lib/gcc/pic32mx/4.8.3/../../../../pic32mx/lib/libpic32.a(_mon_getc.o)
 .debug_str     0x00000042        0x0 /opt/microchip/xc32/v2.05/bin/bin/../../lib/gcc/pic32mx/4.8.3/../../../../pic32mx/lib/libpic32.a(_mon_write.o)
 .debug_str     0x00000042        0x0 /opt/microchip/xc32/v2.05/bin/bin/../../lib/gcc/pic32mx/4.8.3/../../../../pic32mx/lib/libpic32.a(isinf.o)
 .debug_str     0x00000042        0x0 /opt/microchip/xc32/v2.05/bin/bin/../../lib/gcc/pic32mx/4.8.3/../../../../pic32mx/lib/libpic32.a(_mon_putc.o)
 .debug_str     0x00000042        0x0 /opt/microchip/xc32/v2.05/bin/bin/../../lib/gcc/pic32mx/4.8.3/../../../../pic32mx/lib/libe.a(_unorddf2.o)

.debug_loc      0x00000000     0x161f
 *(.debug_loc)
 .debug_loc     0x00000000       0x2c /opt/microchip/xc32/v2.05/bin/bin/../../lib/gcc/pic32mx/4.8.3/../../../../pic32mx/lib/libpic32.a(default-bootstrap-exception-handler.o)
 .debug_loc     0x0000002c       0x2c /opt/microchip/xc32/v2.05/bin/bin/../../lib/gcc/pic32mx/4.8.3/../../../../pic32mx/lib/libpic32.a(default-general-exception-handler.o)
 .debug_loc     0x00000058       0x20 /opt/microchip/xc32/v2.05/bin/bin/../../lib/gcc/pic32mx/4.8.3/../../../../pic32mx/lib/libm.a(w_powf.o)
 .debug_loc     0x00000078       0x20 /opt/microchip/xc32/v2.05/bin/bin/../../lib/gcc/pic32mx/4.8.3/../../../../pic32mx/lib/libm.a(w_sqrtf.o)
 .debug_loc     0x00000098      0xa6a /opt/microchip/xc32/v2.05/bin/bin/../../lib/gcc/pic32mx/4.8.3/libgcc.a(_udivdi3.o)
 .debug_loc     0x00000b02      0xa3d /opt/microchip/xc32/v2.05/bin/bin/../../lib/gcc/pic32mx/4.8.3/libgcc.a(_umoddi3.o)
 .debug_loc     0x0000153f       0x20 /opt/microchip/xc32/v2.05/bin/bin/../../lib/gcc/pic32mx/4.8.3/../../../../pic32mx/lib/libpic32.a(_mon_getc.o)
 .debug_loc     0x0000155f       0x20 /opt/microchip/xc32/v2.05/bin/bin/../../lib/gcc/pic32mx/4.8.3/../../../../pic32mx/lib/libpic32.a(_mon_write.o)
 .debug_loc     0x0000157f       0x80 /opt/microchip/xc32/v2.05/bin/bin/../../lib/gcc/pic32mx/4.8.3/../../../../pic32mx/lib/libpic32.a(isinf.o)
 .debug_loc     0x000015ff       0x20 /opt/microchip/xc32/v2.05/bin/bin/../../lib/gcc/pic32mx/4.8.3/../../../../pic32mx/lib/libpic32.a(_mon_putc.o)

.debug_macinfo
 *(.debug_macinfo)

.debug_weaknames
 *(.debug_weaknames)

.debug_funcnames
 *(.debug_funcnames)

.debug_typenames
 *(.debug_typenames)

.debug_varnames
 *(.debug_varnames)

.debug_pubtypes
 *(.debug_pubtypes)

.debug_ranges   0x00000000      0x350
 *(.debug_ranges)
 .debug_ranges  0x00000000       0x10 /opt/microchip/xc32/v2.05/bin/bin/../../lib/gcc/pic32mx/4.8.3/../../../../pic32mx/lib/libmchp_peripheral.a(read_core_timer_lib.o)
 .debug_ranges  0x00000010       0x18 /opt/microchip/xc32/v2.05/bin/bin/../../lib/gcc/pic32mx/4.8.3/../../../../pic32mx/lib/libmchp_peripheral_32MX340F512H.a(pcache.o)
 .debug_ranges  0x00000028       0x10 /opt/microchip/xc32/v2.05/bin/bin/../../lib/gcc/pic32mx/4.8.3/../../../../pic32mx/lib/libmchp_peripheral_32MX340F512H.a(osc_config_lib.o)
 .debug_ranges  0x00000038       0x10 /opt/microchip/xc32/v2.05/bin/bin/../../lib/gcc/pic32mx/4.8.3/../../../../pic32mx/lib/libmchp_peripheral_32MX340F512H.a(int_disable_interrupts_lib.o)
 .debug_ranges  0x00000048       0x10 /opt/microchip/xc32/v2.05/bin/bin/../../lib/gcc/pic32mx/4.8.3/../../../../pic32mx/lib/libmchp_peripheral_32MX340F512H.a(int_restore_interrupts_lib.o)
 .debug_ranges  0x00000058       0x10 /opt/microchip/xc32/v2.05/bin/bin/../../lib/gcc/pic32mx/4.8.3/../../../../pic32mx/lib/libmchp_peripheral_32MX340F512H.a(spi_chn_open_lib.o)
 .debug_ranges  0x00000068       0x10 /opt/microchip/xc32/v2.05/bin/bin/../../lib/gcc/pic32mx/4.8.3/../../../../pic32mx/lib/libmchp_peripheral_32MX340F512H.a(port_set_pins_digital_in_lib.o)
 .debug_ranges  0x00000078       0x10 /opt/microchip/xc32/v2.05/bin/bin/../../lib/gcc/pic32mx/4.8.3/../../../../pic32mx/lib/libmchp_peripheral_32MX340F512H.a(port_set_pins_digital_out_lib.o)
 .debug_ranges  0x00000088       0x10 /opt/microchip/xc32/v2.05/bin/bin/../../lib/gcc/pic32mx/4.8.3/../../../../pic32mx/lib/libmchp_peripheral_32MX340F512H.a(port_clear_bits_lib.o)
 .debug_ranges  0x00000098       0x10 /opt/microchip/xc32/v2.05/bin/bin/../../lib/gcc/pic32mx/4.8.3/../../../../pic32mx/lib/libmchp_peripheral_32MX340F512H.a(port_set_bits_lib.o)
 .debug_ranges  0x000000a8       0x50 /opt/microchip/xc32/v2.05/bin/bin/../../lib/gcc/pic32mx/4.8.3/../../../../pic32mx/lib/libmchp_peripheral_32MX340F512H.a(int_tbl_lib.o)
 .debug_ranges  0x000000f8       0x10 /opt/microchip/xc32/v2.05/bin/bin/../../lib/gcc/pic32mx/4.8.3/../../../../pic32mx/lib/libpic32.a(default-bootstrap-exception-handler.o)
 .debug_ranges  0x00000108       0x10 /opt/microchip/xc32/v2.05/bin/bin/../../lib/gcc/pic32mx/4.8.3/../../../../pic32mx/lib/libpic32.a(default-on-reset.o)
 .debug_ranges  0x00000118       0x10 /opt/microchip/xc32/v2.05/bin/bin/../../lib/gcc/pic32mx/4.8.3/../../../../pic32mx/lib/libpic32.a(default-on-bootstrap.o)
 .debug_ranges  0x00000128       0x10 /opt/microchip/xc32/v2.05/bin/bin/../../lib/gcc/pic32mx/4.8.3/../../../../pic32mx/lib/libpic32.a(default-general-exception-handler.o)
 .debug_ranges  0x00000138       0x10 /opt/microchip/xc32/v2.05/bin/bin/../../lib/gcc/pic32mx/4.8.3/../../../../pic32mx/lib/libpic32.a(defaultinterrupt.o)
 .debug_ranges  0x00000148       0x10 /opt/microchip/xc32/v2.05/bin/bin/../../lib/gcc/pic32mx/4.8.3/../../../../pic32mx/lib/libm.a(w_powf.o)
 .debug_ranges  0x00000158       0x10 /opt/microchip/xc32/v2.05/bin/bin/../../lib/gcc/pic32mx/4.8.3/../../../../pic32mx/lib/libm.a(w_sqrtf.o)
 .debug_ranges  0x00000168       0x98 /opt/microchip/xc32/v2.05/bin/bin/../../lib/gcc/pic32mx/4.8.3/libgcc.a(_udivdi3.o)
 .debug_ranges  0x00000200       0xd8 /opt/microchip/xc32/v2.05/bin/bin/../../lib/gcc/pic32mx/4.8.3/libgcc.a(_umoddi3.o)
 .debug_ranges  0x000002d8       0x10 /opt/microchip/xc32/v2.05/bin/bin/../../lib/gcc/pic32mx/4.8.3/../../../../pic32mx/lib/libpic32.a(_mon_getc.o)
 .debug_ranges  0x000002e8       0x10 /opt/microchip/xc32/v2.05/bin/bin/../../lib/gcc/pic32mx/4.8.3/../../../../pic32mx/lib/libpic32.a(_mon_write.o)
 .debug_ranges  0x000002f8       0x38 /opt/microchip/xc32/v2.05/bin/bin/../../lib/gcc/pic32mx/4.8.3/../../../../pic32mx/lib/libpic32.a(isinf.o)
 .debug_ranges  0x00000330       0x10 /opt/microchip/xc32/v2.05/bin/bin/../../lib/gcc/pic32mx/4.8.3/../../../../pic32mx/lib/libpic32.a(_mon_putc.o)
 .debug_ranges  0x00000340       0x10 /opt/microchip/xc32/v2.05/bin/bin/../../lib/gcc/pic32mx/4.8.3/../../../../pic32mx/lib/libe.a(_unorddf2.o)

.gnu.attributes
                0x00000000       0x10
 *(.gnu.attributes)
 .gnu.attributes
                0x00000000       0x10 build/default/production/BOARD.o
 .gnu.attributes
                0x00000010       0x10 build/default/production/Oled.o
 .gnu.attributes
                0x00000020       0x10 build/default/production/OledDriver.o
 .gnu.attributes
                0x00000030       0x10 build/default/production/demuno.o
 .gnu.attributes
                0x00000040       0x10 build/default/production/Ascii.o
 .gnu.attributes
                0x00000050       0x10 build/default/production/plot.o
 .gnu.attributes
                0x00000060       0x10 /opt/microchip/xc32/v2.05/bin/bin/../../lib/gcc/pic32mx/4.8.3/../../../../pic32mx/lib/libmchp_peripheral.a(read_core_timer_lib.o)
 .gnu.attributes
                0x00000070       0x10 /opt/microchip/xc32/v2.05/bin/bin/../../lib/gcc/pic32mx/4.8.3/../../../../pic32mx/lib/libmchp_peripheral_32MX340F512H.a(pcache.o)
 .gnu.attributes
                0x00000080       0x10 /opt/microchip/xc32/v2.05/bin/bin/../../lib/gcc/pic32mx/4.8.3/../../../../pic32mx/lib/libmchp_peripheral_32MX340F512H.a(osc_config_lib.o)
 .gnu.attributes
                0x00000090       0x10 /opt/microchip/xc32/v2.05/bin/bin/../../lib/gcc/pic32mx/4.8.3/../../../../pic32mx/lib/libmchp_peripheral_32MX340F512H.a(int_disable_interrupts_lib.o)
 .gnu.attributes
                0x000000a0       0x10 /opt/microchip/xc32/v2.05/bin/bin/../../lib/gcc/pic32mx/4.8.3/../../../../pic32mx/lib/libmchp_peripheral_32MX340F512H.a(int_restore_interrupts_lib.o)
 .gnu.attributes
                0x000000b0       0x10 /opt/microchip/xc32/v2.05/bin/bin/../../lib/gcc/pic32mx/4.8.3/../../../../pic32mx/lib/libmchp_peripheral_32MX340F512H.a(spi_chn_open_lib.o)
 .gnu.attributes
                0x000000c0       0x10 /opt/microchip/xc32/v2.05/bin/bin/../../lib/gcc/pic32mx/4.8.3/../../../../pic32mx/lib/libmchp_peripheral_32MX340F512H.a(spi_io_tbl_libp.o)
 .gnu.attributes
                0x000000d0       0x10 /opt/microchip/xc32/v2.05/bin/bin/../../lib/gcc/pic32mx/4.8.3/../../../../pic32mx/lib/libmchp_peripheral_32MX340F512H.a(spi_map_tbl_libp.o)
 .gnu.attributes
                0x000000e0       0x10 /opt/microchip/xc32/v2.05/bin/bin/../../lib/gcc/pic32mx/4.8.3/../../../../pic32mx/lib/libmchp_peripheral_32MX340F512H.a(port_set_pins_digital_in_lib.o)
 .gnu.attributes
                0x000000f0       0x10 /opt/microchip/xc32/v2.05/bin/bin/../../lib/gcc/pic32mx/4.8.3/../../../../pic32mx/lib/libmchp_peripheral_32MX340F512H.a(port_set_pins_digital_out_lib.o)
 .gnu.attributes
                0x00000100       0x10 /opt/microchip/xc32/v2.05/bin/bin/../../lib/gcc/pic32mx/4.8.3/../../../../pic32mx/lib/libmchp_peripheral_32MX340F512H.a(port_clear_bits_lib.o)
 .gnu.attributes
                0x00000110       0x10 /opt/microchip/xc32/v2.05/bin/bin/../../lib/gcc/pic32mx/4.8.3/../../../../pic32mx/lib/libmchp_peripheral_32MX340F512H.a(port_set_bits_lib.o)
 .gnu.attributes
                0x00000120       0x10 /opt/microchip/xc32/v2.05/bin/bin/../../lib/gcc/pic32mx/4.8.3/../../../../pic32mx/lib/libmchp_peripheral_32MX340F512H.a(_ports_tbl_libp.o)
 .gnu.attributes
                0x00000130       0x10 /opt/microchip/xc32/v2.05/bin/bin/../../lib/gcc/pic32mx/4.8.3/../../../../pic32mx/lib/libmchp_peripheral_32MX340F512H.a(int_tbl_lib.o)
 .gnu.attributes
                0x00000140       0x10 /opt/microchip/xc32/v2.05/bin/bin/../../lib/gcc/pic32mx/4.8.3/../../../../pic32mx/lib/libpic32.a(default-bootstrap-exception-handler.o)
 .gnu.attributes
                0x00000150       0x10 /opt/microchip/xc32/v2.05/bin/bin/../../lib/gcc/pic32mx/4.8.3/../../../../pic32mx/lib/libpic32.a(default-on-reset.o)
 .gnu.attributes
                0x00000160       0x10 /opt/microchip/xc32/v2.05/bin/bin/../../lib/gcc/pic32mx/4.8.3/../../../../pic32mx/lib/libpic32.a(default-on-bootstrap.o)
 .gnu.attributes
                0x00000170       0x10 /opt/microchip/xc32/v2.05/bin/bin/../../lib/gcc/pic32mx/4.8.3/../../../../pic32mx/lib/libpic32.a(xc32_uart.o)
 .gnu.attributes
                0x00000180       0x10 /opt/microchip/xc32/v2.05/bin/bin/../../lib/gcc/pic32mx/4.8.3/../../../../pic32mx/lib/libpic32.a(default-general-exception-handler.o)
 .gnu.attributes
                0x00000190       0x10 /opt/microchip/xc32/v2.05/bin/bin/../../lib/gcc/pic32mx/4.8.3/../../../../pic32mx/lib/libpic32.a(defaultinterrupt.o)
 .gnu.attributes
                0x000001a0       0x10 /opt/microchip/xc32/v2.05/bin/bin/../../lib/gcc/pic32mx/4.8.3/../../../../pic32mx/lib/liblega-c.a(rand.o)
 .gnu.attributes
                0x000001b0       0x10 /opt/microchip/xc32/v2.05/bin/bin/../../lib/gcc/pic32mx/4.8.3/../../../../pic32mx/lib/liblega-c.a(printf_cdnopuxX.eo)
 .gnu.attributes
                0x000001c0       0x10 /opt/microchip/xc32/v2.05/bin/bin/../../lib/gcc/pic32mx/4.8.3/../../../../pic32mx/lib/liblega-c.a(stubs.o)
 .gnu.attributes
                0x000001d0       0x10 /opt/microchip/xc32/v2.05/bin/bin/../../lib/gcc/pic32mx/4.8.3/../../../../pic32mx/lib/liblega-c.a(_doprnt_cdnopuxX.eo)
 .gnu.attributes
                0x000001e0       0x10 /opt/microchip/xc32/v2.05/bin/bin/../../lib/gcc/pic32mx/4.8.3/../../../../pic32mx/lib/liblega-c.a(_iobdata.o)
 .gnu.attributes
                0x000001f0       0x10 /opt/microchip/xc32/v2.05/bin/bin/../../lib/gcc/pic32mx/4.8.3/../../../../pic32mx/lib/liblega-c.a(_iobfuncs.o)
 .gnu.attributes
                0x00000200       0x10 /opt/microchip/xc32/v2.05/bin/bin/../../lib/gcc/pic32mx/4.8.3/../../../../pic32mx/lib/liblega-c.a(fputc.o)
 .gnu.attributes
                0x00000210       0x10 /opt/microchip/xc32/v2.05/bin/bin/../../lib/gcc/pic32mx/4.8.3/../../../../pic32mx/lib/liblega-c.a(strlen.o)
 .gnu.attributes
                0x00000220       0x10 /opt/microchip/xc32/v2.05/bin/bin/../../lib/gcc/pic32mx/4.8.3/../../../../pic32mx/lib/liblega-c.a(errno.o)
 .gnu.attributes
                0x00000230       0x10 /opt/microchip/xc32/v2.05/bin/bin/../../lib/gcc/pic32mx/4.8.3/../../../../pic32mx/lib/libm.a(w_powf.o)
 .gnu.attributes
                0x00000240       0x10 /opt/microchip/xc32/v2.05/bin/bin/../../lib/gcc/pic32mx/4.8.3/../../../../pic32mx/lib/libm.a(w_sqrtf.o)
 .gnu.attributes
                0x00000250       0x10 /opt/microchip/xc32/v2.05/bin/bin/../../lib/gcc/pic32mx/4.8.3/../../../../pic32mx/lib/libm.a(s_lib_ver.o)
 .gnu.attributes
                0x00000260       0x10 /opt/microchip/xc32/v2.05/bin/bin/../../lib/gcc/pic32mx/4.8.3/libgcc.a(_udivdi3.o)
 .gnu.attributes
                0x00000270       0x10 /opt/microchip/xc32/v2.05/bin/bin/../../lib/gcc/pic32mx/4.8.3/libgcc.a(_umoddi3.o)
 .gnu.attributes
                0x00000280       0x10 /opt/microchip/xc32/v2.05/bin/bin/../../lib/gcc/pic32mx/4.8.3/../../../../pic32mx/lib/libpic32.a(_mon_getc.o)
 .gnu.attributes
                0x00000290       0x10 /opt/microchip/xc32/v2.05/bin/bin/../../lib/gcc/pic32mx/4.8.3/../../../../pic32mx/lib/libpic32.a(_mon_write.o)
 .gnu.attributes
                0x000002a0       0x10 /opt/microchip/xc32/v2.05/bin/bin/../../lib/gcc/pic32mx/4.8.3/../../../../pic32mx/lib/libpic32.a(isinf.o)
 .gnu.attributes
                0x000002b0       0x10 /opt/microchip/xc32/v2.05/bin/bin/../../lib/gcc/pic32mx/4.8.3/../../../../pic32mx/lib/libpic32.a(_mon_putc.o)
 .gnu.attributes
                0x000002c0       0x10 /opt/microchip/xc32/v2.05/bin/bin/../../lib/gcc/pic32mx/4.8.3/../../../../pic32mx/lib/libe.a(_unorddf2.o)
LOAD /opt/microchip/xc32/v2.05/bin/bin/../../lib/gcc/pic32mx/4.8.3/libgcc.a
START GROUP
LOAD /opt/microchip/xc32/v2.05/bin/bin/../../lib/gcc/pic32mx/4.8.3/../../../../pic32mx/lib/libpic32.a
LOAD /opt/microchip/xc32/v2.05/bin/bin/../../lib/gcc/pic32mx/4.8.3/../../../../pic32mx/lib/libdebug.a
LOAD /opt/microchip/xc32/v2.05/bin/bin/../../lib/gcc/pic32mx/4.8.3/../../../../pic32mx/lib/libpic32.a
LOAD /opt/microchip/xc32/v2.05/bin/bin/../../lib/gcc/pic32mx/4.8.3/../../../../pic32mx/lib/liblega-c.a
LOAD /opt/microchip/xc32/v2.05/bin/bin/../../lib/gcc/pic32mx/4.8.3/../../../../pic32mx/lib/libm.a
LOAD /opt/microchip/xc32/v2.05/bin/bin/../../lib/gcc/pic32mx/4.8.3/../../../../pic32mx/lib/libe.a
LOAD /opt/microchip/xc32/v2.05/bin/bin/../../lib/gcc/pic32mx/4.8.3/../../../../pic32mx/lib/libdsp.a
LOAD /opt/microchip/xc32/v2.05/bin/bin/../../lib/gcc/pic32mx/4.8.3/libgcc.a
LOAD /opt/microchip/xc32/v2.05/bin/bin/../../lib/gcc/pic32mx/4.8.3/../../../../pic32mx/lib/libpic32.a
END GROUP
LOAD /opt/microchip/xc32/v2.05/bin/bin/../../lib/gcc/pic32mx/4.8.3/libgcc.a
OUTPUT(dist/default/production/demuno.X.production.elf elf32-tradlittlemips)
LOAD stack
LOAD data_init

.reginfo        0x00000000       0x18
 .reginfo       0x00000000       0x18 /opt/microchip/xc32/v2.05/bin/bin/../../lib/gcc/pic32mx/4.8.3/../../../../pic32mx/lib/./proc/32MX340F512H/crt0_mips32r2.o

.stack          0xa0000498      0x400
 .stack         0xa0000498      0x400 stack

.data           0xa000020c      0x160
 .data          0xa000020c       0xd4 /opt/microchip/xc32/v2.05/bin/bin/../../lib/gcc/pic32mx/4.8.3/../../../../pic32mx/lib/liblega-c.a(_iobdata.o)
 .data          0xa00002e0       0x8c /opt/microchip/xc32/v2.05/bin/bin/../../lib/gcc/pic32mx/4.8.3/../../../../pic32mx/lib/libm.a(fpexlog.o)

.bss            0xa000036c       0x88
 .bss           0xa000036c       0x88 /opt/microchip/xc32/v2.05/bin/bin/../../lib/gcc/pic32mx/4.8.3/../../../../pic32mx/lib/liblega-c.a(_iobdata.o)

.data           0xa00003f4       0x54
 .data          0xa00003f4       0x30 /opt/microchip/xc32/v2.05/bin/bin/../../lib/gcc/pic32mx/4.8.3/../../../../pic32mx/lib/liblega-c.a(rand.o)
 .data          0xa0000424       0x24 /opt/microchip/xc32/v2.05/bin/bin/../../lib/gcc/pic32mx/4.8.3/../../../../pic32mx/lib/libm.a(sincof32.o)
                0xa0000424                _sincof
                0xa0000434                _coscof

.data           0xa0000448       0x1c
 .data          0xa0000448       0x1c /opt/microchip/xc32/v2.05/bin/bin/../../lib/gcc/pic32mx/4.8.3/../../../../pic32mx/lib/libm.a(fpexp32.o)

.bss            0xa0000464        0x4
 .bss           0xa0000464        0x4 /opt/microchip/xc32/v2.05/bin/bin/../../lib/gcc/pic32mx/4.8.3/../../../../pic32mx/lib/liblega-c.a(stubs.o)
                0xa0000464                __isthreaded

.data.math_errhandling_flag
                0xa0000468        0x4
 .data.math_errhandling_flag
                0xa0000468        0x4 /opt/microchip/xc32/v2.05/bin/bin/../../lib/gcc/pic32mx/4.8.3/../../../../pic32mx/lib/libm.a(s_lib_ver.o)
                0xa0000468                math_errhandling

.bss%z1         0x00000000        0x0
 .bss           0x00000000        0x0 /opt/microchip/xc32/v2.05/bin/bin/../../lib/gcc/pic32mx/4.8.3/../../../../pic32mx/lib/libe.a(_unorddf2.o)

.data%z2        0x00000000        0x0
 .data          0x00000000        0x0 /opt/microchip/xc32/v2.05/bin/bin/../../lib/gcc/pic32mx/4.8.3/../../../../pic32mx/lib/libe.a(_unorddf2.o)
